BL51 BANKED LINKER/LOCATER V6.22                                                        12/16/2017  10:54:40  PAGE 1


BL51 BANKED LINKER/LOCATER V6.22, INVOKED BY:
C:\KEIL_V5\C51\BIN\BL51.EXE .\Out\Objects\main.obj, .\Out\Objects\app_repeat_exe.obj, .\Out\Objects\app_2d4.obj, .\Out\O
>> bjects\app_crc.obj, .\Out\Objects\app_eeprom.obj, .\Out\Objects\app_key.obj, .\Out\Objects\app_work.obj, .\Out\Object
>> s\bsp.obj, .\Out\Objects\bsp_timer0.obj, .\Out\Objects\bsp_2d4.obj, .\Out\Objects\bsp_eeprom.obj, .\Out\Objects\bsp_k
>> ey.obj, .\Out\Objects\bsp_led.obj, .\Out\Objects\Common.obj, .\Out\Objects\Delay.obj, .\Out\Objects\Version.obj, .\Ou
>> t\Objects\STARTUP.obj TO .\Out\Objects\project PRINT (.\Out\Listings\project.m51) RAMSIZE (256) DISABLEWARNING (16)


MEMORY MODEL: LARGE


INPUT MODULES INCLUDED:
  .\Out\Objects\main.obj (MAIN)
  .\Out\Objects\app_repeat_exe.obj (APP_REPEAT_EXE)
  .\Out\Objects\app_2d4.obj (APP_2D4)
  .\Out\Objects\app_crc.obj (APP_CRC)
  .\Out\Objects\app_eeprom.obj (APP_EEPROM)
  .\Out\Objects\app_key.obj (APP_KEY)
  .\Out\Objects\app_work.obj (APP_WORK)
  .\Out\Objects\bsp.obj (BSP)
  .\Out\Objects\bsp_timer0.obj (BSP_TIMER0)
  .\Out\Objects\bsp_2d4.obj (BSP_2D4)
  .\Out\Objects\bsp_eeprom.obj (BSP_EEPROM)
  .\Out\Objects\bsp_key.obj (BSP_KEY)
  .\Out\Objects\bsp_led.obj (BSP_LED)
  .\Out\Objects\Common.obj (COMMON)
  .\Out\Objects\Delay.obj (DELAY)
  .\Out\Objects\Version.obj (VERSION)
  .\Out\Objects\STARTUP.obj (?C_STARTUP)
  C:\KEIL_V5\C51\LIB\C51L.LIB (?C_INIT)
  C:\KEIL_V5\C51\LIB\C51L.LIB (?C?COPY)
  C:\KEIL_V5\C51\LIB\C51L.LIB (?C?CLDPTR)
  C:\KEIL_V5\C51\LIB\C51L.LIB (?C?CLDIPTR)
  C:\KEIL_V5\C51\LIB\C51L.LIB (?C?CLDOPTR)
  C:\KEIL_V5\C51\LIB\C51L.LIB (?C?CILDOPTR)
  C:\KEIL_V5\C51\LIB\C51L.LIB (?C?CSTOPTR)
  C:\KEIL_V5\C51\LIB\C51L.LIB (?C?IILDX)
  C:\KEIL_V5\C51\LIB\C51L.LIB (?C?ILDIX)
  C:\KEIL_V5\C51\LIB\C51L.LIB (?C?ILDOPTR)
  C:\KEIL_V5\C51\LIB\C51L.LIB (?C?IILDOPTR)
  C:\KEIL_V5\C51\LIB\C51L.LIB (?C?ISTOPTR)
  C:\KEIL_V5\C51\LIB\C51L.LIB (?C?ULDIV)
  C:\KEIL_V5\C51\LIB\C51L.LIB (?C?ULCMP)
  C:\KEIL_V5\C51\LIB\C51L.LIB (?C?ULSHR)
  C:\KEIL_V5\C51\LIB\C51L.LIB (?C?LSTXDATA)
  C:\KEIL_V5\C51\LIB\C51L.LIB (?C?PLDPTR)
  C:\KEIL_V5\C51\LIB\C51L.LIB (?C?ICALL)
  C:\KEIL_V5\C51\LIB\C51L.LIB (PRINTF)
  C:\KEIL_V5\C51\LIB\C51L.LIB (?C?MEMSET)
  C:\KEIL_V5\C51\LIB\C51L.LIB (?C?CSTPTR)
  C:\KEIL_V5\C51\LIB\C51L.LIB (?C?PLDIDATA)
  C:\KEIL_V5\C51\LIB\C51L.LIB (?C?PLDXDATA)
  C:\KEIL_V5\C51\LIB\C51L.LIB (?C?PLDIXDATA)
  C:\KEIL_V5\C51\LIB\C51L.LIB (?C?PSTXDATA)
  C:\KEIL_V5\C51\LIB\C51L.LIB (?C?PLDPDATA)
  C:\KEIL_V5\C51\LIB\C51L.LIB (?C?PLDCODE)
  C:\KEIL_V5\C51\LIB\C51L.LIB (?C?CCASE)
  C:\KEIL_V5\C51\LIB\C51L.LIB (PUTCHAR)
BL51 BANKED LINKER/LOCATER V6.22                                                      12/16/2017  10:54:40  PAGE 2




LINK MAP OF MODULE:  .\Out\Objects\project (MAIN)


            TYPE    BASE      LENGTH    RELOCATION   SEGMENT NAME
            -----------------------------------------------------

            * * * * * * *   D A T A   M E M O R Y   * * * * * * *
            REG     0000H     0008H     ABSOLUTE     "REG BANK 0"
            DATA    0008H     0005H     UNIT         ?DT?PRINTF?PRINTF
            IDATA   000DH     000AH     UNIT         _IDATA_GROUP_
            IDATA   0017H     0001H     UNIT         ?ID?APP_WORK
                    0018H     0008H                  *** GAP ***
            BIT     0020H.0   0001H.1   UNIT         ?BI?PRINTF?PRINTF
            BIT     0021H.1   0000H.1   UNIT         ?BI?BSP
                    0021H.2   0000H.6                *** GAP ***
            IDATA   0022H     0021H     UNIT         ?ID?APP_2D4
            IDATA   0043H     0001H     UNIT         ?STACK

            * * * * * * *  X D A T A   M E M O R Y  * * * * * * *
            XDATA   0000H     0123H     UNIT         ?XD?BSP_KEY
            XDATA   0123H     0028H     UNIT         ?XD?PRINTF?PRINTF
            XDATA   014BH     001CH     UNIT         _XDATA_GROUP_
            XDATA   0167H     0013H     UNIT         ?XD?_RF_CARRIER?BSP_2D4
            XDATA   017AH     0012H     UNIT         ?XD?APP_REPEAT_EXE
            XDATA   018CH     000DH     UNIT         ?XD?BSP_TIMER0
            XDATA   0199H     000AH     UNIT         ?XD?BSP_2D4
            XDATA   01A3H     0008H     UNIT         ?XD?APP_2D4
            XDATA   01ABH     0006H     UNIT         ?XD?_APP_CALCCRC8_CYCLE?APP_CRC
            XDATA   01B1H     0006H     UNIT         ?XD?_WRITE_DATAFLASH_BUF?BSP_EEPROM
            XDATA   01B7H     0004H     UNIT         ?XD?_INITIALUART0_TIMER3?COMMON
            XDATA   01BBH     0004H     UNIT         ?XD?_INITIALUART1_TIMER3?COMMON
            XDATA   01BFH     0004H     UNIT         ?XD?_TIMER0_DELAY100US?DELAY
            XDATA   01C3H     0004H     UNIT         ?XD?_TIMER0_DELAY1MS?DELAY
            XDATA   01C7H     0004H     UNIT         ?XD?_TIMER1_DELAY10MS?DELAY
            XDATA   01CBH     0004H     UNIT         ?XD?_TIMER2_DELAY500US?DELAY
            XDATA   01CFH     0004H     UNIT         ?XD?_TIMER3_DELAY100MS?DELAY
            XDATA   01D3H     0004H     UNIT         ?XD?_TIMER3_DELAY10US?DELAY
            XDATA   01D7H     0003H     UNIT         ?XD?MAIN
            XDATA   01DAH     0003H     UNIT         ?XD?_APP_CALCCRC8?APP_CRC
            XDATA   01DDH     0002H     UNIT         ?XD?APP_CRC
            XDATA   01DFH     0001H     UNIT         ?XD?APP_KEY
            XDATA   01E0H     0001H     UNIT         ?XD?BSP_EEPROM

            * * * * * * *   C O D E   M E M O R Y   * * * * * * *
            CODE    0000H     0003H     ABSOLUTE     
            CODE    0003H     0008H     UNIT         ?PR?_READ_APROM_BYTE?BSP_EEPROM
            CODE    000BH     0003H     ABSOLUTE     
            CODE    000EH     0462H     UNIT         ?C?LIB_CODE
            CODE    0470H     0365H     UNIT         ?PR?PRINTF?PRINTF
            CODE    07D5H     035DH     UNIT         ?PR?BSP_INITKEYVAR?BSP_KEY
            CODE    0B32H     02B2H     UNIT         ?PR?_APP_KEY_PRO?APP_KEY
            CODE    0DE4H     0187H     UNIT         ?PR?_APP_2D4_RCV?APP_2D4
            CODE    0F6BH     015AH     UNIT         ?PR?_BSP_DETECTKEY?BSP_KEY
            CODE    10C5H     012EH     UNIT         ?PR?RF_INIT?BSP_2D4
            CODE    11F3H     0112H     UNIT         ?CO?VERSION
BL51 BANKED LINKER/LOCATER V6.22                                                      12/16/2017  10:54:40  PAGE 3


            CODE    1305H     00E3H     UNIT         ?PR?_RF_CARRIER?BSP_2D4
            CODE    13E8H     00D0H     UNIT         ?PR?_ISKEYDOWN?BSP_KEY
            CODE    14B8H     00B5H     UNIT         ?PR?REPEAT_PRO?APP_REPEAT_EXE
            CODE    156DH     00B1H     UNIT         ?PR?MAIN?MAIN
            CODE    161EH     00ABH     UNIT         ?PR?_WRITE_DATAFLASH_BUF?BSP_EEPROM
            CODE    16C9H     00AAH     UNIT         ?PR?_APP_SEND_KEY?APP_KEY
            CODE    1773H     009AH     UNIT         ?C_C51STARTUP
            CODE    180DH     008CH     UNIT         ?PR?TIMER0_ISR?BSP_TIMER0
            CODE    1899H     0089H     UNIT         ?PR?_APP_CALCCRC8_CYCLE?APP_CRC
            CODE    1922H     0075H     UNIT         ?PR?_INITIALUART0_TIMER3?COMMON
            CODE    1997H     0073H     UNIT         ?PR?INTO_POWERDOWN?MAIN
            CODE    1A0AH     006EH     UNIT         ?PR?_INITIALUART1_TIMER3?COMMON
            CODE    1A78H     006DH     UNIT         ?PR?_WRITE_DATAFLASH_BYTE?BSP_EEPROM
            CODE    1AE5H     0064H     UNIT         ?PR?_APP_CALCCRC8?APP_CRC
            CODE    1B49H     0061H     UNIT         ?PR?_APP_2D4_SEND?APP_2D4
            CODE    1BAAH     005FH     UNIT         ?PR?SHOW_FW_VERSION_NUMBER_TO_PC?VERSION
            CODE    1C09H     005CH     UNIT         ?PR?_TIMER2_DELAY500US?DELAY
            CODE    1C65H     005BH     UNIT         ?PR?_TIMER3_DELAY100MS?DELAY
            CODE    1CC0H     005BH     UNIT         ?PR?_TIMER3_DELAY10US?DELAY
            CODE    1D1BH     0059H     UNIT         ?PR?_TIMER0_DELAY100US?DELAY
            CODE    1D74H     0059H     UNIT         ?PR?_TIMER0_DELAY1MS?DELAY
            CODE    1DCDH     0059H     UNIT         ?PR?_TIMER1_DELAY10MS?DELAY
            CODE    1E26H     0058H     UNIT         ?C_INITSEG
            CODE    1E7EH     0056H     UNIT         ?PR?_APP_EEPROM_WRITE_BUF?APP_EEPROM
            CODE    1ED4H     004BH     UNIT         ?PR?APP_2D4_PRO?APP_2D4
            CODE    1F1FH     0045H     UNIT         ?PR?_ERASE_DATAFLASH?BSP_EEPROM
            CODE    1F64H     0043H     UNIT         ?PR?_APP_GET_SAVED_ADDRESS?APP_2D4
            CODE    1FA7H     0043H     UNIT         ?PR?_RF_WRITEBUF?BSP_2D4
            CODE    1FEAH     0043H     UNIT         ?PR?_RF_TXDATA?BSP_2D4
            CODE    202DH     003FH     UNIT         ?PR?_RF_READBUF?BSP_2D4
            CODE    206CH     003DH     UNIT         ?PR?BSP_INITKEYHARD?BSP_KEY
            CODE    20A9H     003BH     UNIT         ?PR?_INITIALUART0_TIMER1?COMMON
            CODE    20E4H     0038H     UNIT         ?PR?APP_2D4_SWITCH_PUBLIC_ADDRESS?APP_2D4
            CODE    211CH     0037H     UNIT         ?PR?_BSP_SETKEYPARAM?BSP_KEY
            CODE    2153H     0032H     UNIT         ?PR?_REPEAT_START?APP_REPEAT_EXE
            CODE    2185H     002AH     UNIT         ?PR?BSP_GETKEY?BSP_KEY
            CODE    21AFH     0029H     UNIT         ?PR?_UCRF_DUMPRXDATA?BSP_2D4
            CODE    21D8H     0028H     UNIT         ?PR?BSP_GETKEY2?BSP_KEY
            CODE    2200H     0027H     UNIT         ?PR?PUTCHAR?PUTCHAR
            CODE    2227H     0026H     UNIT         ?PR?RF_RXMODE?BSP_2D4
            CODE    224DH     0025H     UNIT         ?PR?APP_2D4_INIT?APP_2D4
            CODE    2272H     0024H     UNIT         ?CO?BSP_2D4
            CODE    2296H     0023H     UNIT         ?PR?_SPI_WR?BSP_2D4
            CODE    22B9H     0022H     UNIT         ?PR?BSP_INIT?BSP
            CODE    22DBH     0020H     UNIT         ?PR?TIMER0_INITHARD?BSP_TIMER0
            CODE    22FBH     001DH     UNIT         ?PR?_SPI_WW?BSP_2D4
            CODE    2318H     001DH     UNIT         ?PR?_BSP_PUTKEY?BSP_KEY
            CODE    2335H     001BH     UNIT         ?PR?BSP_KEYSCAN?BSP_KEY
            CODE    2350H     001AH     UNIT         ?PR?ISKEYDOWN21_AND_24?BSP_KEY
            CODE    236AH     001AH     UNIT         ?PR?SW_RESET?COMMON
            CODE    2384H     0019H     UNIT         ?PR?UCSPI_READ?BSP_2D4
            CODE    239DH     0014H     UNIT         ?PR?REPEAT_STOP?APP_REPEAT_EXE
            CODE    23B1H     0013H     UNIT         ?PR?WIRELESS2D4_INITHARD?BSP_2D4
            CODE    23C4H     0013H     UNIT         ?PR?_RF_WRITEREG?BSP_2D4
            CODE    23D7H     0013H     UNIT         ?PR?_UCRF_READREG?BSP_2D4
            CODE    23EAH     0012H     UNIT         ?PR?_BSP_GETKEYSTATE?BSP_KEY
            CODE    23FCH     0010H     UNIT         ?PR?REPEAT_START_EXE?APP_REPEAT_EXE
BL51 BANKED LINKER/LOCATER V6.22                                                      12/16/2017  10:54:40  PAGE 4


            CODE    240CH     0010H     UNIT         ?PR?REPEAT_STOP_EXE?APP_REPEAT_EXE
            CODE    241CH     000FH     UNIT         ?PR?TIMER0_PARAMINIT?BSP_TIMER0
            CODE    242BH     000EH     UNIT         ?PR?RF_TXMODE?BSP_2D4
            CODE    2439H     000EH     UNIT         ?PR?_RF_SETCHANNEL?BSP_2D4
            CODE    2447H     000CH     UNIT         ?PR?_REPEAT_SETSTART?APP_REPEAT_EXE
            CODE    2453H     000CH     UNIT         ?PR?_REPEAT_SETSTOP?APP_REPEAT_EXE
            CODE    245FH     000CH     UNIT         ?PR?APP_2D4_SWITCH_SAVED_ADDRESS?APP_2D4
            CODE    246BH     000CH     UNIT         ?PR?RF_CLEARFIFO?BSP_2D4
            CODE    2477H     000BH     UNIT         ?PR?_APP_EEPROM_ERASE?APP_EEPROM
            CODE    2482H     000BH     UNIT         ?PR?_APP_EEPROM_WRITE_BYTE?APP_EEPROM
            CODE    248DH     000AH     UNIT         ?CO?APP_2D4
            CODE    2497H     000AH     UNIT         ?PR?UCRF_GETSTATUS?BSP_2D4
            CODE    24A1H     000AH     UNIT         ?PR?_BSP_LED_SET?BSP_LED
            CODE    24ABH     0009H     UNIT         ?PR?PD_INIT?MAIN
            CODE    24B4H     0009H     UNIT         ?PR?BSP_CLEARKEY?BSP_KEY
            CODE    24BDH     0009H     UNIT         ?PR?BSP_LED_INIT?BSP_LED
            CODE    24C6H     0008H     UNIT         ?PR?ISKEYDOWN2?BSP_KEY
            CODE    24CEH     0008H     UNIT         ?PR?ISKEYDOWN3?BSP_KEY
            CODE    24D6H     0008H     UNIT         ?PR?ISKEYDOWN4?BSP_KEY
            CODE    24DEH     0008H     UNIT         ?PR?ISKEYDOWN5?BSP_KEY
            CODE    24E6H     0008H     UNIT         ?PR?ISKEYDOWN6?BSP_KEY
            CODE    24EEH     0008H     UNIT         ?PR?ISKEYDOWN7?BSP_KEY
            CODE    24F6H     0008H     UNIT         ?PR?ISKEYDOWN8?BSP_KEY
            CODE    24FEH     0008H     UNIT         ?PR?ISKEYDOWN9?BSP_KEY
            CODE    2506H     0008H     UNIT         ?PR?ISKEYDOWN10?BSP_KEY
            CODE    250EH     0008H     UNIT         ?PR?ISKEYDOWN11?BSP_KEY
            CODE    2516H     0008H     UNIT         ?PR?ISKEYDOWN12?BSP_KEY
            CODE    251EH     0008H     UNIT         ?PR?ISKEYDOWN13?BSP_KEY
            CODE    2526H     0008H     UNIT         ?PR?ISKEYDOWN14?BSP_KEY
            CODE    252EH     0008H     UNIT         ?PR?ISKEYDOWN15?BSP_KEY
            CODE    2536H     0008H     UNIT         ?PR?ISKEYDOWN16?BSP_KEY
            CODE    253EH     0008H     UNIT         ?PR?ISKEYDOWN17?BSP_KEY
            CODE    2546H     0008H     UNIT         ?PR?ISKEYDOWN18?BSP_KEY
            CODE    254EH     0008H     UNIT         ?PR?ISKEYDOWN19?BSP_KEY
            CODE    2556H     0008H     UNIT         ?PR?ISKEYDOWN20?BSP_KEY
            CODE    255EH     0008H     UNIT         ?PR?ISKEYDOWN21?BSP_KEY
            CODE    2566H     0008H     UNIT         ?PR?ISKEYDOWN22?BSP_KEY
            CODE    256EH     0008H     UNIT         ?PR?ISKEYDOWN23?BSP_KEY
            CODE    2576H     0008H     UNIT         ?PR?ISKEYDOWN24?BSP_KEY
            CODE    257EH     0008H     UNIT         ?PR?RECEIVE_DATA_FROM_UART0?COMMON
            CODE    2586H     0008H     UNIT         ?PR?_SEND_DATA_TO_UART0?COMMON
            CODE    258EH     0008H     UNIT         ?PR?RECEIVE_DATA_FROM_UART1?COMMON
            CODE    2596H     0008H     UNIT         ?PR?_SEND_DATA_TO_UART1?COMMON
            CODE    259EH     0007H     UNIT         ?PR?RF_CLEARSTATUS?BSP_2D4
            CODE    25A5H     0007H     UNIT         ?PR?ISKEYDOWN1?BSP_KEY
            CODE    25ACH     0006H     UNIT         ?PR?UCRF_GETRSSI?BSP_2D4
            CODE    25B2H     0006H     UNIT         ?PR?BSP_INITKEY?BSP_KEY
            CODE    25B8H     0004H     UNIT         ?PR?_APP_EEPROM_READ_BYTE?APP_EEPROM
            CODE    25BCH     0003H     UNIT         ?PR?BSP_LED_ON?BSP_LED
            CODE    25BFH     0003H     UNIT         ?PR?BSP_LED_OFF?BSP_LED
            CODE    25C2H     0001H     UNIT         ?PR?APP_EEPROM_INIT?APP_EEPROM
            CODE    25C3H     0001H     UNIT         ?PR?APP_EEPROM_100MS_PRO?APP_EEPROM
            CODE    25C4H     0001H     UNIT         ?PR?APP_EEPROM_PRO?APP_EEPROM
            CODE    25C5H     0001H     UNIT         ?PR?APP_WORK_INIT?APP_WORK
            CODE    25C6H     0001H     UNIT         ?PR?APP_WORK_1S_PRO?APP_WORK
            CODE    25C7H     0001H     UNIT         ?PR?APP_WORK_100MS_PRO?APP_WORK
            CODE    25C8H     0001H     UNIT         ?PR?APP_WORK_PRO?APP_WORK
BL51 BANKED LINKER/LOCATER V6.22                                                      12/16/2017  10:54:40  PAGE 5


            CODE    25C9H     0001H     UNIT         ?PR?SPI_INIT?BSP_2D4
            CODE    25CAH     0001H     UNIT         ?PR?EEPROM_INITHARD?BSP_EEPROM



OVERLAY MAP OF MODULE:   .\Out\Objects\project (MAIN)


SEGMENT                                            IDATA_GROUP         XDATA_GROUP
  +--> CALLED SEGMENT                            START    LENGTH     START    LENGTH
------------------------------------------------------------------------------------
?C_C51STARTUP                                    -----    -----      -----    -----
  +--> ?PR?MAIN?MAIN
  +--> ?C_INITSEG

?PR?MAIN?MAIN                                    -----    -----      014BH    0002H
  +--> ?PR?PD_INIT?MAIN
  +--> ?PR?BSP_INIT?BSP
  +--> ?PR?APP_EEPROM_INIT?APP_EEPROM
  +--> ?PR?APP_2D4_PRO?APP_2D4
  +--> ?PR?BSP_KEYSCAN?BSP_KEY
  +--> ?PR?REPEAT_PRO?APP_REPEAT_EXE
  +--> ?PR?APP_WORK_1S_PRO?APP_WORK
  +--> ?PR?REPEAT_STOP?APP_REPEAT_EXE
  +--> ?PR?INTO_POWERDOWN?MAIN
  +--> ?PR?BSP_GETKEY?BSP_KEY
  +--> ?PR?APP_2D4_SWITCH_SAVED_ADDRESS?APP_2D4
  +--> ?PR?_APP_KEY_PRO?APP_KEY

?PR?BSP_INIT?BSP                                 -----    -----      -----    -----
  +--> ?PR?WIRELESS2D4_INITHARD?BSP_2D4
  +--> ?PR?BSP_LED_INIT?BSP_LED
  +--> ?PR?BSP_INITKEY?BSP_KEY
  +--> ?PR?TIMER0_INITHARD?BSP_TIMER0

?PR?BSP_LED_INIT?BSP_LED                         -----    -----      -----    -----
  +--> ?PR?BSP_LED_OFF?BSP_LED

?PR?BSP_INITKEY?BSP_KEY                          -----    -----      -----    -----
  +--> ?PR?BSP_INITKEYVAR?BSP_KEY
  +--> ?PR?BSP_INITKEYHARD?BSP_KEY

?PR?BSP_INITKEYVAR?BSP_KEY                       -----    -----      -----    -----
  +--> ?PR?ISKEYDOWN1?BSP_KEY
  +--> ?PR?ISKEYDOWN2?BSP_KEY
  +--> ?PR?ISKEYDOWN3?BSP_KEY
  +--> ?PR?ISKEYDOWN4?BSP_KEY
  +--> ?PR?ISKEYDOWN5?BSP_KEY
  +--> ?PR?ISKEYDOWN6?BSP_KEY
  +--> ?PR?ISKEYDOWN7?BSP_KEY
  +--> ?PR?ISKEYDOWN8?BSP_KEY
  +--> ?PR?ISKEYDOWN9?BSP_KEY
  +--> ?PR?ISKEYDOWN10?BSP_KEY
  +--> ?PR?ISKEYDOWN11?BSP_KEY
  +--> ?PR?ISKEYDOWN12?BSP_KEY
  +--> ?PR?ISKEYDOWN13?BSP_KEY
  +--> ?PR?ISKEYDOWN14?BSP_KEY
BL51 BANKED LINKER/LOCATER V6.22                                                      12/16/2017  10:54:40  PAGE 6


  +--> ?PR?ISKEYDOWN15?BSP_KEY
  +--> ?PR?ISKEYDOWN16?BSP_KEY
  +--> ?PR?ISKEYDOWN17?BSP_KEY
  +--> ?PR?ISKEYDOWN18?BSP_KEY
  +--> ?PR?ISKEYDOWN19?BSP_KEY
  +--> ?PR?ISKEYDOWN20?BSP_KEY
  +--> ?PR?ISKEYDOWN21?BSP_KEY
  +--> ?PR?ISKEYDOWN22?BSP_KEY
  +--> ?PR?ISKEYDOWN23?BSP_KEY
  +--> ?PR?ISKEYDOWN24?BSP_KEY
  +--> ?PR?ISKEYDOWN21_AND_24?BSP_KEY

?PR?ISKEYDOWN1?BSP_KEY                           -----    -----      -----    -----
  +--> ?PR?_ISKEYDOWN?BSP_KEY

?PR?ISKEYDOWN2?BSP_KEY                           -----    -----      -----    -----
  +--> ?PR?_ISKEYDOWN?BSP_KEY

?PR?ISKEYDOWN3?BSP_KEY                           -----    -----      -----    -----
  +--> ?PR?_ISKEYDOWN?BSP_KEY

?PR?ISKEYDOWN4?BSP_KEY                           -----    -----      -----    -----
  +--> ?PR?_ISKEYDOWN?BSP_KEY

?PR?ISKEYDOWN5?BSP_KEY                           -----    -----      -----    -----
  +--> ?PR?_ISKEYDOWN?BSP_KEY

?PR?ISKEYDOWN6?BSP_KEY                           -----    -----      -----    -----
  +--> ?PR?_ISKEYDOWN?BSP_KEY

?PR?ISKEYDOWN7?BSP_KEY                           -----    -----      -----    -----
  +--> ?PR?_ISKEYDOWN?BSP_KEY

?PR?ISKEYDOWN8?BSP_KEY                           -----    -----      -----    -----
  +--> ?PR?_ISKEYDOWN?BSP_KEY

?PR?ISKEYDOWN9?BSP_KEY                           -----    -----      -----    -----
  +--> ?PR?_ISKEYDOWN?BSP_KEY

?PR?ISKEYDOWN10?BSP_KEY                          -----    -----      -----    -----
  +--> ?PR?_ISKEYDOWN?BSP_KEY

?PR?ISKEYDOWN11?BSP_KEY                          -----    -----      -----    -----
  +--> ?PR?_ISKEYDOWN?BSP_KEY

?PR?ISKEYDOWN12?BSP_KEY                          -----    -----      -----    -----
  +--> ?PR?_ISKEYDOWN?BSP_KEY

?PR?ISKEYDOWN13?BSP_KEY                          -----    -----      -----    -----
  +--> ?PR?_ISKEYDOWN?BSP_KEY

?PR?ISKEYDOWN14?BSP_KEY                          -----    -----      -----    -----
  +--> ?PR?_ISKEYDOWN?BSP_KEY

?PR?ISKEYDOWN15?BSP_KEY                          -----    -----      -----    -----
  +--> ?PR?_ISKEYDOWN?BSP_KEY

BL51 BANKED LINKER/LOCATER V6.22                                                      12/16/2017  10:54:40  PAGE 7


?PR?ISKEYDOWN16?BSP_KEY                          -----    -----      -----    -----
  +--> ?PR?_ISKEYDOWN?BSP_KEY

?PR?ISKEYDOWN17?BSP_KEY                          -----    -----      -----    -----
  +--> ?PR?_ISKEYDOWN?BSP_KEY

?PR?ISKEYDOWN18?BSP_KEY                          -----    -----      -----    -----
  +--> ?PR?_ISKEYDOWN?BSP_KEY

?PR?ISKEYDOWN19?BSP_KEY                          -----    -----      -----    -----
  +--> ?PR?_ISKEYDOWN?BSP_KEY

?PR?ISKEYDOWN20?BSP_KEY                          -----    -----      -----    -----
  +--> ?PR?_ISKEYDOWN?BSP_KEY

?PR?ISKEYDOWN21?BSP_KEY                          -----    -----      -----    -----
  +--> ?PR?_ISKEYDOWN?BSP_KEY

?PR?ISKEYDOWN22?BSP_KEY                          -----    -----      -----    -----
  +--> ?PR?_ISKEYDOWN?BSP_KEY

?PR?ISKEYDOWN23?BSP_KEY                          -----    -----      -----    -----
  +--> ?PR?_ISKEYDOWN?BSP_KEY

?PR?ISKEYDOWN24?BSP_KEY                          -----    -----      -----    -----
  +--> ?PR?_ISKEYDOWN?BSP_KEY

?PR?ISKEYDOWN21_AND_24?BSP_KEY                   -----    -----      -----    -----
  +--> ?PR?_ISKEYDOWN?BSP_KEY

?PR?TIMER0_INITHARD?BSP_TIMER0                   -----    -----      -----    -----
  +--> ?PR?TIMER0_PARAMINIT?BSP_TIMER0

?PR?APP_2D4_PRO?APP_2D4                          -----    -----      -----    -----
  +--> ?PR?UCRF_GETSTATUS?BSP_2D4
  +--> ?PR?RF_CLEARFIFO?BSP_2D4
  +--> ?PR?RF_CLEARSTATUS?BSP_2D4
  +--> ?PR?_RF_TXDATA?BSP_2D4
  +--> ?PR?_UCRF_DUMPRXDATA?BSP_2D4
  +--> ?PR?_APP_2D4_RCV?APP_2D4

?PR?UCRF_GETSTATUS?BSP_2D4                       -----    -----      -----    -----
  +--> ?PR?_UCRF_READREG?BSP_2D4

?PR?_UCRF_READREG?BSP_2D4                        -----    -----      -----    -----
  +--> ?PR?_SPI_WR?BSP_2D4
  +--> ?PR?UCSPI_READ?BSP_2D4

?PR?RF_CLEARFIFO?BSP_2D4                         -----    -----      -----    -----
  +--> ?PR?_RF_WRITEREG?BSP_2D4

?PR?_RF_WRITEREG?BSP_2D4                         -----    -----      -----    -----
  +--> ?PR?_SPI_WW?BSP_2D4

?PR?RF_CLEARSTATUS?BSP_2D4                       -----    -----      -----    -----
  +--> ?PR?_RF_WRITEREG?BSP_2D4

BL51 BANKED LINKER/LOCATER V6.22                                                      12/16/2017  10:54:40  PAGE 8


?PR?_RF_TXDATA?BSP_2D4                           -----    -----      014DH    0002H
  +--> ?PR?UCRF_GETSTATUS?BSP_2D4
  +--> ?PR?_RF_WRITEBUF?BSP_2D4
  +--> ?PR?_RF_WRITEREG?BSP_2D4

?PR?_RF_WRITEBUF?BSP_2D4                         -----    -----      0162H    0005H
  +--> ?PR?_SPI_WW?BSP_2D4

?PR?_UCRF_DUMPRXDATA?BSP_2D4                     -----    -----      -----    -----
  +--> ?PR?UCRF_GETSTATUS?BSP_2D4
  +--> ?PR?_RF_WRITEREG?BSP_2D4
  +--> ?PR?_RF_READBUF?BSP_2D4
  +--> ?PR?RF_CLEARFIFO?BSP_2D4
  +--> ?PR?RF_CLEARSTATUS?BSP_2D4

?PR?_RF_READBUF?BSP_2D4                          -----    -----      014DH    0005H
  +--> ?PR?_SPI_WR?BSP_2D4
  +--> ?PR?UCSPI_READ?BSP_2D4

?PR?_APP_2D4_RCV?APP_2D4                         000DH    000AH      014DH    0006H
  +--> ?CO?APP_2D4
  +--> ?PR?_APP_GET_SAVED_ADDRESS?APP_2D4
  +--> ?PR?_APP_EEPROM_ERASE?APP_EEPROM
  +--> ?PR?_APP_EEPROM_WRITE_BUF?APP_EEPROM
  +--> ?PR?REPEAT_STOP?APP_REPEAT_EXE

?PR?_APP_GET_SAVED_ADDRESS?APP_2D4               -----    -----      0153H    0004H
  +--> ?PR?_APP_EEPROM_READ_BYTE?APP_EEPROM

?PR?_APP_EEPROM_READ_BYTE?APP_EEPROM             -----    -----      -----    -----
  +--> ?PR?_READ_APROM_BYTE?BSP_EEPROM

?PR?_APP_EEPROM_ERASE?APP_EEPROM                 -----    -----      -----    -----
  +--> ?PR?_ERASE_DATAFLASH?BSP_EEPROM

?PR?_APP_EEPROM_WRITE_BUF?APP_EEPROM             -----    -----      0153H    0007H
  +--> ?PR?_APP_EEPROM_WRITE_BYTE?APP_EEPROM

?PR?_APP_EEPROM_WRITE_BYTE?APP_EEPROM            -----    -----      -----    -----
  +--> ?PR?_WRITE_DATAFLASH_BYTE?BSP_EEPROM

?PR?REPEAT_STOP?APP_REPEAT_EXE                   -----    -----      -----    -----
  +--> ?PR?REPEAT_STOP_EXE?APP_REPEAT_EXE
  +--> ?PR?_REPEAT_SETSTART?APP_REPEAT_EXE
  +--> ?PR?_REPEAT_SETSTOP?APP_REPEAT_EXE

?PR?BSP_KEYSCAN?BSP_KEY                          -----    -----      014DH    0001H
  +--> ?PR?_BSP_DETECTKEY?BSP_KEY

?PR?_BSP_DETECTKEY?BSP_KEY                       -----    -----      014EH    0001H
  +--> ?PR?_BSP_PUTKEY?BSP_KEY

?PR?REPEAT_PRO?APP_REPEAT_EXE                    -----    -----      -----    -----
  +--> ?PR?REPEAT_STOP_EXE?APP_REPEAT_EXE
  +--> ?PR?REPEAT_START_EXE?APP_REPEAT_EXE

?PR?INTO_POWERDOWN?MAIN                          -----    -----      -----    -----
BL51 BANKED LINKER/LOCATER V6.22                                                      12/16/2017  10:54:40  PAGE 9


  +--> ?PR?SW_RESET?COMMON

?PR?APP_2D4_SWITCH_SAVED_ADDRESS?APP_2D4         -----    -----      -----    -----
  +--> ?PR?_APP_GET_SAVED_ADDRESS?APP_2D4
  +--> ?PR?APP_2D4_INIT?APP_2D4

?PR?APP_2D4_INIT?APP_2D4                         -----    -----      -----    -----
  +--> ?PR?RF_INIT?BSP_2D4
  +--> ?PR?RF_TXMODE?BSP_2D4

?PR?RF_INIT?BSP_2D4                              -----    -----      0150H    0012H
  +--> ?CO?BSP_2D4
  +--> ?PR?SPI_INIT?BSP_2D4
  +--> ?PR?_RF_WRITEREG?BSP_2D4
  +--> ?PR?_RF_WRITEBUF?BSP_2D4

?PR?RF_TXMODE?BSP_2D4                            -----    -----      -----    -----
  +--> ?PR?_RF_WRITEREG?BSP_2D4

?PR?_APP_KEY_PRO?APP_KEY                         -----    -----      014DH    0003H
  +--> ?PR?_APP_SEND_KEY?APP_KEY
  +--> ?PR?APP_2D4_SWITCH_PUBLIC_ADDRESS?APP...
  +--> ?PR?REPEAT_STOP?APP_REPEAT_EXE
  +--> ?PR?BSP_LED_ON?BSP_LED
  +--> ?PR?_REPEAT_SETSTART?APP_REPEAT_EXE
  +--> ?PR?BSP_LED_OFF?BSP_LED
  +--> ?PR?_REPEAT_SETSTOP?APP_REPEAT_EXE
  +--> ?PR?_REPEAT_START?APP_REPEAT_EXE
  +--> ?PR?_APP_2D4_SEND?APP_2D4

?PR?_APP_SEND_KEY?APP_KEY                        -----    -----      0150H    0005H
  +--> ?PR?REPEAT_STOP?APP_REPEAT_EXE
  +--> ?PR?BSP_LED_ON?BSP_LED
  +--> ?PR?_REPEAT_SETSTART?APP_REPEAT_EXE
  +--> ?PR?BSP_LED_OFF?BSP_LED
  +--> ?PR?_REPEAT_SETSTOP?APP_REPEAT_EXE
  +--> ?PR?_REPEAT_START?APP_REPEAT_EXE

?PR?_REPEAT_START?APP_REPEAT_EXE                 -----    -----      -----    -----
  +--> ?PR?REPEAT_START_EXE?APP_REPEAT_EXE

?PR?APP_2D4_SWITCH_PUBLIC_ADDRESS?APP...         -----    -----      -----    -----
  +--> ?PR?RF_INIT?BSP_2D4
  +--> ?PR?RF_RXMODE?BSP_2D4

?PR?RF_RXMODE?BSP_2D4                            -----    -----      -----    -----
  +--> ?PR?_RF_WRITEREG?BSP_2D4

?PR?_APP_2D4_SEND?APP_2D4                        -----    -----      0150H    0005H



SYMBOL TABLE OF MODULE:  .\Out\Objects\project (MAIN)

  VALUE           TYPE          NAME
  ----------------------------------

BL51 BANKED LINKER/LOCATER V6.22                                                      12/16/2017  10:54:40  PAGE 10


  -------         MODULE        MAIN
  C:0000H         SYMBOL        _ICE_DUMMY_
  D:00B1H         PUBLIC        P0M1
  D:00B3H         PUBLIC        P1M1
  D:00B2H         PUBLIC        P0M2
  D:0080H         PUBLIC        P0
  D:00B4H         PUBLIC        P1M2
  D:0090H         PUBLIC        P1
  D:00A0H         PUBLIC        P2
  D:00B0H         PUBLIC        P3
  B:00A8H.7       PUBLIC        EA
  D:00D8H         PUBLIC        PWMCON0
  X:01D7H         SYMBOL        wireless_init_flag
  D:00A8H         PUBLIC        IE
  D:00B8H         PUBLIC        IP
  C:156DH         PUBLIC        main
  B:0080H.0       PUBLIC        P00
  B:0090H.0       PUBLIC        P10
  D:0087H         PUBLIC        PCON
  B:0080H.2       PUBLIC        P02
  B:0090H.1       PUBLIC        P11
  B:0080H.3       PUBLIC        P03
  B:0090H.2       PUBLIC        P12
  B:0080H.4       PUBLIC        P04
  D:0098H         PUBLIC        SCON
  B:0080H.5       PUBLIC        P05
  B:0090H.4       PUBLIC        P14
  D:0088H         PUBLIC        TCON
  B:0080H.6       PUBLIC        P06
  B:0090H.5       PUBLIC        P15
  B:0080H.7       PUBLIC        P07
  B:0090H.6       PUBLIC        P16
  B:0090H.7       PUBLIC        P17
  D:00F8H         PUBLIC        SCON_1
  D:009BH         PUBLIC        EIE
  D:00E8H         PUBLIC        ADCCON0
  D:00C0H         PUBLIC        I2CON
  D:00C8H         PUBLIC        T2CON
  X:01D8H         PUBLIC        i
  C:1997H         SYMBOL        into_powerDown
  C:24ABH         SYMBOL        pd_init
  D:00E9H         PUBLIC        PICON
  D:00D0H         PUBLIC        PSW
  D:00EAH         PUBLIC        PINEN
  D:00EBH         PUBLIC        PIPEN
  -------         PROC          INTO_POWERDOWN
  -------         DO            
  D:0006H         SYMBOL        i
  -------         ENDDO         
  C:1997H         LINE#         7
  C:1997H         LINE#         8
  C:199AH         LINE#         10
  C:199DH         LINE#         11
  C:19A0H         LINE#         12
  C:19A2H         LINE#         13
  C:19A2H         LINE#         14
  C:19A3H         LINE#         15
BL51 BANKED LINKER/LOCATER V6.22                                                      12/16/2017  10:54:40  PAGE 11


  C:19AEH         LINE#         17
  C:19B1H         LINE#         18
  C:19B4H         LINE#         19
  C:19B6H         LINE#         21
  C:19B9H         LINE#         22
  C:19BCH         LINE#         23
  C:19BEH         LINE#         26
  C:19C1H         LINE#         27
  C:19C4H         LINE#         28
  C:19C6H         LINE#         31
  C:19C8H         LINE#         32
  C:19CAH         LINE#         33
  C:19CCH         LINE#         34
  C:19CEH         LINE#         35
  C:19D0H         LINE#         36
  C:19D2H         LINE#         38
  C:19D4H         LINE#         39
  C:19D6H         LINE#         40
  C:19D8H         LINE#         41
  C:19DAH         LINE#         43
  C:19DDH         LINE#         49
  C:19E6H         LINE#         51
  C:19EFH         LINE#         53
  C:19F8H         LINE#         55
  C:1A01H         LINE#         58
  C:1A04H         LINE#         60
  C:1A07H         LINE#         62
  -------         ENDPROC       INTO_POWERDOWN
  -------         PROC          PD_INIT
  C:24ABH         LINE#         72
  C:24ABH         LINE#         73
  C:24AEH         LINE#         75
  C:24B1H         LINE#         77
  C:24B3H         LINE#         79
  -------         ENDPROC       PD_INIT
  -------         PROC          MAIN
  -------         DO            
  X:014BH         SYMBOL        PD_cnt
  X:014CH         SYMBOL        ucKeyCode
  -------         ENDDO         
  C:156DH         LINE#         81
  C:156DH         LINE#         82
  C:1572H         LINE#         84
  C:1576H         LINE#         86
  C:1579H         LINE#         87
  C:157DH         LINE#         88
  C:157EH         LINE#         89
  C:157FH         LINE#         90
  C:1599H         LINE#         92
  C:159CH         LINE#         95
  C:159FH         LINE#         119
  C:15A1H         LINE#         123
  C:15A1H         LINE#         125
  C:15A7H         LINE#         126
  C:15A9H         LINE#         129
  C:15A9H         LINE#         131
  C:15AFH         LINE#         132
BL51 BANKED LINKER/LOCATER V6.22                                                      12/16/2017  10:54:40  PAGE 12


  C:15B1H         LINE#         134
  C:15B4H         LINE#         136
  C:15B7H         LINE#         138
  C:15B7H         LINE#         139
  C:15BDH         LINE#         140
  C:15BFH         LINE#         143
  C:15C2H         LINE#         145
  C:15C2H         LINE#         146
  C:15C8H         LINE#         147
  C:15CAH         LINE#         150
  C:15CAH         LINE#         151
  C:15D0H         LINE#         152
  C:15D2H         LINE#         155
  C:15D5H         LINE#         157
  C:15DBH         LINE#         158
  C:15EEH         LINE#         159
  C:15F0H         LINE#         160
  C:15F3H         LINE#         161
  C:15F6H         LINE#         162
  C:15F6H         LINE#         164
  C:15F6H         LINE#         166
  C:15FEH         LINE#         167
  C:1600H         LINE#         168
  C:1605H         LINE#         169
  C:160BH         LINE#         170
  C:160DH         LINE#         172
  C:1611H         LINE#         173
  C:1614H         LINE#         174
  C:1614H         LINE#         175
  C:161CH         LINE#         178
  C:161CH         LINE#         180
  -------         ENDPROC       MAIN
  -------         ENDMOD        MAIN

  -------         MODULE        APP_REPEAT_EXE
  C:0000H         SYMBOL        _ICE_DUMMY_
  D:0080H         PUBLIC        P0
  D:0090H         PUBLIC        P1
  D:00A0H         PUBLIC        P2
  D:00B0H         PUBLIC        P3
  C:2447H         PUBLIC        _Repeat_SetStart
  D:00D8H         PUBLIC        PWMCON0
  D:00A8H         PUBLIC        IE
  C:240CH         SYMBOL        Repeat_Stop_exe
  D:00B8H         PUBLIC        IP
  C:2453H         PUBLIC        _Repeat_SetStop
  X:017AH         SYMBOL        g_tRepeat
  D:0098H         PUBLIC        SCON
  D:0088H         PUBLIC        TCON
  D:00F8H         PUBLIC        SCON_1
  C:2153H         PUBLIC        _Repeat_Start
  D:00E8H         PUBLIC        ADCCON0
  D:00C0H         PUBLIC        I2CON
  D:00C8H         PUBLIC        T2CON
  C:239DH         PUBLIC        Repeat_Stop
  C:14B8H         PUBLIC        Repeat_Pro
  C:23FCH         SYMBOL        Repeat_Start_exe
BL51 BANKED LINKER/LOCATER V6.22                                                      12/16/2017  10:54:40  PAGE 13


  D:00D0H         PUBLIC        PSW
  -------         PROC          _REPEAT_SETSTART
  D:0001H         SYMBOL        fun
  C:2447H         LINE#         12
  C:2447H         LINE#         13
  C:2452H         LINE#         14
  -------         ENDPROC       _REPEAT_SETSTART
  -------         PROC          _REPEAT_SETSTOP
  D:0001H         SYMBOL        fun
  C:2453H         LINE#         16
  C:2453H         LINE#         17
  C:245EH         LINE#         18
  -------         ENDPROC       _REPEAT_SETSTOP
  -------         PROC          REPEAT_START_EXE
  C:23FCH         LINE#         20
  C:23FCH         LINE#         21
  C:2408H         LINE#         22
  C:240BH         LINE#         23
  C:240BH         LINE#         24
  -------         ENDPROC       REPEAT_START_EXE
  -------         PROC          REPEAT_STOP_EXE
  C:240CH         LINE#         26
  C:240CH         LINE#         27
  C:2418H         LINE#         28
  C:241BH         LINE#         29
  C:241BH         LINE#         30
  -------         ENDPROC       REPEAT_STOP_EXE
  -------         PROC          _REPEAT_START
  D:0006H         SYMBOL        _usStartTime
  D:0004H         SYMBOL        _usStopTime
  D:0002H         SYMBOL        _usCycle
  C:2153H         LINE#         42
  C:2153H         LINE#         43
  C:2153H         LINE#         44
  C:2157H         LINE#         46
  C:2157H         LINE#         48
  C:215FH         LINE#         49
  C:2167H         LINE#         50
  C:216FH         LINE#         51
  C:2174H         LINE#         52
  C:2178H         LINE#         53
  C:217CH         LINE#         54
  C:2181H         LINE#         56
  C:2184H         LINE#         57
  -------         ENDPROC       _REPEAT_START
  -------         PROC          REPEAT_STOP
  C:239DH         LINE#         67
  C:239DH         LINE#         68
  C:23A2H         LINE#         69
  C:23A5H         LINE#         70
  C:23AEH         LINE#         71
  -------         ENDPROC       REPEAT_STOP
  -------         PROC          REPEAT_PRO
  C:14B8H         LINE#         83
  C:14B8H         LINE#         85
  C:14CFH         LINE#         87
  C:14CFH         LINE#         89
BL51 BANKED LINKER/LOCATER V6.22                                                      12/16/2017  10:54:40  PAGE 14


  C:14D5H         LINE#         90
  C:14E1H         LINE#         91
  C:14E1H         LINE#         92
  C:14FAH         LINE#         93
  C:14FDH         LINE#         94
  C:1504H         LINE#         95
  C:1509H         LINE#         96
  C:1509H         LINE#         97
  C:150AH         LINE#         99
  C:150AH         LINE#         100
  C:1512H         LINE#         101
  C:152AH         LINE#         103
  C:1539H         LINE#         104
  C:154CH         LINE#         106
  C:1551H         LINE#         107
  C:1551H         LINE#         109
  C:1557H         LINE#         110
  C:155EH         LINE#         112
  C:155EH         LINE#         113
  C:155EH         LINE#         114
  C:1565H         LINE#         115
  C:1569H         LINE#         117
  C:156CH         LINE#         118
  C:156CH         LINE#         119
  C:156CH         LINE#         121
  -------         ENDPROC       REPEAT_PRO
  -------         ENDMOD        APP_REPEAT_EXE

  -------         MODULE        APP_2D4
  C:0000H         SYMBOL        _ICE_DUMMY_
  D:0080H         PUBLIC        P0
  D:0090H         PUBLIC        P1
  D:00A0H         PUBLIC        P2
  D:00B0H         PUBLIC        P3
  C:224DH         PUBLIC        app_2d4_init
  D:00D8H         PUBLIC        PWMCON0
  D:00A8H         PUBLIC        IE
  C:20E4H         PUBLIC        app_2d4_switch_public_address
  D:00B8H         PUBLIC        IP
  C:1ED4H         PUBLIC        app_2d4_pro
  C:1F64H         PUBLIC        _app_get_saved_address
  C:245FH         PUBLIC        app_2d4_switch_saved_address
  D:0098H         PUBLIC        SCON
  D:0088H         PUBLIC        TCON
  C:248DH         SYMBOL        _?ix1000
  C:2492H         SYMBOL        _?ix1001
  D:00F8H         PUBLIC        SCON_1
  I:0022H         PUBLIC        sendBuf
  I:0032H         SYMBOL        sendRcv_flag
  D:00E8H         PUBLIC        ADCCON0
  D:00C0H         PUBLIC        I2CON
  D:00C8H         PUBLIC        T2CON
  I:0033H         SYMBOL        rcvBuf
  X:01A3H         PUBLIC        tmpBuf
  C:0DE4H         SYMBOL        _app_2d4_Rcv
  C:1B49H         PUBLIC        _app_2d4_send
  D:00D0H         PUBLIC        PSW
BL51 BANKED LINKER/LOCATER V6.22                                                      12/16/2017  10:54:40  PAGE 15


  -------         PROC          APP_2D4_INIT
  C:224DH         LINE#         22
  C:224DH         LINE#         24
  C:2251H         LINE#         25
  C:225DH         LINE#         26
  C:226CH         LINE#         28
  C:226FH         LINE#         33
  -------         ENDPROC       APP_2D4_INIT
  -------         PROC          _APP_GET_SAVED_ADDRESS
  X:0153H         SYMBOL        addr
  -------         DO            
  X:0156H         SYMBOL        i
  -------         ENDDO         
  C:1F64H         LINE#         41
  C:1F6FH         LINE#         42
  C:1F72H         LINE#         43
  C:1F7DH         LINE#         44
  C:1F9EH         LINE#         45
  C:1FA6H         LINE#         46
  -------         ENDPROC       _APP_GET_SAVED_ADDRESS
  -------         PROC          APP_2D4_SWITCH_PUBLIC_ADDRESS
  C:20E4H         LINE#         47
  C:20E4H         LINE#         48
  C:20F7H         LINE#         50
  C:20FBH         LINE#         51
  C:2107H         LINE#         52
  C:2116H         LINE#         54
  C:2119H         LINE#         55
  -------         ENDPROC       APP_2D4_SWITCH_PUBLIC_ADDRESS
  -------         PROC          APP_2D4_SWITCH_SAVED_ADDRESS
  C:245FH         LINE#         57
  C:245FH         LINE#         58
  C:2468H         LINE#         59
  -------         ENDPROC       APP_2D4_SWITCH_SAVED_ADDRESS
  -------         PROC          _APP_2D4_SEND
  X:0150H         SYMBOL        d
  X:0153H         SYMBOL        len
  -------         DO            
  X:0154H         SYMBOL        i
  -------         ENDDO         
  C:1B49H         LINE#         61
  C:1B57H         LINE#         64
  C:1B5AH         LINE#         65
  C:1B60H         LINE#         67
  C:1B60H         LINE#         71
  C:1B64H         LINE#         73
  C:1B7FH         LINE#         74
  C:1B8EH         LINE#         75
  C:1BA9H         LINE#         76
  C:1BA9H         LINE#         87
  -------         ENDPROC       _APP_2D4_SEND
  -------         PROC          _APP_2D4_RCV
  X:014DH         SYMBOL        buf
  -------         DO            
  X:0150H         SYMBOL        i
  X:0151H         SYMBOL        check
  -------         DO            
BL51 BANKED LINKER/LOCATER V6.22                                                      12/16/2017  10:54:40  PAGE 16


  X:0152H         SYMBOL        eq
  I:000DH         SYMBOL        address_saved_tmp
  I:0012H         SYMBOL        address_sended_tmp
  -------         ENDDO         
  -------         ENDDO         
  C:0DE4H         LINE#         89
  C:0DEFH         LINE#         90
  C:0DF2H         LINE#         91
  C:0DF4H         LINE#         93
  C:0DFEH         LINE#         95
  C:0DFEH         LINE#         96
  C:0E17H         LINE#         98
  C:0E17H         LINE#         99
  C:0E43H         LINE#         100
  C:0E58H         LINE#         101
  C:0E60H         LINE#         102
  C:0E86H         LINE#         104
  C:0E86H         LINE#         106
  C:0E9EH         LINE#         107
  C:0E9EH         LINE#         108
  C:0EA3H         LINE#         110
  C:0EB4H         LINE#         112
  C:0EC7H         LINE#         114
  C:0ED6H         LINE#         115
  C:0EE5H         LINE#         117
  C:0EEEH         LINE#         118
  C:0F0BH         LINE#         120
  C:0F11H         LINE#         121
  C:0F16H         LINE#         122
  C:0F26H         LINE#         123
  C:0F2BH         LINE#         124
  C:0F2DH         LINE#         125
  C:0F2DH         LINE#         126
  C:0F37H         LINE#         127
  C:0F3DH         LINE#         128
  C:0F42H         LINE#         129
  C:0F51H         LINE#         131
  C:0F63H         LINE#         132
  C:0F63H         LINE#         133
  C:0F67H         LINE#         134
  C:0F6AH         LINE#         135
  C:0F6AH         LINE#         136
  C:0F6AH         LINE#         137
  C:0F6AH         LINE#         139
  -------         ENDPROC       _APP_2D4_RCV
  -------         PROC          APP_2D4_PRO
  C:1ED4H         LINE#         141
  C:1ED4H         LINE#         143
  C:1ED9H         LINE#         145
  C:1EE9H         LINE#         146
  C:1EE9H         LINE#         148
  C:1EECH         LINE#         149
  C:1EEFH         LINE#         151
  C:1EF3H         LINE#         154
  C:1EF4H         LINE#         155
  C:1EF4H         LINE#         157
  C:1EF4H         LINE#         158
BL51 BANKED LINKER/LOCATER V6.22                                                      12/16/2017  10:54:40  PAGE 17


  C:1EF4H         LINE#         159
  C:1EF6H         LINE#         160
  C:1EF6H         LINE#         162
  C:1EF9H         LINE#         163
  C:1EFCH         LINE#         164
  C:1EFCH         LINE#         165
  C:1EFCH         LINE#         167
  C:1F07H         LINE#         169
  C:1F07H         LINE#         170
  C:1F07H         LINE#         172
  C:1F07H         LINE#         173
  C:1F15H         LINE#         174
  C:1F1EH         LINE#         175
  C:1F1EH         LINE#         176
  C:1F1EH         LINE#         177
  -------         ENDPROC       APP_2D4_PRO
  -------         ENDMOD        APP_2D4

  -------         MODULE        APP_CRC
  C:0000H         SYMBOL        _ICE_DUMMY_
  D:0080H         PUBLIC        P0
  D:0090H         PUBLIC        P1
  D:00A0H         PUBLIC        P2
  D:00B0H         PUBLIC        P3
  D:00D8H         PUBLIC        PWMCON0
  D:00A8H         PUBLIC        IE
  D:00B8H         PUBLIC        IP
  C:1899H         PUBLIC        _app_CalcCRC8_cycle
  C:1AE5H         PUBLIC        _app_CalcCRC8
  D:0098H         PUBLIC        SCON
  D:0088H         PUBLIC        TCON
  X:01DDH         SYMBOL        crc
  D:00F8H         PUBLIC        SCON_1
  D:00E8H         PUBLIC        ADCCON0
  D:00C0H         PUBLIC        I2CON
  D:00C8H         PUBLIC        T2CON
  X:01DEH         SYMBOL        i
  D:00D0H         PUBLIC        PSW
  -------         PROC          _APP_CALCCRC8
  X:01DAH         SYMBOL        ptr
  D:0006H         SYMBOL        len
  C:1AE5H         LINE#         12
  C:1AF2H         LINE#         14
  C:1AF7H         LINE#         15
  C:1AFDH         LINE#         16
  C:1B1AH         LINE#         17
  C:1B26H         LINE#         18
  C:1B2DH         LINE#         19
  C:1B34H         LINE#         21
  C:1B3BH         LINE#         22
  C:1B43H         LINE#         23
  C:1B43H         LINE#         24
  C:1B48H         LINE#         25
  -------         ENDPROC       _APP_CALCCRC8
  -------         PROC          _APP_CALCCRC8_CYCLE
  X:01ABH         SYMBOL        ptr
  D:0006H         SYMBOL        len
BL51 BANKED LINKER/LOCATER V6.22                                                      12/16/2017  10:54:40  PAGE 18


  X:01AFH         SYMBOL        pos
  X:01B0H         SYMBOL        bufLen
  C:1899H         LINE#         27
  C:18A6H         LINE#         28
  C:18A6H         LINE#         29
  C:18ABH         LINE#         30
  C:18B1H         LINE#         31
  C:18CEH         LINE#         32
  C:18D4H         LINE#         33
  C:18DFH         LINE#         34
  C:18E1H         LINE#         35
  C:18F1H         LINE#         36
  C:18F1H         LINE#         37
  C:18FFH         LINE#         38
  C:1906H         LINE#         39
  C:190DH         LINE#         41
  C:1914H         LINE#         42
  C:191CH         LINE#         43
  C:191CH         LINE#         44
  C:1921H         LINE#         45
  -------         ENDPROC       _APP_CALCCRC8_CYCLE
  -------         ENDMOD        APP_CRC

  -------         MODULE        APP_EEPROM
  C:0000H         SYMBOL        _ICE_DUMMY_
  D:0080H         PUBLIC        P0
  D:0090H         PUBLIC        P1
  D:00A0H         PUBLIC        P2
  D:00B0H         PUBLIC        P3
  D:00D8H         PUBLIC        PWMCON0
  D:00A8H         PUBLIC        IE
  D:00B8H         PUBLIC        IP
  C:2477H         PUBLIC        _app_eeprom_erase
  C:25C2H         PUBLIC        app_eeprom_Init
  D:0098H         PUBLIC        SCON
  D:0088H         PUBLIC        TCON
  C:25C3H         PUBLIC        app_eeprom_100ms_pro
  C:25B8H         PUBLIC        _app_eeprom_read_byte
  D:00F8H         PUBLIC        SCON_1
  C:2482H         PUBLIC        _app_eeprom_write_byte
  D:00E8H         PUBLIC        ADCCON0
  D:00C0H         PUBLIC        I2CON
  C:1E7EH         PUBLIC        _app_eeprom_write_buf
  C:25C4H         SYMBOL        app_eeprom_pro
  D:00C8H         PUBLIC        T2CON
  D:00D0H         PUBLIC        PSW
  -------         PROC          APP_EEPROM_INIT
  C:25C2H         LINE#         10
  C:25C2H         LINE#         12
  -------         ENDPROC       APP_EEPROM_INIT
  -------         PROC          _APP_EEPROM_ERASE
  D:0006H         SYMBOL        addr
  C:2477H         LINE#         14
  C:2477H         LINE#         15
  -------         ENDPROC       _APP_EEPROM_ERASE
  -------         PROC          _APP_EEPROM_WRITE_BYTE
  D:0006H         SYMBOL        addr
BL51 BANKED LINKER/LOCATER V6.22                                                      12/16/2017  10:54:40  PAGE 19


  D:0005H         SYMBOL        d
  C:2482H         LINE#         17
  C:2482H         LINE#         18
  -------         ENDPROC       _APP_EEPROM_WRITE_BYTE
  -------         PROC          _APP_EEPROM_WRITE_BUF
  X:0153H         SYMBOL        addr
  X:0155H         SYMBOL        pt
  X:0158H         SYMBOL        len
  -------         DO            
  X:0159H         SYMBOL        i
  -------         ENDDO         
  C:1E7EH         LINE#         20
  C:1E8FH         LINE#         24
  C:1E94H         LINE#         25
  C:1EA1H         LINE#         26
  C:1ECBH         LINE#         27
  C:1ED3H         LINE#         30
  -------         ENDPROC       _APP_EEPROM_WRITE_BUF
  -------         PROC          _APP_EEPROM_READ_BYTE
  D:0006H         SYMBOL        addr
  C:25B8H         LINE#         31
  C:25B8H         LINE#         32
  C:25BBH         LINE#         33
  -------         ENDPROC       _APP_EEPROM_READ_BYTE
  -------         PROC          APP_EEPROM_100MS_PRO
  C:25C3H         LINE#         34
  C:25C3H         LINE#         36
  -------         ENDPROC       APP_EEPROM_100MS_PRO
  -------         PROC          APP_EEPROM_PRO
  C:25C4H         LINE#         38
  C:25C4H         LINE#         40
  -------         ENDPROC       APP_EEPROM_PRO
  -------         ENDMOD        APP_EEPROM

  -------         MODULE        APP_KEY
  C:0000H         SYMBOL        _ICE_DUMMY_
  D:0080H         PUBLIC        P0
  D:0090H         PUBLIC        P1
  D:00A0H         PUBLIC        P2
  D:00B0H         PUBLIC        P3
  D:00D8H         PUBLIC        PWMCON0
  D:00A8H         PUBLIC        IE
  D:00B8H         PUBLIC        IP
  C:0B32H         PUBLIC        _app_key_pro
  D:0098H         PUBLIC        SCON
  D:0088H         PUBLIC        TCON
  D:00F8H         PUBLIC        SCON_1
  X:01DFH         SYMBOL        press_long_lock
  D:00E8H         PUBLIC        ADCCON0
  D:00C0H         PUBLIC        I2CON
  D:00C8H         PUBLIC        T2CON
  C:16CFH         SYMBOL        _app_send_key
  D:00D0H         PUBLIC        PSW
  -------         PROC          L?0116
  -------         ENDPROC       L?0116
  -------         PROC          _APP_SEND_KEY
  X:0150H         SYMBOL        key
BL51 BANKED LINKER/LOCATER V6.22                                                      12/16/2017  10:54:40  PAGE 20


  X:0151H         SYMBOL        index
  -------         DO            
  X:0154H         SYMBOL        i
  -------         ENDDO         
  C:16CFH         LINE#         27
  C:16DDH         LINE#         28
  C:16E0H         LINE#         29
  C:16E3H         LINE#         30
  C:16ECH         LINE#         31
  C:16F5H         LINE#         32
  C:1704H         LINE#         34
  C:1719H         LINE#         35
  C:1723H         LINE#         36
  C:1732H         LINE#         37
  C:1750H         LINE#         38
  C:176AH         LINE#         39
  C:1772H         LINE#         40
  -------         ENDPROC       _APP_SEND_KEY
  -------         PROC          _APP_KEY_PRO
  X:014DH         SYMBOL        keyCode
  -------         DO            
  X:014EH         SYMBOL        index
  X:014FH         SYMBOL        i
  -------         ENDDO         
  C:0B32H         LINE#         42
  C:0B37H         LINE#         43
  C:0B3AH         LINE#         44
  C:0B3CH         LINE#         46
  C:0B44H         LINE#         48
  C:0B44H         LINE#         50
  C:0B49H         LINE#         51
  C:0B55H         LINE#         52
  C:0C4FH         LINE#         53
  C:0C4FH         LINE#         54
  C:0C55H         LINE#         55
  C:0C5AH         LINE#         56
  C:0C5AH         LINE#         57
  C:0C5AH         LINE#         58
  C:0C5DH         LINE#         59
  C:0C5DH         LINE#         61
  C:0C5DH         LINE#         62
  C:0C5DH         LINE#         63
  C:0C63H         LINE#         64
  C:0C6AH         LINE#         65
  C:0C6DH         LINE#         66
  C:0C6DH         LINE#         67
  C:0C73H         LINE#         68
  C:0C78H         LINE#         69
  C:0C78H         LINE#         70
  C:0C78H         LINE#         71
  C:0C7BH         LINE#         72
  C:0C7BH         LINE#         73
  C:0C84H         LINE#         74
  C:0C8CH         LINE#         75
  C:0C8CH         LINE#         76
  C:0C8FH         LINE#         77
  C:0C8FH         LINE#         78
BL51 BANKED LINKER/LOCATER V6.22                                                      12/16/2017  10:54:40  PAGE 21


  C:0C95H         LINE#         79
  C:0C9CH         LINE#         80
  C:0C9FH         LINE#         81
  C:0C9FH         LINE#         82
  C:0CA5H         LINE#         83
  C:0CB0H         LINE#         84
  C:0CB0H         LINE#         85
  C:0CB0H         LINE#         86
  C:0CB3H         LINE#         87
  C:0CB3H         LINE#         88
  C:0CB3H         LINE#         89
  C:0CB3H         LINE#         90
  C:0CB9H         LINE#         91
  C:0CC0H         LINE#         92
  C:0CC3H         LINE#         93
  C:0CC3H         LINE#         94
  C:0CC9H         LINE#         95
  C:0CD4H         LINE#         96
  C:0CD4H         LINE#         97
  C:0CD4H         LINE#         98
  C:0CD7H         LINE#         99
  C:0CD7H         LINE#         100
  C:0CE0H         LINE#         101
  C:0CE8H         LINE#         102
  C:0CE8H         LINE#         103
  C:0CEBH         LINE#         104
  C:0CEBH         LINE#         105
  C:0CF1H         LINE#         106
  C:0CF8H         LINE#         107
  C:0CFBH         LINE#         108
  C:0CFBH         LINE#         109
  C:0D03H         LINE#         110
  C:0D06H         LINE#         111
  C:0D06H         LINE#         112
  C:0D06H         LINE#         113
  C:0D06H         LINE#         114
  C:0D06H         LINE#         115
  C:0D06H         LINE#         116
  C:0D06H         LINE#         117
  C:0D06H         LINE#         118
  C:0D06H         LINE#         119
  C:0D06H         LINE#         120
  C:0D06H         LINE#         121
  C:0D06H         LINE#         122
  C:0D06H         LINE#         123
  C:0D06H         LINE#         124
  C:0D0EH         LINE#         125
  C:0D11H         LINE#         126
  C:0D11H         LINE#         127
  C:0D11H         LINE#         128
  C:0D11H         LINE#         129
  C:0D11H         LINE#         130
  C:0D11H         LINE#         131
  C:0D11H         LINE#         132
  C:0D11H         LINE#         133
  C:0D11H         LINE#         134
  C:0D11H         LINE#         135
BL51 BANKED LINKER/LOCATER V6.22                                                      12/16/2017  10:54:40  PAGE 22


  C:0D11H         LINE#         136
  C:0D11H         LINE#         137
  C:0D11H         LINE#         138
  C:0D11H         LINE#         139
  C:0D11H         LINE#         140
  C:0D11H         LINE#         141
  C:0D11H         LINE#         142
  C:0D11H         LINE#         143
  C:0D19H         LINE#         144
  C:0D1CH         LINE#         145
  C:0D1CH         LINE#         146
  C:0D1CH         LINE#         147
  C:0D1CH         LINE#         148
  C:0D24H         LINE#         149
  C:0D26H         LINE#         150
  C:0D26H         LINE#         151
  C:0D26H         LINE#         152
  C:0D26H         LINE#         153
  C:0D26H         LINE#         154
  C:0D26H         LINE#         155
  C:0D26H         LINE#         156
  C:0D26H         LINE#         157
  C:0D2EH         LINE#         158
  C:0D30H         LINE#         159
  C:0D30H         LINE#         160
  C:0D30H         LINE#         161
  C:0D30H         LINE#         162
  C:0D30H         LINE#         163
  C:0D30H         LINE#         164
  C:0D30H         LINE#         165
  C:0D30H         LINE#         166
  C:0D30H         LINE#         167
  C:0D30H         LINE#         168
  C:0D30H         LINE#         169
  C:0D30H         LINE#         170
  C:0D38H         LINE#         171
  C:0D3AH         LINE#         172
  C:0D3AH         LINE#         173
  C:0D3AH         LINE#         174
  C:0D3AH         LINE#         175
  C:0D3AH         LINE#         176
  C:0D3AH         LINE#         177
  C:0D42H         LINE#         178
  C:0D44H         LINE#         179
  C:0D44H         LINE#         180
  C:0D44H         LINE#         181
  C:0D44H         LINE#         182
  C:0D44H         LINE#         183
  C:0D44H         LINE#         184
  C:0D4CH         LINE#         185
  C:0D4EH         LINE#         186
  C:0D4EH         LINE#         187
  C:0D4EH         LINE#         188
  C:0D4EH         LINE#         189
  C:0D4EH         LINE#         190
  C:0D4EH         LINE#         191
  C:0D4EH         LINE#         192
BL51 BANKED LINKER/LOCATER V6.22                                                      12/16/2017  10:54:40  PAGE 23


  C:0D4EH         LINE#         193
  C:0D4EH         LINE#         194
  C:0D4EH         LINE#         195
  C:0D4EH         LINE#         196
  C:0D4EH         LINE#         197
  C:0D56H         LINE#         198
  C:0D58H         LINE#         199
  C:0D58H         LINE#         200
  C:0D58H         LINE#         201
  C:0D58H         LINE#         202
  C:0D58H         LINE#         203
  C:0D58H         LINE#         204
  C:0D58H         LINE#         205
  C:0D58H         LINE#         206
  C:0D58H         LINE#         207
  C:0D58H         LINE#         208
  C:0D58H         LINE#         209
  C:0D58H         LINE#         210
  C:0D60H         LINE#         211
  C:0D62H         LINE#         212
  C:0D62H         LINE#         213
  C:0D62H         LINE#         214
  C:0D62H         LINE#         215
  C:0D68H         LINE#         216
  C:0D73H         LINE#         217
  C:0D73H         LINE#         218
  C:0D78H         LINE#         219
  C:0D7AH         LINE#         220
  C:0D7AH         LINE#         221
  C:0D7AH         LINE#         222
  C:0D7AH         LINE#         223
  C:0D80H         LINE#         224
  C:0D82H         LINE#         225
  C:0D82H         LINE#         226
  C:0D8AH         LINE#         227
  C:0D8CH         LINE#         228
  C:0D8CH         LINE#         229
  C:0D8CH         LINE#         230
  C:0D8CH         LINE#         231
  C:0D8CH         LINE#         232
  C:0D8CH         LINE#         233
  C:0D94H         LINE#         234
  C:0D96H         LINE#         235
  C:0D96H         LINE#         236
  C:0D96H         LINE#         237
  C:0D96H         LINE#         238
  C:0D96H         LINE#         239
  C:0D96H         LINE#         240
  C:0DA1H         LINE#         241
  C:0DA3H         LINE#         242
  C:0DA3H         LINE#         243
  C:0DA3H         LINE#         244
  C:0DA3H         LINE#         245
  C:0DA3H         LINE#         246
  C:0DA3H         LINE#         247
  C:0DA3H         LINE#         248
  C:0DA3H         LINE#         249
BL51 BANKED LINKER/LOCATER V6.22                                                      12/16/2017  10:54:40  PAGE 24


  C:0DA3H         LINE#         250
  C:0DA3H         LINE#         251
  C:0DA7H         LINE#         252
  C:0DAAH         LINE#         253
  C:0DADH         LINE#         254
  C:0DB6H         LINE#         255
  C:0DBFH         LINE#         256
  C:0DCBH         LINE#         258
  C:0DD0H         LINE#         259
  C:0DD0H         LINE#         260
  C:0DD0H         LINE#         261
  C:0DD0H         LINE#         262
  C:0DD0H         LINE#         263
  C:0DD6H         LINE#         264
  C:0DD8H         LINE#         265
  C:0DE3H         LINE#         266
  C:0DE3H         LINE#         268
  -------         ENDPROC       _APP_KEY_PRO
  -------         ENDMOD        APP_KEY

  -------         MODULE        APP_WORK
  C:0000H         SYMBOL        _ICE_DUMMY_
  D:0080H         PUBLIC        P0
  D:0090H         PUBLIC        P1
  D:00A0H         PUBLIC        P2
  D:00B0H         PUBLIC        P3
  D:00D8H         PUBLIC        PWMCON0
  D:00A8H         PUBLIC        IE
  D:00B8H         PUBLIC        IP
  C:25C8H         SYMBOL        app_work_pro
  C:25C6H         PUBLIC        app_work_1s_pro
  D:0098H         PUBLIC        SCON
  D:0088H         PUBLIC        TCON
  D:00F8H         PUBLIC        SCON_1
  D:00E8H         PUBLIC        ADCCON0
  D:00C0H         PUBLIC        I2CON
  C:25C5H         PUBLIC        app_work_Init
  I:0017H         PUBLIC        g_tWork
  D:00C8H         PUBLIC        T2CON
  C:25C7H         PUBLIC        app_work_100ms_pro
  D:00D0H         PUBLIC        PSW
  -------         PROC          APP_WORK_INIT
  C:25C5H         LINE#         12
  C:25C5H         LINE#         14
  -------         ENDPROC       APP_WORK_INIT
  -------         PROC          APP_WORK_1S_PRO
  C:25C6H         LINE#         16
  C:25C6H         LINE#         17
  C:25C6H         LINE#         19
  C:25C6H         LINE#         21
  -------         ENDPROC       APP_WORK_1S_PRO
  -------         PROC          APP_WORK_100MS_PRO
  C:25C7H         LINE#         22
  C:25C7H         LINE#         24
  -------         ENDPROC       APP_WORK_100MS_PRO
  -------         PROC          APP_WORK_PRO
  C:25C8H         LINE#         26
BL51 BANKED LINKER/LOCATER V6.22                                                      12/16/2017  10:54:40  PAGE 25


  C:25C8H         LINE#         28
  -------         ENDPROC       APP_WORK_PRO
  -------         ENDMOD        APP_WORK

  -------         MODULE        BSP
  C:0000H         SYMBOL        _ICE_DUMMY_
  D:0080H         PUBLIC        P0
  D:0090H         PUBLIC        P1
  D:00A0H         PUBLIC        P2
  D:00B0H         PUBLIC        P3
  B:00A8H.7       PUBLIC        EA
  D:00D8H         PUBLIC        PWMCON0
  D:00A8H         PUBLIC        IE
  D:00C7H         PUBLIC        TA
  D:00B8H         PUBLIC        IP
  B:0021H.1       PUBLIC        BIT_TMP
  D:0098H         PUBLIC        SCON
  D:0088H         PUBLIC        TCON
  C:22B9H         PUBLIC        bsp_Init
  D:00F8H         PUBLIC        SCON_1
  D:00E8H         PUBLIC        ADCCON0
  D:00C0H         PUBLIC        I2CON
  D:00C8H         PUBLIC        T2CON
  D:00A3H         PUBLIC        BODCON0
  D:00D0H         PUBLIC        PSW
  -------         PROC          BSP_INIT
  C:22B9H         LINE#         5
  C:22B9H         LINE#         7
  C:22CCH         LINE#         12
  C:22CFH         LINE#         14
  C:22D2H         LINE#         15
  C:22D5H         LINE#         22
  C:22D8H         LINE#         27
  C:22DAH         LINE#         29
  -------         ENDPROC       BSP_INIT
  -------         ENDMOD        BSP

  -------         MODULE        BSP_TIMER0
  C:0000H         SYMBOL        _ICE_DUMMY_
  D:0080H         PUBLIC        P0
  D:0090H         PUBLIC        P1
  D:00A0H         PUBLIC        P2
  D:00B0H         PUBLIC        P3
  C:180DH         PUBLIC        Timer0_ISR
  D:00D8H         PUBLIC        PWMCON0
  D:00A8H         PUBLIC        IE
  D:00B8H         PUBLIC        IP
  X:018CH         PUBLIC        Task_time
  C:22DBH         PUBLIC        Timer0_InitHard
  X:0197H         SYMBOL        u8TH0_tmp
  X:0198H         SYMBOL        u8TL0_tmp
  D:0098H         PUBLIC        SCON
  D:0089H         PUBLIC        TMOD
  D:0088H         PUBLIC        TCON
  C:241CH         SYMBOL        timer0_ParamInit
  D:00F8H         PUBLIC        SCON_1
  B:00A8H.1       PUBLIC        ET0
BL51 BANKED LINKER/LOCATER V6.22                                                      12/16/2017  10:54:40  PAGE 26


  D:008CH         PUBLIC        TH0
  D:008AH         PUBLIC        TL0
  B:0088H.4       PUBLIC        TR0
  D:00E8H         PUBLIC        ADCCON0
  D:00C0H         PUBLIC        I2CON
  D:00C8H         PUBLIC        T2CON
  D:008EH         PUBLIC        CKCON
  D:00D0H         PUBLIC        PSW
  -------         PROC          TIMER0_INITHARD
  C:22DBH         LINE#         19
  C:22DBH         LINE#         21
  C:22DEH         LINE#         23
  C:22E4H         LINE#         26
  C:22E7H         LINE#         28
  C:22EDH         LINE#         29
  C:22F1H         LINE#         31
  C:22F4H         LINE#         32
  C:22F6H         LINE#         34
  C:22F8H         LINE#         35
  C:22FAH         LINE#         37
  -------         ENDPROC       TIMER0_INITHARD
  -------         PROC          TIMER0_PARAMINIT
  C:241CH         LINE#         39
  C:241CH         LINE#         41
  -------         ENDPROC       TIMER0_PARAMINIT
  -------         PROC          TIMER0_ISR
  C:180DH         LINE#         45
  C:181EH         LINE#         46
  C:181EH         LINE#         48
  C:1824H         LINE#         49
  C:1828H         LINE#         51
  C:182EH         LINE#         53
  C:1837H         LINE#         54
  C:1839H         LINE#         55
  C:183CH         LINE#         56
  C:183CH         LINE#         57
  C:1847H         LINE#         58
  C:1849H         LINE#         59
  C:184CH         LINE#         61
  C:184CH         LINE#         62
  C:1861H         LINE#         63
  C:1868H         LINE#         64
  C:186BH         LINE#         65
  C:186BH         LINE#         67
  C:1880H         LINE#         68
  C:1887H         LINE#         69
  C:188AH         LINE#         71
  C:188AH         LINE#         73
  -------         ENDPROC       TIMER0_ISR
  -------         ENDMOD        BSP_TIMER0

  -------         MODULE        BSP_2D4
  C:0000H         SYMBOL        _ICE_DUMMY_
  D:00B1H         PUBLIC        P0M1
  D:00B3H         PUBLIC        P1M1
  D:00B2H         PUBLIC        P0M2
  D:0080H         PUBLIC        P0
BL51 BANKED LINKER/LOCATER V6.22                                                      12/16/2017  10:54:40  PAGE 27


  D:00B4H         PUBLIC        P1M2
  D:0090H         PUBLIC        P1
  D:00A0H         PUBLIC        P2
  D:00B0H         PUBLIC        P3
  C:25C9H         PUBLIC        SPI_init
  D:00D8H         PUBLIC        PWMCON0
  C:246BH         PUBLIC        RF_ClearFIFO
  D:00A8H         PUBLIC        IE
  C:10C5H         PUBLIC        RF_Init
  C:202DH         PUBLIC        _RF_ReadBuf
  C:23B1H         PUBLIC        Wireless2d4_InitHard
  D:00B8H         PUBLIC        IP
  C:2384H         PUBLIC        ucSPI_Read
  C:1FB1H         PUBLIC        _RF_WriteBuf
  C:23C8H         PUBLIC        _RF_WriteReg
  B:0080H.0       PUBLIC        P00
  B:0090H.0       PUBLIC        P10
  B:0090H.1       PUBLIC        P11
  C:21AFH         PUBLIC        _ucRF_DumpRxData
  D:0098H         PUBLIC        SCON
  D:0088H         PUBLIC        TCON
  C:25ACH         PUBLIC        ucRF_GetRSSI
  C:1FEAH         PUBLIC        _RF_TxData
  C:2272H         SYMBOL        _?ix1000
  C:2277H         SYMBOL        _?ix1001
  C:227AH         SYMBOL        _?ix1002
  C:1305H         PUBLIC        _RF_Carrier
  D:00F8H         PUBLIC        SCON_1
  C:2280H         SYMBOL        _?ix1003
  X:0199H         PUBLIC        TX_ADDRESS_DEF
  C:2281H         SYMBOL        _?ix1004
  C:2284H         SYMBOL        _?ix1005
  C:2289H         SYMBOL        _?ix1006
  C:228CH         SYMBOL        _?ix1007
  C:2292H         SYMBOL        _?ix1008
  C:2227H         PUBLIC        RF_RxMode
  C:2293H         SYMBOL        _?ix1009
  C:242BH         PUBLIC        RF_TxMode
  D:00E8H         PUBLIC        ADCCON0
  X:019EH         PUBLIC        PUBLIC_ADDRESS_DEF
  D:00C0H         PUBLIC        I2CON
  C:2439H         PUBLIC        _RF_SetChannel
  D:00C8H         PUBLIC        T2CON
  C:259EH         PUBLIC        RF_ClearStatus
  C:23D7H         PUBLIC        _ucRF_ReadReg
  C:2296H         PUBLIC        _SPI_WR
  D:00D0H         PUBLIC        PSW
  C:22FBH         PUBLIC        _SPI_WW
  C:2497H         PUBLIC        ucRF_GetStatus
  -------         PROC          WIRELESS2D4_INITHARD
  C:23B1H         LINE#         12
  C:23B1H         LINE#         15
  C:23B4H         LINE#         16
  C:23B7H         LINE#         19
  C:23BAH         LINE#         20
  C:23BDH         LINE#         23
  C:23C0H         LINE#         24
BL51 BANKED LINKER/LOCATER V6.22                                                      12/16/2017  10:54:40  PAGE 28


  C:23C3H         LINE#         26
  -------         ENDPROC       WIRELESS2D4_INITHARD
  -------         PROC          SPI_INIT
  C:25C9H         LINE#         33
  C:25C9H         LINE#         37
  -------         ENDPROC       SPI_INIT
  -------         PROC          _SPI_WW
  D:0007H         SYMBOL        R_REG
  -------         DO            
  D:0006H         SYMBOL        i
  -------         ENDDO         
  C:22FBH         LINE#         43
  C:22FBH         LINE#         45
  C:22FDH         LINE#         46
  C:22FFH         LINE#         47
  C:2303H         LINE#         48
  C:2305H         LINE#         49
  C:2307H         LINE#         50
  C:2309H         LINE#         51
  C:2309H         LINE#         52
  C:230DH         LINE#         53
  C:230FH         LINE#         54
  C:2310H         LINE#         55
  C:2315H         LINE#         56
  C:2317H         LINE#         58
  -------         ENDPROC       _SPI_WW
  C:23C4H         SYMBOL        L?0058
  -------         PROC          L?0057
  -------         ENDPROC       L?0057
  C:23C4H         SYMBOL        L?0058
  -------         PROC          _RF_WRITEREG
  D:0007H         SYMBOL        reg
  D:0005H         SYMBOL        wdata
  C:23C8H         LINE#         64
  C:23C8H         LINE#         65
  C:23CAH         LINE#         66
  C:23CBH         LINE#         67
  C:23CEH         LINE#         68
  C:23D3H         LINE#         69
  C:23D4H         LINE#         70
  C:23D6H         LINE#         71
  -------         ENDPROC       _RF_WRITEREG
  -------         PROC          L?0059
  -------         ENDPROC       L?0059
  -------         PROC          _RF_WRITEBUF
  D:0007H         SYMBOL        reg
  X:0163H         SYMBOL        pBuf
  X:0166H         SYMBOL        length
  -------         DO            
  D:0005H         SYMBOL        j
  -------         ENDDO         
  C:1FB1H         LINE#         77
  C:1FBCH         LINE#         79
  C:1FBEH         LINE#         80
  C:1FC0H         LINE#         81
  C:1FC3H         LINE#         82
  C:1FCDH         LINE#         83
BL51 BANKED LINKER/LOCATER V6.22                                                      12/16/2017  10:54:40  PAGE 29


  C:1FE4H         LINE#         84
  C:1FE7H         LINE#         85
  C:1FE7H         LINE#         86
  C:1FE9H         LINE#         87
  -------         ENDPROC       _RF_WRITEBUF
  -------         PROC          _SPI_WR
  D:0007H         SYMBOL        R_REG
  -------         DO            
  D:0006H         SYMBOL        i
  -------         ENDDO         
  C:2296H         LINE#         93
  C:2296H         LINE#         95
  C:2298H         LINE#         96
  C:229AH         LINE#         97
  C:229EH         LINE#         98
  C:22A0H         LINE#         99
  C:22A2H         LINE#         100
  C:22A4H         LINE#         101
  C:22A4H         LINE#         102
  C:22A8H         LINE#         103
  C:22AAH         LINE#         104
  C:22ABH         LINE#         105
  C:22B0H         LINE#         106
  C:22B6H         LINE#         108
  C:22B8H         LINE#         110
  -------         ENDPROC       _SPI_WR
  -------         PROC          UCSPI_READ
  -------         DO            
  D:0006H         SYMBOL        i
  D:0007H         SYMBOL        dt
  -------         ENDDO         
  C:2384H         LINE#         116
  C:2384H         LINE#         118
  C:2386H         LINE#         119
  C:2387H         LINE#         120
  C:2389H         LINE#         121
  C:238DH         LINE#         122
  C:238FH         LINE#         123
  C:2392H         LINE#         124
  C:2395H         LINE#         125
  C:2395H         LINE#         126
  C:239AH         LINE#         127
  C:239CH         LINE#         128
  C:239CH         LINE#         129
  -------         ENDPROC       UCSPI_READ
  -------         PROC          _UCRF_READREG
  D:0007H         SYMBOL        reg
  -------         DO            
  D:0007H         SYMBOL        dt
  -------         ENDDO         
  C:23D7H         LINE#         135
  C:23D7H         LINE#         138
  C:23D9H         LINE#         139
  C:23DAH         LINE#         140
  C:23DDH         LINE#         141
  C:23E0H         LINE#         142
  C:23E6H         LINE#         144
BL51 BANKED LINKER/LOCATER V6.22                                                      12/16/2017  10:54:40  PAGE 30


  C:23E7H         LINE#         145
  C:23E9H         LINE#         147
  C:23E9H         LINE#         148
  -------         ENDPROC       _UCRF_READREG
  -------         PROC          _RF_READBUF
  D:0007H         SYMBOL        reg
  X:014EH         SYMBOL        pBuf
  X:0151H         SYMBOL        length
  -------         DO            
  D:0005H         SYMBOL        byte_ctr
  -------         ENDDO         
  C:202DH         LINE#         154
  C:2038H         LINE#         157
  C:203AH         LINE#         158
  C:203DH         LINE#         159
  C:2049H         LINE#         160
  C:2063H         LINE#         161
  C:2069H         LINE#         163
  C:206BH         LINE#         164
  -------         ENDPROC       _RF_READBUF
  -------         PROC          RF_TXMODE
  C:242BH         LINE#         170
  C:242BH         LINE#         171
  C:242EH         LINE#         172
  C:2435H         LINE#         174
  C:2436H         LINE#         175
  C:2437H         LINE#         176
  C:2438H         LINE#         177
  -------         ENDPROC       RF_TXMODE
  -------         PROC          RF_RXMODE
  -------         DO            
  D:0006H         SYMBOL        i
  -------         ENDDO         
  C:2227H         LINE#         183
  C:2227H         LINE#         184
  C:2229H         LINE#         185
  C:222FH         LINE#         186
  C:2236H         LINE#         187
  C:223DH         LINE#         189
  C:2240H         LINE#         190
  C:2241H         LINE#         191
  C:224CH         LINE#         193
  -------         ENDPROC       RF_RXMODE
  -------         PROC          UCRF_GETSTATUS
  C:2497H         LINE#         199
  C:2497H         LINE#         200
  C:24A0H         LINE#         201
  -------         ENDPROC       UCRF_GETSTATUS
  -------         PROC          UCRF_GETRSSI
  C:25ACH         LINE#         206
  C:25ACH         LINE#         207
  C:25B1H         LINE#         208
  -------         ENDPROC       UCRF_GETRSSI
  -------         PROC          RF_CLEARSTATUS
  C:259EH         LINE#         213
  C:259EH         LINE#         214
  -------         ENDPROC       RF_CLEARSTATUS
BL51 BANKED LINKER/LOCATER V6.22                                                      12/16/2017  10:54:40  PAGE 31


  -------         PROC          RF_CLEARFIFO
  C:246BH         LINE#         221
  C:246BH         LINE#         222
  C:2472H         LINE#         223
  -------         ENDPROC       RF_CLEARFIFO
  -------         PROC          _RF_SETCHANNEL
  D:0004H         SYMBOL        Channel
  C:2439H         LINE#         230
  C:243BH         LINE#         231
  C:243EH         LINE#         232
  -------         ENDPROC       _RF_SETCHANNEL
  -------         PROC          _RF_TXDATA
  D:0001H         SYMBOL        ucPayload
  D:0005H         SYMBOL        length
  -------         DO            
  X:014DH         SYMBOL        i
  -------         ENDDO         
  C:1FEAH         LINE#         242
  C:1FEAH         LINE#         243
  C:1FF0H         LINE#         244
  C:1FF6H         LINE#         245
  C:2000H         LINE#         246
  C:2007H         LINE#         248
  C:200EH         LINE#         249
  C:200FH         LINE#         250
  C:2029H         LINE#         251
  C:202CH         LINE#         252
  C:202CH         LINE#         253
  -------         ENDPROC       _RF_TXDATA
  -------         PROC          _UCRF_DUMPRXDATA
  D:0001H         SYMBOL        ucPayload
  D:0004H         SYMBOL        length
  C:21AFH         LINE#         267
  C:21B1H         LINE#         268
  C:21B8H         LINE#         270
  C:21BBH         LINE#         271
  C:21C5H         LINE#         272
  C:21C8H         LINE#         273
  C:21CBH         LINE#         274
  C:21D2H         LINE#         275
  C:21D5H         LINE#         276
  C:21D5H         LINE#         277
  C:21D7H         LINE#         278
  -------         ENDPROC       _UCRF_DUMPRXDATA
  -------         PROC          RF_INIT
  -------         DO            
  X:0150H         SYMBOL        BB_cal_data
  X:0155H         SYMBOL        RF_cal_data
  X:0158H         SYMBOL        RF_cal2_data
  X:015EH         SYMBOL        Dem_cal_data
  X:015FH         SYMBOL        Dem_cal2_data
  -------         ENDDO         
  C:10C5H         LINE#         289
  C:10C5H         LINE#         290
  C:10D8H         LINE#         291
  C:10EBH         LINE#         292
  C:10FEH         LINE#         293
BL51 BANKED LINKER/LOCATER V6.22                                                      12/16/2017  10:54:40  PAGE 32


  C:1111H         LINE#         294
  C:1124H         LINE#         295
  C:1127H         LINE#         296
  C:112EH         LINE#         297
  C:1135H         LINE#         299
  C:1135H         LINE#         300
  C:113CH         LINE#         301
  C:113CH         LINE#         302
  C:113CH         LINE#         303
  C:113CH         LINE#         304
  C:113FH         LINE#         305
  C:1144H         LINE#         306
  C:1149H         LINE#         307
  C:1150H         LINE#         308
  C:1157H         LINE#         309
  C:115EH         LINE#         310
  C:1165H         LINE#         311
  C:116CH         LINE#         312
  C:117DH         LINE#         314
  C:118EH         LINE#         316
  C:1195H         LINE#         317
  C:11A6H         LINE#         318
  C:11B7H         LINE#         319
  C:11C8H         LINE#         320
  C:11D9H         LINE#         321
  C:11E0H         LINE#         322
  C:11E7H         LINE#         328
  C:11EEH         LINE#         329
  -------         ENDPROC       RF_INIT
  -------         PROC          _RF_CARRIER
  X:0167H         SYMBOL        ucChannel_Set
  -------         DO            
  D:0007H         SYMBOL        i
  X:0168H         SYMBOL        BB_cal_data
  X:016DH         SYMBOL        RF_cal_data
  X:0170H         SYMBOL        RF_cal2_data
  X:0176H         SYMBOL        Dem_cal_data
  X:0177H         SYMBOL        Dem_cal2_data
  -------         ENDDO         
  C:1305H         LINE#         337
  C:130AH         LINE#         338
  C:130BH         LINE#         339
  C:131DH         LINE#         340
  C:1330H         LINE#         341
  C:1343H         LINE#         342
[...]
  C:25BFH         LINE#         20
  C:25BFH         LINE#         21
  C:25C1H         LINE#         22
  -------         ENDPROC       BSP_LED_OFF
  -------         PROC          _BSP_LED_SET
  D:0007H         SYMBOL        s
BL51 BANKED LINKER/LOCATER V6.22                                                      12/16/2017  10:54:40  PAGE 45


  C:24A1H         LINE#         23
  C:24A1H         LINE#         24
  C:24A4H         LINE#         25
  C:24A7H         LINE#         26
  C:24A7H         LINE#         27
  C:24AAH         LINE#         28
  C:24AAH         LINE#         29
  -------         ENDPROC       _BSP_LED_SET
  -------         ENDMOD        BSP_LED

  -------         MODULE        COMMON
  C:0000H         SYMBOL        _ICE_DUMMY_
  D:00B1H         PUBLIC        P0M1
  D:00B3H         PUBLIC        P1M1
  D:00B2H         PUBLIC        P0M2
  D:0080H         PUBLIC        P0
  D:00B4H         PUBLIC        P1M2
  D:0090H         PUBLIC        P1
  D:00A0H         PUBLIC        P2
  D:00B0H         PUBLIC        P3
  B:00A8H.7       PUBLIC        EA
  D:00D8H         PUBLIC        PWMCON0
  D:00A8H         PUBLIC        IE
  C:236AH         PUBLIC        SW_Reset
  D:00C7H         PUBLIC        TA
  B:00A8H.4       PUBLIC        ES
  D:00B8H         PUBLIC        IP
  B:0098H.0       PUBLIC        RI
  B:0098H.1       PUBLIC        TI
  B:00F8H.0       PUBLIC        RI_1
  B:00F8H.1       PUBLIC        TI_1
  D:0099H         PUBLIC        SBUF
  D:0087H         PUBLIC        PCON
  D:0098H         PUBLIC        SCON
  D:0089H         PUBLIC        TMOD
  D:0088H         PUBLIC        TCON
  D:009FH         PUBLIC        CHPCON
  D:009AH         PUBLIC        SBUF_1
  D:00F8H         PUBLIC        SCON_1
  D:00C6H         PUBLIC        RH3
  D:008DH         PUBLIC        TH1
  D:00C5H         PUBLIC        RL3
  C:20A9H         PUBLIC        _InitialUART0_Timer1
  C:1922H         PUBLIC        _InitialUART0_Timer3
  C:1A0AH         PUBLIC        _InitialUART1_Timer3
  B:0088H.6       PUBLIC        TR1
  D:00E8H         PUBLIC        ADCCON0
  C:2586H         PUBLIC        _Send_Data_To_UART0
  C:2596H         PUBLIC        _Send_Data_To_UART1
  D:00C0H         PUBLIC        I2CON
  D:00C8H         PUBLIC        T2CON
  D:00C4H         PUBLIC        T3CON
  C:257EH         PUBLIC        Receive_Data_From_UART0
  C:258EH         PUBLIC        Receive_Data_From_UART1
  D:008EH         PUBLIC        CKCON
  D:00D0H         PUBLIC        PSW
  -------         PROC          _INITIALUART0_TIMER1
BL51 BANKED LINKER/LOCATER V6.22                                                      12/16/2017  10:54:40  PAGE 46


  D:0004H         SYMBOL        u32Baudrate
  C:20A9H         LINE#         21
  C:20A9H         LINE#         22
  C:20A9H         LINE#         23
  C:20AFH         LINE#         25
  C:20B5H         LINE#         28
  C:20B8H         LINE#         29
  C:20BBH         LINE#         31
  C:20BEH         LINE#         32
  C:20C1H         LINE#         33
  C:20C4H         LINE#         36
  C:20DDH         LINE#         42
  C:20DFH         LINE#         45
  C:20E1H         LINE#         46
  C:20E3H         LINE#         48
  -------         ENDPROC       _INITIALUART0_TIMER1
  -------         PROC          _INITIALUART0_TIMER3
  X:01B7H         SYMBOL        u32Baudrate
  C:1922H         LINE#         50
  C:1928H         LINE#         51
  C:1928H         LINE#         52
  C:192EH         LINE#         54
  C:1934H         LINE#         57
  C:1937H         LINE#         58
  C:193AH         LINE#         59
  C:193DH         LINE#         60
  C:1940H         LINE#         63
  C:196FH         LINE#         64
  C:198FH         LINE#         70
  C:1992H         LINE#         71
  C:1994H         LINE#         73
  C:1996H         LINE#         74
  -------         ENDPROC       _INITIALUART0_TIMER3
  -------         PROC          RECEIVE_DATA_FROM_UART0
  -------         DO            
  D:0007H         SYMBOL        c
  -------         ENDDO         
  C:257EH         LINE#         76
  C:257EH         LINE#         78
  C:2581H         LINE#         80
  C:2583H         LINE#         81
  C:2585H         LINE#         82
  C:2585H         LINE#         83
  -------         ENDPROC       RECEIVE_DATA_FROM_UART0
  -------         PROC          _SEND_DATA_TO_UART0
  D:0007H         SYMBOL        c
  C:2586H         LINE#         85
  C:2586H         LINE#         86
  C:2588H         LINE#         87
  C:258AH         LINE#         88
  C:258DH         LINE#         90
  -------         ENDPROC       _SEND_DATA_TO_UART0
  -------         PROC          _INITIALUART1_TIMER3
  X:01BBH         SYMBOL        u32Baudrate
  C:1A0AH         LINE#         95
  C:1A10H         LINE#         96
  C:1A10H         LINE#         97
BL51 BANKED LINKER/LOCATER V6.22                                                      12/16/2017  10:54:40  PAGE 47


  C:1A16H         LINE#         99
  C:1A1CH         LINE#         102
  C:1A1FH         LINE#         103
  C:1A22H         LINE#         104
  C:1A25H         LINE#         107
  C:1A54H         LINE#         108
  C:1A74H         LINE#         114
  C:1A77H         LINE#         115
  -------         ENDPROC       _INITIALUART1_TIMER3
  -------         PROC          RECEIVE_DATA_FROM_UART1
  -------         DO            
  D:0007H         SYMBOL        c
  -------         ENDDO         
  C:258EH         LINE#         117
  C:258EH         LINE#         120
  C:2591H         LINE#         122
  C:2593H         LINE#         123
  C:2595H         LINE#         124
  C:2595H         LINE#         125
  -------         ENDPROC       RECEIVE_DATA_FROM_UART1
  -------         PROC          _SEND_DATA_TO_UART1
  D:0007H         SYMBOL        c
  C:2596H         LINE#         127
  C:2596H         LINE#         128
  C:2598H         LINE#         129
  C:259AH         LINE#         130
  C:259DH         LINE#         132
  -------         ENDPROC       _SEND_DATA_TO_UART1
  -------         PROC          SW_RESET
  C:236AH         LINE#         135
  C:236AH         LINE#         136
  C:236AH         LINE#         137
  C:236DH         LINE#         138
  C:2370H         LINE#         139
  C:2383H         LINE#         140
  -------         ENDPROC       SW_RESET
  -------         ENDMOD        COMMON

  -------         MODULE        DELAY
  C:0000H         SYMBOL        _ICE_DUMMY_
  D:0080H         PUBLIC        P0
  D:0090H         PUBLIC        P1
  D:00A0H         PUBLIC        P2
  C:1D1BH         PUBLIC        _Timer0_Delay100us
  D:00B0H         PUBLIC        P3
  D:00D8H         PUBLIC        PWMCON0
  C:1C09H         PUBLIC        _Timer2_Delay500us
  D:00A8H         PUBLIC        IE
  D:00B8H         PUBLIC        IP
  C:1D74H         PUBLIC        _Timer0_Delay1ms
  D:0098H         PUBLIC        SCON
  D:0089H         PUBLIC        TMOD
  D:0088H         PUBLIC        TCON
  D:00F8H         PUBLIC        SCON_1
  B:0088H.5       PUBLIC        TF0
  C:1DCDH         PUBLIC        _Timer1_Delay10ms
  B:0088H.7       PUBLIC        TF1
BL51 BANKED LINKER/LOCATER V6.22                                                      12/16/2017  10:54:40  PAGE 48


  B:00C8H.7       PUBLIC        TF2
  D:008CH         PUBLIC        TH0
  D:00C6H         PUBLIC        RH3
  D:008DH         PUBLIC        TH1
  D:00CDH         PUBLIC        TH2
  D:008AH         PUBLIC        TL0
  D:00C5H         PUBLIC        RL3
  D:008BH         PUBLIC        TL1
  D:00CCH         PUBLIC        TL2
  C:1CC0H         PUBLIC        _Timer3_Delay10us
  B:0088H.4       PUBLIC        TR0
  B:0088H.6       PUBLIC        TR1
  B:00C8H.2       PUBLIC        TR2
  D:00E8H         PUBLIC        ADCCON0
  D:00C0H         PUBLIC        I2CON
  D:00C9H         PUBLIC        T2MOD
  D:00C8H         PUBLIC        T2CON
  D:00C4H         PUBLIC        T3CON
  D:008EH         PUBLIC        CKCON
  D:00D0H         PUBLIC        PSW
  C:1C65H         PUBLIC        _Timer3_Delay100ms
  -------         PROC          _TIMER0_DELAY100US
  X:01BFH         SYMBOL        u32CNT
  C:1D1BH         LINE#         21
  C:1D21H         LINE#         22
  C:1D21H         LINE#         23
  C:1D24H         LINE#         24
  C:1D27H         LINE#         25
  C:1D29H         LINE#         26
  C:1D42H         LINE#         27
  C:1D42H         LINE#         28
  C:1D45H         LINE#         29
  C:1D48H         LINE#         30
  C:1D4BH         LINE#         31
  C:1D4DH         LINE#         32
  C:1D6FH         LINE#         33
  C:1D71H         LINE#         34
  C:1D73H         LINE#         35
  -------         ENDPROC       _TIMER0_DELAY100US
  -------         PROC          _TIMER0_DELAY1MS
  X:01C3H         SYMBOL        u32CNT
  C:1D74H         LINE#         37
  C:1D7AH         LINE#         38
  C:1D7AH         LINE#         39
  C:1D7DH         LINE#         40
  C:1D80H         LINE#         41
  C:1D82H         LINE#         42
  C:1D9BH         LINE#         43
  C:1D9BH         LINE#         44
  C:1D9EH         LINE#         45
  C:1DA1H         LINE#         46
  C:1DA4H         LINE#         47
  C:1DA6H         LINE#         48
  C:1DC8H         LINE#         49
  C:1DCAH         LINE#         50
  C:1DCCH         LINE#         51
  -------         ENDPROC       _TIMER0_DELAY1MS
BL51 BANKED LINKER/LOCATER V6.22                                                      12/16/2017  10:54:40  PAGE 49


  -------         PROC          _TIMER1_DELAY10MS
  X:01C7H         SYMBOL        u32CNT
  C:1DCDH         LINE#         54
  C:1DD3H         LINE#         55
  C:1DD3H         LINE#         56
  C:1DD6H         LINE#         57
  C:1DD9H         LINE#         58
  C:1DDBH         LINE#         59
  C:1DF4H         LINE#         60
  C:1DF4H         LINE#         61
  C:1DF7H         LINE#         62
  C:1DFAH         LINE#         63
  C:1DFDH         LINE#         64
  C:1DFFH         LINE#         65
  C:1E21H         LINE#         66
  C:1E23H         LINE#         67
  C:1E25H         LINE#         68
  -------         ENDPROC       _TIMER1_DELAY10MS
  -------         PROC          _TIMER2_DELAY500US
  X:01CBH         SYMBOL        u32CNT
  C:1C09H         LINE#         70
  C:1C0FH         LINE#         71
  C:1C0FH         LINE#         72
  C:1C12H         LINE#         73
  C:1C15H         LINE#         74
  C:1C18H         LINE#         75
  C:1C1AH         LINE#         76
  C:1C33H         LINE#         77
  C:1C33H         LINE#         78
  C:1C36H         LINE#         79
  C:1C39H         LINE#         80
  C:1C3CH         LINE#         81
  C:1C3EH         LINE#         82
  C:1C60H         LINE#         83
  C:1C62H         LINE#         84
  C:1C64H         LINE#         85
  -------         ENDPROC       _TIMER2_DELAY500US
  -------         PROC          _TIMER3_DELAY100MS
  X:01CFH         SYMBOL        u32CNT
  C:1C65H         LINE#         87
  C:1C6BH         LINE#         88
  C:1C6BH         LINE#         89
  C:1C6EH         LINE#         90
  C:1C71H         LINE#         91
  C:1C8AH         LINE#         92
  C:1C8AH         LINE#         93
  C:1C8DH         LINE#         94
  C:1C90H         LINE#         95
  C:1C95H         LINE#         96
  C:1C98H         LINE#         97
  C:1CBAH         LINE#         98
  C:1CBCH         LINE#         99
  C:1CBFH         LINE#         100
  -------         ENDPROC       _TIMER3_DELAY100MS
  -------         PROC          _TIMER3_DELAY10US
  X:01D3H         SYMBOL        u32CNT
  C:1CC0H         LINE#         102
BL51 BANKED LINKER/LOCATER V6.22                                                      12/16/2017  10:54:40  PAGE 50


  C:1CC6H         LINE#         103
  C:1CC6H         LINE#         104
  C:1CC9H         LINE#         105
  C:1CCCH         LINE#         106
  C:1CE5H         LINE#         107
  C:1CE5H         LINE#         108
  C:1CE8H         LINE#         109
  C:1CEBH         LINE#         110
  C:1CF0H         LINE#         111
  C:1CF3H         LINE#         112
  C:1D15H         LINE#         113
  C:1D17H         LINE#         114
  C:1D1AH         LINE#         115
  -------         ENDPROC       _TIMER3_DELAY10US
  -------         ENDMOD        DELAY

  -------         MODULE        VERSION
  C:0000H         SYMBOL        _ICE_DUMMY_
  D:0080H         PUBLIC        P0
  D:0090H         PUBLIC        P1
  D:00A0H         PUBLIC        P2
  D:00B0H         PUBLIC        P3
  D:00D8H         PUBLIC        PWMCON0
  D:00A8H         PUBLIC        IE
  D:00B8H         PUBLIC        IP
  D:0098H         PUBLIC        SCON
  D:0088H         PUBLIC        TCON
  D:00F8H         PUBLIC        SCON_1
  C:1BAAH         PUBLIC        Show_FW_Version_Number_To_PC
  D:00E8H         PUBLIC        ADCCON0
  D:00C0H         PUBLIC        I2CON
  D:00C8H         PUBLIC        T2CON
  D:00D0H         PUBLIC        PSW
  -------         PROC          SHOW_FW_VERSION_NUMBER_TO_PC
  C:1BAAH         LINE#         30
  C:1BAAH         LINE#         31
  C:1BAAH         LINE#         32
  C:1BB3H         LINE#         33
  C:1BBCH         LINE#         34
  C:1BC5H         LINE#         35
  C:1BDFH         LINE#         36
  C:1C00H         LINE#         37
  -------         ENDPROC       SHOW_FW_VERSION_NUMBER_TO_PC
  -------         ENDMOD        VERSION

  -------         MODULE        ?C_STARTUP
  C:1773H         SEGMENT       ?C_C51STARTUP
  I:0043H         SEGMENT       ?STACK
  C:0000H         PUBLIC        ?C_STARTUP
  D:00E0H         SYMBOL        ACC
  D:00F0H         SYMBOL        B
  D:0083H         SYMBOL        DPH
  D:0082H         SYMBOL        DPL
  N:0000H         SYMBOL        IBPSTACK
  N:0100H         SYMBOL        IBPSTACKTOP
  N:0080H         SYMBOL        IDATALEN
  C:1776H         SYMBOL        IDATALOOP
BL51 BANKED LINKER/LOCATER V6.22                                                      12/16/2017  10:54:40  PAGE 51


  N:0000H         SYMBOL        PBPSTACK
  N:0000H         SYMBOL        PBPSTACKTOP
  N:0000H         SYMBOL        PDATALEN
  N:0000H         SYMBOL        PDATASTART
  N:0000H         SYMBOL        PPAGE
  N:0000H         SYMBOL        PPAGEENABLE
  D:00A0H         SYMBOL        PPAGE_SFR
  D:0081H         SYMBOL        SP
  C:1773H         SYMBOL        STARTUP1
  N:0000H         SYMBOL        XBPSTACK
  N:0000H         SYMBOL        XBPSTACKTOP
  N:02FFH         SYMBOL        XDATALEN
  C:1781H         SYMBOL        XDATALOOP
  N:0000H         SYMBOL        XDATASTART
  C:0000H         LINE#         92
  C:1773H         LINE#         99
  C:1775H         LINE#         100
  C:1776H         LINE#         101
  C:1777H         LINE#         102
  C:1779H         LINE#         106
  C:177CH         LINE#         107
  C:177EH         LINE#         109
  C:1780H         LINE#         113
  C:1781H         LINE#         114
  C:1782H         LINE#         115
  C:1783H         LINE#         116
  C:1785H         LINE#         117
  C:1787H         LINE#         151
  C:178AH         LINE#         155
  -------         ENDMOD        ?C_STARTUP

  -------         MODULE        ?C?COPY
  C:00DEH         PUBLIC        ?C?COPY
  -------         ENDMOD        ?C?COPY

  -------         MODULE        ?C?CLDPTR
  C:0104H         PUBLIC        ?C?CLDPTR
  -------         ENDMOD        ?C?CLDPTR

  -------         MODULE        ?C?CLDIPTR
  C:011DH         PUBLIC        ?C?CLDIPTR
  -------         ENDMOD        ?C?CLDIPTR

  -------         MODULE        ?C?CLDOPTR
  C:0141H         PUBLIC        ?C?CLDOPTR
  -------         ENDMOD        ?C?CLDOPTR

  -------         MODULE        ?C?CILDOPTR
  C:016EH         PUBLIC        ?C?CILDOPTR
  -------         ENDMOD        ?C?CILDOPTR

  -------         MODULE        ?C?CSTOPTR
  C:01A1H         PUBLIC        ?C?CSTOPTR
  -------         ENDMOD        ?C?CSTOPTR

  -------         MODULE        ?C?IILDX
  C:01C3H         PUBLIC        ?C?IILDX
BL51 BANKED LINKER/LOCATER V6.22                                                      12/16/2017  10:54:40  PAGE 52


  -------         ENDMOD        ?C?IILDX

  -------         MODULE        ?C?ILDIX
  C:01D9H         PUBLIC        ?C?ILDIX
  -------         ENDMOD        ?C?ILDIX

  -------         MODULE        ?C?ILDOPTR
  C:01EFH         PUBLIC        ?C?ILDOPTR
  -------         ENDMOD        ?C?ILDOPTR

  -------         MODULE        ?C?IILDOPTR
  C:0227H         PUBLIC        ?C?IILDOPTR
  -------         ENDMOD        ?C?IILDOPTR

  -------         MODULE        ?C?ISTOPTR
  C:0274H         PUBLIC        ?C?ISTOPTR
  -------         ENDMOD        ?C?ISTOPTR

  -------         MODULE        ?C?ULDIV
  C:02DDH         PUBLIC        ?C?ULDIV
  -------         ENDMOD        ?C?ULDIV

  -------         MODULE        ?C?ULCMP
  C:036FH         PUBLIC        ?C?ULCMP
  -------         ENDMOD        ?C?ULCMP

  -------         MODULE        ?C?ULSHR
  C:0380H         PUBLIC        ?C?ULSHR
  -------         ENDMOD        ?C?ULSHR

  -------         MODULE        ?C?LSTXDATA
  C:0393H         PUBLIC        ?C?LSTXDATA
  -------         ENDMOD        ?C?LSTXDATA

  -------         MODULE        ?C?PLDPTR
  C:039FH         PUBLIC        ?C?PLDPTR
  -------         ENDMOD        ?C?PLDPTR

  -------         MODULE        ?C?ICALL
  C:03BFH         PUBLIC        ?C?ICALL
  C:03C3H         PUBLIC        ?C?ICALL2
  -------         ENDMOD        ?C?ICALL

  -------         MODULE        PRINTF
  X:0123H         PUBLIC        ?_PRINTF517?BYTE
  X:0123H         PUBLIC        ?_PRINTF?BYTE
  X:0123H         PUBLIC        ?_SPRINTF517?BYTE
  X:0123H         PUBLIC        ?_SPRINTF?BYTE
  C:04DBH         PUBLIC        _PRINTF
  C:04DBH         PUBLIC        _PRINTF517
  C:04D5H         PUBLIC        _SPRINTF
  C:04D5H         PUBLIC        _SPRINTF517
  -------         ENDMOD        PRINTF

  -------         MODULE        ?C?MEMSET
  C:03C5H         PUBLIC        ?C?MEMSET
  -------         ENDMOD        ?C?MEMSET
BL51 BANKED LINKER/LOCATER V6.22                                                      12/16/2017  10:54:40  PAGE 53



  -------         MODULE        ?C?CSTPTR
  C:03F1H         PUBLIC        ?C?CSTPTR
  -------         ENDMOD        ?C?CSTPTR

  -------         MODULE        ?C?PLDIDATA
  C:0403H         PUBLIC        ?C?PLDIDATA
  -------         ENDMOD        ?C?PLDIDATA

  -------         MODULE        ?C?PLDXDATA
  C:040CH         PUBLIC        ?C?PLDXDATA
  -------         ENDMOD        ?C?PLDXDATA

  -------         MODULE        ?C?PLDIXDATA
  C:0415H         PUBLIC        ?C?PLDIXDATA
  -------         ENDMOD        ?C?PLDIXDATA

  -------         MODULE        ?C?PSTXDATA
  C:042CH         PUBLIC        ?C?PSTXDATA
  -------         ENDMOD        ?C?PSTXDATA

  -------         MODULE        ?C?PLDPDATA
  C:0435H         PUBLIC        ?C?PLDPDATA
  -------         ENDMOD        ?C?PLDPDATA

  -------         MODULE        ?C?PLDCODE
  C:043EH         PUBLIC        ?C?PLDCODE
  -------         ENDMOD        ?C?PLDCODE

  -------         MODULE        ?C?CCASE
  C:044AH         PUBLIC        ?C?CCASE
  -------         ENDMOD        ?C?CCASE

  -------         MODULE        PUTCHAR
  C:2200H         PUBLIC        _PUTCHAR
  -------         ENDMOD        PUTCHAR

Program Size: data=59.2 xdata=481 code=9675
LINK/LOCATE RUN COMPLETE.  0 WARNING(S),  0 ERROR(S)
