BL51 BANKED LINKER/LOCATER V6.22                                                        11/12/2017  23:51:35  PAGE 1


BL51 BANKED LINKER/LOCATER V6.22, INVOKED BY:
C:\KEIL_V5\C51\BIN\BL51.EXE .\Out\Objects\main.obj, .\Out\Objects\app_repeat_exe.obj, .\Out\Objects\app_2d4.obj, .\Out\O
>> bjects\app_crc.obj, .\Out\Objects\app_eeprom.obj, .\Out\Objects\app_key.obj, .\Out\Objects\bsp.obj, .\Out\Objects\bsp
>> _timer0.obj, .\Out\Objects\bsp_2d4.obj, .\Out\Objects\bsp_eeprom.obj, .\Out\Objects\bsp_key.obj, .\Out\Objects\Common
>> .obj, .\Out\Objects\Delay.obj, .\Out\Objects\Version.obj, .\Out\Objects\STARTUP.obj TO .\Out\Objects\project PRINT (.
>> \Out\Listings\project.m51) RAMSIZE (256) DISABLEWARNING (16)


MEMORY MODEL: LARGE


INPUT MODULES INCLUDED:
  .\Out\Objects\main.obj (MAIN)
  .\Out\Objects\app_repeat_exe.obj (APP_REPEAT_EXE)
  .\Out\Objects\app_2d4.obj (APP_2D4)
  .\Out\Objects\app_crc.obj (APP_CRC)
  .\Out\Objects\app_eeprom.obj (APP_EEPROM)
  .\Out\Objects\app_key.obj (APP_KEY)
  .\Out\Objects\bsp.obj (BSP)
  .\Out\Objects\bsp_timer0.obj (BSP_TIMER0)
  .\Out\Objects\bsp_2d4.obj (BSP_2D4)
  .\Out\Objects\bsp_eeprom.obj (BSP_EEPROM)
  .\Out\Objects\bsp_key.obj (BSP_KEY)
  .\Out\Objects\Common.obj (COMMON)
  .\Out\Objects\Delay.obj (DELAY)
  .\Out\Objects\Version.obj (VERSION)
  .\Out\Objects\STARTUP.obj (?C_STARTUP)
  C:\KEIL_V5\C51\LIB\C51L.LIB (?C_INIT)
  C:\KEIL_V5\C51\LIB\C51L.LIB (?C?COPY)
  C:\KEIL_V5\C51\LIB\C51L.LIB (?C?CLDPTR)
  C:\KEIL_V5\C51\LIB\C51L.LIB (?C?CLDOPTR)
  C:\KEIL_V5\C51\LIB\C51L.LIB (?C?CILDOPTR)
  C:\KEIL_V5\C51\LIB\C51L.LIB (?C?CSTOPTR)
  C:\KEIL_V5\C51\LIB\C51L.LIB (?C?IILDX)
  C:\KEIL_V5\C51\LIB\C51L.LIB (?C?ILDIX)
  C:\KEIL_V5\C51\LIB\C51L.LIB (?C?ILDOPTR)
  C:\KEIL_V5\C51\LIB\C51L.LIB (?C?IILDOPTR)
  C:\KEIL_V5\C51\LIB\C51L.LIB (?C?ISTOPTR)
  C:\KEIL_V5\C51\LIB\C51L.LIB (?C?ULDIV)
  C:\KEIL_V5\C51\LIB\C51L.LIB (?C?ULCMP)
  C:\KEIL_V5\C51\LIB\C51L.LIB (?C?ULSHR)
  C:\KEIL_V5\C51\LIB\C51L.LIB (?C?LSTXDATA)
  C:\KEIL_V5\C51\LIB\C51L.LIB (?C?PLDPTR)
  C:\KEIL_V5\C51\LIB\C51L.LIB (?C?ICALL)
  C:\KEIL_V5\C51\LIB\C51L.LIB (PRINTF)
  C:\KEIL_V5\C51\LIB\C51L.LIB (?C?MEMSET)
  C:\KEIL_V5\C51\LIB\C51L.LIB (?C?CSTPTR)
  C:\KEIL_V5\C51\LIB\C51L.LIB (?C?PLDIDATA)
  C:\KEIL_V5\C51\LIB\C51L.LIB (?C?PLDXDATA)
  C:\KEIL_V5\C51\LIB\C51L.LIB (?C?PLDIXDATA)
  C:\KEIL_V5\C51\LIB\C51L.LIB (?C?PSTXDATA)
  C:\KEIL_V5\C51\LIB\C51L.LIB (?C?PLDPDATA)
  C:\KEIL_V5\C51\LIB\C51L.LIB (?C?PLDCODE)
  C:\KEIL_V5\C51\LIB\C51L.LIB (?C?CCASE)
  C:\KEIL_V5\C51\LIB\C51L.LIB (PUTCHAR)


LINK MAP OF MODULE:  .\Out\Objects\project (MAIN)
BL51 BANKED LINKER/LOCATER V6.22                                                      11/12/2017  23:51:35  PAGE 2




            TYPE    BASE      LENGTH    RELOCATION   SEGMENT NAME
            -----------------------------------------------------

            * * * * * * *   D A T A   M E M O R Y   * * * * * * *
            REG     0000H     0008H     ABSOLUTE     "REG BANK 0"
            DATA    0008H     0005H     UNIT         ?DT?PRINTF?PRINTF
                    000DH     0013H                  *** GAP ***
            BIT     0020H.0   0001H.1   UNIT         ?BI?PRINTF?PRINTF
            BIT     0021H.1   0000H.1   UNIT         ?BI?BSP
                    0021H.2   0000H.6                *** GAP ***
            IDATA   0022H     0001H     UNIT         ?STACK

            * * * * * * *  X D A T A   M E M O R Y  * * * * * * *
            XDATA   0000H     0118H     UNIT         ?XD?BSP_KEY
            XDATA   0118H     0029H     UNIT         ?XD?APP_2D4
            XDATA   0141H     0028H     UNIT         ?XD?PRINTF?PRINTF
            XDATA   0169H     0017H     UNIT         _XDATA_GROUP_
            XDATA   0180H     0013H     UNIT         ?XD?_RF_CARRIER?BSP_2D4
            XDATA   0193H     0012H     UNIT         ?XD?APP_REPEAT_EXE
            XDATA   01A5H     000CH     UNIT         ?XD?BSP_TIMER0
            XDATA   01B1H     0006H     UNIT         ?XD?_APP_CALCCRC8_CYCLE?APP_CRC
            XDATA   01B7H     0006H     UNIT         ?XD?BSP_EEPROM
            XDATA   01BDH     0005H     UNIT         ?XD?BSP_2D4
            XDATA   01C2H     0004H     UNIT         ?XD?_APP_2D4_SEND?APP_2D4
            XDATA   01C6H     0004H     UNIT         ?XD?_INITIALUART0_TIMER3?COMMON
            XDATA   01CAH     0004H     UNIT         ?XD?_INITIALUART1_TIMER3?COMMON
            XDATA   01CEH     0004H     UNIT         ?XD?_TIMER0_DELAY100US?DELAY
            XDATA   01D2H     0004H     UNIT         ?XD?_TIMER0_DELAY1MS?DELAY
            XDATA   01D6H     0004H     UNIT         ?XD?_TIMER1_DELAY10MS?DELAY
            XDATA   01DAH     0004H     UNIT         ?XD?_TIMER2_DELAY500US?DELAY
            XDATA   01DEH     0004H     UNIT         ?XD?_TIMER3_DELAY100MS?DELAY
            XDATA   01E2H     0004H     UNIT         ?XD?_TIMER3_DELAY10US?DELAY
            XDATA   01E6H     0003H     UNIT         ?XD?_APP_2D4_RCV?APP_2D4
            XDATA   01E9H     0003H     UNIT         ?XD?_APP_CALCCRC8?APP_CRC
            XDATA   01ECH     0003H     UNIT         ?XD?_APP_KEY_PRO?APP_KEY
            XDATA   01EFH     0002H     UNIT         ?XD?APP_CRC
            XDATA   01F1H     0001H     UNIT         ?XD?MAIN
            XDATA   01F2H     0001H     UNIT         ?XD?_BSP_DETECTKEY?BSP_KEY
            XDATA   01F3H     0001H     UNIT         ?XD?BSP_KEYSCAN?BSP_KEY

            * * * * * * *   C O D E   M E M O R Y   * * * * * * *
            CODE    0000H     0003H     ABSOLUTE     
            CODE    0003H     0008H     UNIT         ?PR?_READ_APROM_BYTE?BSP_EEPROM
            CODE    000BH     0003H     ABSOLUTE     
            CODE    000EH     05AAH     UNIT         ?PR?_APP_KEY_PRO?APP_KEY
            CODE    05B8H     043EH     UNIT         ?C?LIB_CODE
            CODE    09F6H     0365H     UNIT         ?PR?PRINTF?PRINTF
            CODE    0D5BH     0317H     UNIT         ?PR?BSP_INITKEYVAR?BSP_KEY
            CODE    1072H     01A1H     UNIT         ?PR?_WRITE_DATAFLASH_BYTE?BSP_EEPROM
            CODE    1213H     015AH     UNIT         ?PR?_BSP_DETECTKEY?BSP_KEY
            CODE    136DH     012EH     UNIT         ?PR?RF_INIT?BSP_2D4
            CODE    149BH     0126H     UNIT         ?PR?_ISKEYDOWN?BSP_KEY
            CODE    15C1H     0112H     UNIT         ?CO?VERSION
            CODE    16D3H     00E3H     UNIT         ?PR?_RF_CARRIER?BSP_2D4
            CODE    17B6H     00B5H     UNIT         ?PR?REPEAT_PRO?APP_REPEAT_EXE
BL51 BANKED LINKER/LOCATER V6.22                                                      11/12/2017  23:51:35  PAGE 3


            CODE    186BH     009AH     UNIT         ?C_C51STARTUP
            CODE    1905H     0089H     UNIT         ?PR?_APP_CALCCRC8_CYCLE?APP_CRC
            CODE    198EH     0081H     UNIT         ?PR?TIMER0_ISR?BSP_TIMER0
            CODE    1A0FH     0075H     UNIT         ?PR?_INITIALUART0_TIMER3?COMMON
            CODE    1A84H     006FH     UNIT         ?PR?_APP_2D4_SEND?APP_2D4
            CODE    1AF3H     006EH     UNIT         ?PR?_INITIALUART1_TIMER3?COMMON
            CODE    1B61H     0064H     UNIT         ?PR?_APP_CALCCRC8?APP_CRC
            CODE    1BC5H     005FH     UNIT         ?PR?SHOW_FW_VERSION_NUMBER_TO_PC?VERSION
            CODE    1C24H     005CH     UNIT         ?PR?_TIMER2_DELAY500US?DELAY
            CODE    1C80H     005BH     UNIT         ?PR?_TIMER3_DELAY100MS?DELAY
            CODE    1CDBH     005BH     UNIT         ?PR?_TIMER3_DELAY10US?DELAY
            CODE    1D36H     0059H     UNIT         ?PR?_TIMER0_DELAY100US?DELAY
            CODE    1D8FH     0059H     UNIT         ?PR?_TIMER0_DELAY1MS?DELAY
            CODE    1DE8H     0059H     UNIT         ?PR?_TIMER1_DELAY10MS?DELAY
            CODE    1E41H     004EH     UNIT         ?C_INITSEG
            CODE    1E8FH     0043H     UNIT         ?PR?_RF_WRITEBUF?BSP_2D4
            CODE    1ED2H     0043H     UNIT         ?PR?_RF_TXDATA?BSP_2D4
            CODE    1F15H     0041H     UNIT         ?PR?APP_2D4_PRO?APP_2D4
            CODE    1F56H     003FH     UNIT         ?PR?_RF_READBUF?BSP_2D4
            CODE    1F95H     003DH     UNIT         ?PR?BSP_INITKEYHARD?BSP_KEY
            CODE    1FD2H     003BH     UNIT         ?PR?_INITIALUART0_TIMER1?COMMON
            CODE    200DH     0037H     UNIT         ?PR?_BSP_SETKEYPARAM?BSP_KEY
            CODE    2044H     0036H     UNIT         ?PR?MAIN?MAIN
            CODE    207AH     0032H     UNIT         ?PR?_REPEAT_START?APP_REPEAT_EXE
            CODE    20ACH     002AH     UNIT         ?PR?BSP_GETKEY?BSP_KEY
            CODE    20D6H     0029H     UNIT         ?PR?_UCRF_DUMPRXDATA?BSP_2D4
            CODE    20FFH     0028H     UNIT         ?PR?BSP_GETKEY2?BSP_KEY
            CODE    2127H     0027H     UNIT         ?PR?APP_2D4_INIT?APP_2D4
            CODE    214EH     0027H     UNIT         ?PR?PUTCHAR?PUTCHAR
            CODE    2175H     0026H     UNIT         ?PR?RF_RXMODE?BSP_2D4
            CODE    219BH     0024H     UNIT         ?CO?BSP_2D4
            CODE    21BFH     0023H     UNIT         ?PR?_SPI_WR?BSP_2D4
            CODE    21E2H     0020H     UNIT         ?PR?TIMER0_INITHARD?BSP_TIMER0
            CODE    2202H     001DH     UNIT         ?PR?_SPI_WW?BSP_2D4
            CODE    221FH     001DH     UNIT         ?PR?_BSP_PUTKEY?BSP_KEY
            CODE    223CH     001BH     UNIT         ?PR?BSP_KEYSCAN?BSP_KEY
            CODE    2257H     0019H     UNIT         ?PR?UCSPI_READ?BSP_2D4
            CODE    2270H     0014H     UNIT         ?PR?REPEAT_STOP?APP_REPEAT_EXE
            CODE    2284H     0013H     UNIT         ?PR?WIRELESS2D4_INITHARD?BSP_2D4
            CODE    2297H     0013H     UNIT         ?PR?_RF_WRITEREG?BSP_2D4
            CODE    22AAH     0013H     UNIT         ?PR?_UCRF_READREG?BSP_2D4
            CODE    22BDH     0012H     UNIT         ?PR?_BSP_GETKEYSTATE?BSP_KEY
            CODE    22CFH     0010H     UNIT         ?PR?REPEAT_START_EXE?APP_REPEAT_EXE
            CODE    22DFH     0010H     UNIT         ?PR?REPEAT_STOP_EXE?APP_REPEAT_EXE
            CODE    22EFH     000FH     UNIT         ?PR?TIMER0_PARAMINIT?BSP_TIMER0
            CODE    22FEH     000EH     UNIT         ?PR?RF_TXMODE?BSP_2D4
            CODE    230CH     000EH     UNIT         ?PR?_RF_SETCHANNEL?BSP_2D4
            CODE    231AH     000CH     UNIT         ?PR?_REPEAT_SETSTART?APP_REPEAT_EXE
            CODE    2326H     000CH     UNIT         ?PR?_REPEAT_SETSTOP?APP_REPEAT_EXE
            CODE    2332H     000CH     UNIT         ?PR?_APP_2D4_RCV?APP_2D4
            CODE    233EH     000CH     UNIT         ?PR?BSP_INIT?BSP
            CODE    234AH     000CH     UNIT         ?PR?RF_CLEARFIFO?BSP_2D4
            CODE    2356H     000AH     UNIT         ?PR?_APP_EEPROM_WRITE_BYTE?APP_EEPROM
            CODE    2360H     000AH     UNIT         ?PR?UCRF_GETSTATUS?BSP_2D4
            CODE    236AH     0009H     UNIT         ?PR?BSP_CLEARKEY?BSP_KEY
            CODE    2373H     0008H     UNIT         ?PR?ISKEYDOWN2?BSP_KEY
            CODE    237BH     0008H     UNIT         ?PR?ISKEYDOWN3?BSP_KEY
BL51 BANKED LINKER/LOCATER V6.22                                                      11/12/2017  23:51:35  PAGE 4


            CODE    2383H     0008H     UNIT         ?PR?ISKEYDOWN4?BSP_KEY
            CODE    238BH     0008H     UNIT         ?PR?ISKEYDOWN5?BSP_KEY
            CODE    2393H     0008H     UNIT         ?PR?ISKEYDOWN6?BSP_KEY
            CODE    239BH     0008H     UNIT         ?PR?ISKEYDOWN7?BSP_KEY
            CODE    23A3H     0008H     UNIT         ?PR?ISKEYDOWN8?BSP_KEY
            CODE    23ABH     0008H     UNIT         ?PR?ISKEYDOWN9?BSP_KEY
            CODE    23B3H     0008H     UNIT         ?PR?ISKEYDOWN10?BSP_KEY
            CODE    23BBH     0008H     UNIT         ?PR?ISKEYDOWN11?BSP_KEY
            CODE    23C3H     0008H     UNIT         ?PR?ISKEYDOWN12?BSP_KEY
            CODE    23CBH     0008H     UNIT         ?PR?ISKEYDOWN13?BSP_KEY
            CODE    23D3H     0008H     UNIT         ?PR?ISKEYDOWN14?BSP_KEY
            CODE    23DBH     0008H     UNIT         ?PR?ISKEYDOWN15?BSP_KEY
            CODE    23E3H     0008H     UNIT         ?PR?ISKEYDOWN16?BSP_KEY
            CODE    23EBH     0008H     UNIT         ?PR?ISKEYDOWN17?BSP_KEY
            CODE    23F3H     0008H     UNIT         ?PR?ISKEYDOWN18?BSP_KEY
            CODE    23FBH     0008H     UNIT         ?PR?ISKEYDOWN19?BSP_KEY
            CODE    2403H     0008H     UNIT         ?PR?ISKEYDOWN20?BSP_KEY
            CODE    240BH     0008H     UNIT         ?PR?ISKEYDOWN21?BSP_KEY
            CODE    2413H     0008H     UNIT         ?PR?ISKEYDOWN22?BSP_KEY
            CODE    241BH     0008H     UNIT         ?PR?ISKEYDOWN23?BSP_KEY
            CODE    2423H     0008H     UNIT         ?PR?ISKEYDOWN24?BSP_KEY
            CODE    242BH     0008H     UNIT         ?PR?RECEIVE_DATA_FROM_UART0?COMMON
            CODE    2433H     0008H     UNIT         ?PR?_SEND_DATA_TO_UART0?COMMON
            CODE    243BH     0008H     UNIT         ?PR?RECEIVE_DATA_FROM_UART1?COMMON
            CODE    2443H     0008H     UNIT         ?PR?_SEND_DATA_TO_UART1?COMMON
            CODE    244BH     0007H     UNIT         ?PR?RF_CLEARSTATUS?BSP_2D4
            CODE    2452H     0007H     UNIT         ?PR?ISKEYDOWN1?BSP_KEY
            CODE    2459H     0006H     UNIT         ?PR?UCRF_GETRSSI?BSP_2D4
            CODE    245FH     0006H     UNIT         ?PR?BSP_INITKEY?BSP_KEY
            CODE    2465H     0001H     UNIT         ?PR?APP_EEPROM_INIT?APP_EEPROM
            CODE    2466H     0001H     UNIT         ?PR?APP_EEPROM_100MS_PRO?APP_EEPROM
            CODE    2467H     0001H     UNIT         ?PR?APP_EEPROM_PRO?APP_EEPROM
            CODE    2468H     0001H     UNIT         ?PR?SPI_INIT?BSP_2D4
            CODE    2469H     0001H     UNIT         ?PR?EEPROM_INITHARD?BSP_EEPROM



OVERLAY MAP OF MODULE:   .\Out\Objects\project (MAIN)


SEGMENT                                            XDATA_GROUP
  +--> CALLED SEGMENT                            START    LENGTH
----------------------------------------------------------------
?C_C51STARTUP                                    -----    -----
  +--> ?PR?MAIN?MAIN
  +--> ?C_INITSEG

?PR?MAIN?MAIN                                    -----    -----
  +--> ?PR?BSP_INIT?BSP
  +--> ?PR?APP_EEPROM_INIT?APP_EEPROM
  +--> ?PR?APP_2D4_INIT?APP_2D4
  +--> ?PR?APP_2D4_PRO?APP_2D4

?PR?BSP_INIT?BSP                                 -----    -----
  +--> ?PR?WIRELESS2D4_INITHARD?BSP_2D4
  +--> ?PR?BSP_INITKEY?BSP_KEY
  +--> ?PR?TIMER0_INITHARD?BSP_TIMER0
BL51 BANKED LINKER/LOCATER V6.22                                                      11/12/2017  23:51:35  PAGE 5



?PR?BSP_INITKEY?BSP_KEY                          -----    -----
  +--> ?PR?BSP_INITKEYVAR?BSP_KEY
  +--> ?PR?BSP_INITKEYHARD?BSP_KEY

?PR?BSP_INITKEYVAR?BSP_KEY                       -----    -----
  +--> ?PR?ISKEYDOWN1?BSP_KEY
  +--> ?PR?ISKEYDOWN2?BSP_KEY
  +--> ?PR?ISKEYDOWN3?BSP_KEY
  +--> ?PR?ISKEYDOWN4?BSP_KEY
  +--> ?PR?ISKEYDOWN5?BSP_KEY
  +--> ?PR?ISKEYDOWN6?BSP_KEY
  +--> ?PR?ISKEYDOWN7?BSP_KEY
  +--> ?PR?ISKEYDOWN8?BSP_KEY
  +--> ?PR?ISKEYDOWN9?BSP_KEY
  +--> ?PR?ISKEYDOWN10?BSP_KEY
  +--> ?PR?ISKEYDOWN11?BSP_KEY
  +--> ?PR?ISKEYDOWN12?BSP_KEY
  +--> ?PR?ISKEYDOWN13?BSP_KEY
  +--> ?PR?ISKEYDOWN14?BSP_KEY
  +--> ?PR?ISKEYDOWN15?BSP_KEY
  +--> ?PR?ISKEYDOWN16?BSP_KEY
  +--> ?PR?ISKEYDOWN17?BSP_KEY
  +--> ?PR?ISKEYDOWN18?BSP_KEY
  +--> ?PR?ISKEYDOWN19?BSP_KEY
  +--> ?PR?ISKEYDOWN20?BSP_KEY
  +--> ?PR?ISKEYDOWN21?BSP_KEY
  +--> ?PR?ISKEYDOWN22?BSP_KEY
  +--> ?PR?ISKEYDOWN23?BSP_KEY
  +--> ?PR?ISKEYDOWN24?BSP_KEY

?PR?ISKEYDOWN1?BSP_KEY                           -----    -----
  +--> ?PR?_ISKEYDOWN?BSP_KEY

?PR?ISKEYDOWN2?BSP_KEY                           -----    -----
  +--> ?PR?_ISKEYDOWN?BSP_KEY

?PR?ISKEYDOWN3?BSP_KEY                           -----    -----
  +--> ?PR?_ISKEYDOWN?BSP_KEY

?PR?ISKEYDOWN4?BSP_KEY                           -----    -----
  +--> ?PR?_ISKEYDOWN?BSP_KEY

?PR?ISKEYDOWN5?BSP_KEY                           -----    -----
  +--> ?PR?_ISKEYDOWN?BSP_KEY

?PR?ISKEYDOWN6?BSP_KEY                           -----    -----
  +--> ?PR?_ISKEYDOWN?BSP_KEY

?PR?ISKEYDOWN7?BSP_KEY                           -----    -----
  +--> ?PR?_ISKEYDOWN?BSP_KEY

?PR?ISKEYDOWN8?BSP_KEY                           -----    -----
  +--> ?PR?_ISKEYDOWN?BSP_KEY

?PR?ISKEYDOWN9?BSP_KEY                           -----    -----
  +--> ?PR?_ISKEYDOWN?BSP_KEY
BL51 BANKED LINKER/LOCATER V6.22                                                      11/12/2017  23:51:35  PAGE 6



?PR?ISKEYDOWN10?BSP_KEY                          -----    -----
  +--> ?PR?_ISKEYDOWN?BSP_KEY

?PR?ISKEYDOWN11?BSP_KEY                          -----    -----
  +--> ?PR?_ISKEYDOWN?BSP_KEY

?PR?ISKEYDOWN12?BSP_KEY                          -----    -----
  +--> ?PR?_ISKEYDOWN?BSP_KEY

?PR?ISKEYDOWN13?BSP_KEY                          -----    -----
  +--> ?PR?_ISKEYDOWN?BSP_KEY

?PR?ISKEYDOWN14?BSP_KEY                          -----    -----
  +--> ?PR?_ISKEYDOWN?BSP_KEY

?PR?ISKEYDOWN15?BSP_KEY                          -----    -----
  +--> ?PR?_ISKEYDOWN?BSP_KEY

?PR?ISKEYDOWN16?BSP_KEY                          -----    -----
  +--> ?PR?_ISKEYDOWN?BSP_KEY

?PR?ISKEYDOWN17?BSP_KEY                          -----    -----
  +--> ?PR?_ISKEYDOWN?BSP_KEY

?PR?ISKEYDOWN18?BSP_KEY                          -----    -----
  +--> ?PR?_ISKEYDOWN?BSP_KEY

?PR?ISKEYDOWN19?BSP_KEY                          -----    -----
  +--> ?PR?_ISKEYDOWN?BSP_KEY

?PR?ISKEYDOWN20?BSP_KEY                          -----    -----
  +--> ?PR?_ISKEYDOWN?BSP_KEY

?PR?ISKEYDOWN21?BSP_KEY                          -----    -----
  +--> ?PR?_ISKEYDOWN?BSP_KEY

?PR?ISKEYDOWN22?BSP_KEY                          -----    -----
  +--> ?PR?_ISKEYDOWN?BSP_KEY

?PR?ISKEYDOWN23?BSP_KEY                          -----    -----
  +--> ?PR?_ISKEYDOWN?BSP_KEY

?PR?ISKEYDOWN24?BSP_KEY                          -----    -----
  +--> ?PR?_ISKEYDOWN?BSP_KEY

?PR?TIMER0_INITHARD?BSP_TIMER0                   -----    -----
  +--> ?PR?TIMER0_PARAMINIT?BSP_TIMER0

?PR?APP_2D4_INIT?APP_2D4                         -----    -----
  +--> ?PR?RF_INIT?BSP_2D4
  +--> ?PR?RF_RXMODE?BSP_2D4

?PR?RF_INIT?BSP_2D4                              0169H    0012H
  +--> ?CO?BSP_2D4
  +--> ?PR?SPI_INIT?BSP_2D4
  +--> ?PR?_RF_WRITEREG?BSP_2D4
BL51 BANKED LINKER/LOCATER V6.22                                                      11/12/2017  23:51:35  PAGE 7


  +--> ?PR?_RF_WRITEBUF?BSP_2D4

?PR?_RF_WRITEREG?BSP_2D4                         -----    -----
  +--> ?PR?_SPI_WW?BSP_2D4

?PR?_RF_WRITEBUF?BSP_2D4                         017BH    0005H
  +--> ?PR?_SPI_WW?BSP_2D4

?PR?RF_RXMODE?BSP_2D4                            -----    -----
  +--> ?PR?_RF_WRITEREG?BSP_2D4

?PR?APP_2D4_PRO?APP_2D4                          -----    -----
  +--> ?PR?UCRF_GETSTATUS?BSP_2D4
  +--> ?PR?RF_CLEARFIFO?BSP_2D4
  +--> ?PR?RF_CLEARSTATUS?BSP_2D4
  +--> ?PR?_RF_TXDATA?BSP_2D4
  +--> ?PR?_UCRF_DUMPRXDATA?BSP_2D4

?PR?UCRF_GETSTATUS?BSP_2D4                       -----    -----
  +--> ?PR?_UCRF_READREG?BSP_2D4

?PR?_UCRF_READREG?BSP_2D4                        -----    -----
  +--> ?PR?_SPI_WR?BSP_2D4
  +--> ?PR?UCSPI_READ?BSP_2D4

?PR?RF_CLEARFIFO?BSP_2D4                         -----    -----
  +--> ?PR?_RF_WRITEREG?BSP_2D4

?PR?RF_CLEARSTATUS?BSP_2D4                       -----    -----
  +--> ?PR?_RF_WRITEREG?BSP_2D4

?PR?_RF_TXDATA?BSP_2D4                           0169H    0002H
  +--> ?PR?UCRF_GETSTATUS?BSP_2D4
  +--> ?PR?_RF_WRITEBUF?BSP_2D4
  +--> ?PR?_RF_WRITEREG?BSP_2D4

?PR?_UCRF_DUMPRXDATA?BSP_2D4                     -----    -----
  +--> ?PR?UCRF_GETSTATUS?BSP_2D4
  +--> ?PR?_RF_WRITEREG?BSP_2D4
  +--> ?PR?_RF_READBUF?BSP_2D4
  +--> ?PR?RF_CLEARFIFO?BSP_2D4
  +--> ?PR?RF_CLEARSTATUS?BSP_2D4

?PR?_RF_READBUF?BSP_2D4                          0169H    0005H
  +--> ?PR?_SPI_WR?BSP_2D4
  +--> ?PR?UCSPI_READ?BSP_2D4



SYMBOL TABLE OF MODULE:  .\Out\Objects\project (MAIN)

  VALUE           TYPE          NAME
  ----------------------------------

  -------         MODULE        MAIN
  C:0000H         SYMBOL        _ICE_DUMMY_
  D:0080H         PUBLIC        P0
BL51 BANKED LINKER/LOCATER V6.22                                                      11/12/2017  23:51:35  PAGE 8


  D:0090H         PUBLIC        P1
  D:00A0H         PUBLIC        P2
  D:00B0H         PUBLIC        P3
  D:00D8H         PUBLIC        PWMCON0
  D:00A8H         PUBLIC        IE
  D:00B8H         PUBLIC        IP
  C:2044H         PUBLIC        main
  D:0098H         PUBLIC        SCON
  D:0088H         PUBLIC        TCON
  D:00F8H         PUBLIC        SCON_1
  X:01F1H         SYMBOL        dome_cnt
  D:00E8H         PUBLIC        ADCCON0
  D:00C0H         PUBLIC        I2CON
  D:00C8H         PUBLIC        T2CON
  D:00D0H         PUBLIC        PSW
  -------         PROC          MAIN
  C:2044H         LINE#         5
  C:2044H         LINE#         8
  C:2047H         LINE#         11
  C:204AH         LINE#         12
  C:204DH         LINE#         18
  C:204DH         LINE#         21
  C:2053H         LINE#         22
  C:2055H         LINE#         26
  C:2055H         LINE#         28
  C:205BH         LINE#         29
  C:205DH         LINE#         32
  C:205DH         LINE#         33
  C:2063H         LINE#         34
  C:2065H         LINE#         36
  C:2068H         LINE#         40
  C:2068H         LINE#         41
  C:206EH         LINE#         42
  C:2070H         LINE#         45
  C:2070H         LINE#         46
  C:2076H         LINE#         47
  C:2078H         LINE#         50
  C:2078H         LINE#         51
  -------         ENDPROC       MAIN
  -------         ENDMOD        MAIN

  -------         MODULE        APP_REPEAT_EXE
  C:0000H         SYMBOL        _ICE_DUMMY_
  D:0080H         PUBLIC        P0
  D:0090H         PUBLIC        P1
  D:00A0H         PUBLIC        P2
  D:00B0H         PUBLIC        P3
  C:231AH         PUBLIC        _Repeat_SetStart
  D:00D8H         PUBLIC        PWMCON0
  D:00A8H         PUBLIC        IE
  C:22DFH         SYMBOL        Repeat_Stop_exe
  D:00B8H         PUBLIC        IP
  C:2326H         PUBLIC        _Repeat_SetStop
  X:0193H         SYMBOL        g_tRepeat
  D:0098H         PUBLIC        SCON
  D:0088H         PUBLIC        TCON
  D:00F8H         PUBLIC        SCON_1
BL51 BANKED LINKER/LOCATER V6.22                                                      11/12/2017  23:51:35  PAGE 9


  C:207AH         PUBLIC        _Repeat_Start
  D:00E8H         PUBLIC        ADCCON0
  D:00C0H         PUBLIC        I2CON
  D:00C8H         PUBLIC        T2CON
  C:2270H         PUBLIC        Repeat_Stop
  C:17B6H         PUBLIC        Repeat_Pro
  C:22CFH         SYMBOL        Repeat_Start_exe
  D:00D0H         PUBLIC        PSW
  -------         PROC          _REPEAT_SETSTART
  D:0001H         SYMBOL        fun
  C:231AH         LINE#         12
  C:231AH         LINE#         13
  C:2325H         LINE#         14
  -------         ENDPROC       _REPEAT_SETSTART
  -------         PROC          _REPEAT_SETSTOP
  D:0001H         SYMBOL        fun
  C:2326H         LINE#         16
  C:2326H         LINE#         17
  C:2331H         LINE#         18
  -------         ENDPROC       _REPEAT_SETSTOP
  -------         PROC          REPEAT_START_EXE
  C:22CFH         LINE#         20
  C:22CFH         LINE#         21
  C:22DBH         LINE#         22
  C:22DEH         LINE#         23
  C:22DEH         LINE#         24
  -------         ENDPROC       REPEAT_START_EXE
  -------         PROC          REPEAT_STOP_EXE
  C:22DFH         LINE#         26
  C:22DFH         LINE#         27
  C:22EBH         LINE#         28
  C:22EEH         LINE#         29
  C:22EEH         LINE#         30
  -------         ENDPROC       REPEAT_STOP_EXE
  -------         PROC          _REPEAT_START
  D:0006H         SYMBOL        _usStartTime
  D:0004H         SYMBOL        _usStopTime
  D:0002H         SYMBOL        _usCycle
  C:207AH         LINE#         42
  C:207AH         LINE#         43
  C:207AH         LINE#         44
  C:207EH         LINE#         46
  C:207EH         LINE#         48
  C:2086H         LINE#         49
  C:208EH         LINE#         50
  C:2096H         LINE#         51
  C:209BH         LINE#         52
  C:209FH         LINE#         53
  C:20A3H         LINE#         54
  C:20A8H         LINE#         56
  C:20ABH         LINE#         57
  -------         ENDPROC       _REPEAT_START
  -------         PROC          REPEAT_STOP
  C:2270H         LINE#         67
  C:2270H         LINE#         68
  C:2275H         LINE#         69
  C:2278H         LINE#         70
BL51 BANKED LINKER/LOCATER V6.22                                                      11/12/2017  23:51:35  PAGE 10


  C:2281H         LINE#         71
  -------         ENDPROC       REPEAT_STOP
  -------         PROC          REPEAT_PRO
  C:17B6H         LINE#         83
  C:17B6H         LINE#         85
  C:17CDH         LINE#         87
  C:17CDH         LINE#         89
  C:17D3H         LINE#         90
  C:17DFH         LINE#         91
  C:17DFH         LINE#         92
  C:17F8H         LINE#         93
  C:17FBH         LINE#         94
  C:1802H         LINE#         95
  C:1807H         LINE#         96
  C:1807H         LINE#         97
  C:1808H         LINE#         99
  C:1808H         LINE#         100
  C:1810H         LINE#         101
  C:1828H         LINE#         103
  C:1837H         LINE#         104
  C:184AH         LINE#         106
  C:184FH         LINE#         107
  C:184FH         LINE#         109
  C:1855H         LINE#         110
  C:185CH         LINE#         112
  C:185CH         LINE#         113
  C:185CH         LINE#         114
  C:1863H         LINE#         115
  C:1867H         LINE#         117
  C:186AH         LINE#         118
  C:186AH         LINE#         119
  C:186AH         LINE#         121
  -------         ENDPROC       REPEAT_PRO
  -------         ENDMOD        APP_REPEAT_EXE

  -------         MODULE        APP_2D4
  C:0000H         SYMBOL        _ICE_DUMMY_
  D:0080H         PUBLIC        P0
  D:0090H         PUBLIC        P1
  D:00A0H         PUBLIC        P2
  D:00B0H         PUBLIC        P3
  C:2127H         PUBLIC        app_2d4_init
  D:00D8H         PUBLIC        PWMCON0
  D:00A8H         PUBLIC        IE
  D:00B8H         PUBLIC        IP
  C:1F15H         PUBLIC        app_2d4_pro
  D:0098H         PUBLIC        SCON
  D:0088H         PUBLIC        TCON
  D:00F8H         PUBLIC        SCON_1
  X:0118H         PUBLIC        sendBuf
  X:0128H         SYMBOL        sendRcv_flag
  D:00E8H         PUBLIC        ADCCON0
  D:00C0H         PUBLIC        I2CON
  D:00C8H         PUBLIC        T2CON
  X:0129H         SYMBOL        rcvBuf
  X:0139H         PUBLIC        tmpBuf
  C:2332H         SYMBOL        _app_2d4_Rcv
BL51 BANKED LINKER/LOCATER V6.22                                                      11/12/2017  23:51:35  PAGE 11


  C:1A84H         PUBLIC        _app_2d4_send
  D:00D0H         PUBLIC        PSW
  -------         PROC          APP_2D4_INIT
  C:2127H         LINE#         22
  C:2127H         LINE#         24
  C:212CH         LINE#         25
  C:2139H         LINE#         26
  C:2148H         LINE#         28
  C:214BH         LINE#         31
  -------         ENDPROC       APP_2D4_INIT
  -------         PROC          _APP_2D4_SEND
  X:01C2H         SYMBOL        d
  X:01C5H         SYMBOL        len
  -------         DO            
  D:0007H         SYMBOL        i
  -------         ENDDO         
  C:1A84H         LINE#         41
  C:1A92H         LINE#         45
  C:1A94H         LINE#         46
  C:1A94H         LINE#         47
  C:1A95H         LINE#         51
  C:1A9AH         LINE#         52
  C:1A9DH         LINE#         53
  C:1AA3H         LINE#         55
  C:1AA5H         LINE#         56
  C:1AA6H         LINE#         60
  C:1AABH         LINE#         62
  C:1AC8H         LINE#         63
  C:1AD7H         LINE#         64
  C:1AF2H         LINE#         65
  C:1AF2H         LINE#         66
  -------         ENDPROC       _APP_2D4_SEND
  -------         PROC          _APP_2D4_RCV
  X:01E6H         SYMBOL        buf
  C:2332H         LINE#         68
  -------         ENDPROC       _APP_2D4_RCV
  -------         PROC          APP_2D4_PRO
  C:1F15H         LINE#         70
  C:1F15H         LINE#         72
  C:1F1BH         LINE#         74
  C:1F2BH         LINE#         75
  C:1F2BH         LINE#         77
  C:1F2EH         LINE#         78
  C:1F31H         LINE#         82
  C:1F36H         LINE#         87
  C:1F37H         LINE#         88
  C:1F37H         LINE#         90
  C:1F37H         LINE#         91
  C:1F37H         LINE#         92
  C:1F39H         LINE#         93
  C:1F39H         LINE#         95
  C:1F3CH         LINE#         96
  C:1F3FH         LINE#         97
  C:1F3FH         LINE#         98
  C:1F3FH         LINE#         100
  C:1F4AH         LINE#         102
  C:1F4AH         LINE#         103
BL51 BANKED LINKER/LOCATER V6.22                                                      11/12/2017  23:51:35  PAGE 12


  C:1F4AH         LINE#         105
  C:1F4AH         LINE#         106
  C:1F55H         LINE#         108
  C:1F55H         LINE#         109
  C:1F55H         LINE#         110
  -------         ENDPROC       APP_2D4_PRO
  -------         ENDMOD        APP_2D4

  -------         MODULE        APP_CRC
  C:0000H         SYMBOL        _ICE_DUMMY_
  D:0080H         PUBLIC        P0
  D:0090H         PUBLIC        P1
  D:00A0H         PUBLIC        P2
  D:00B0H         PUBLIC        P3
  D:00D8H         PUBLIC        PWMCON0
  D:00A8H         PUBLIC        IE
  D:00B8H         PUBLIC        IP
  C:1905H         PUBLIC        _app_CalcCRC8_cycle
  C:1B61H         PUBLIC        _app_CalcCRC8
  D:0098H         PUBLIC        SCON
  D:0088H         PUBLIC        TCON
  X:01EFH         SYMBOL        crc
  D:00F8H         PUBLIC        SCON_1
  D:00E8H         PUBLIC        ADCCON0
  D:00C0H         PUBLIC        I2CON
  D:00C8H         PUBLIC        T2CON
  X:01F0H         SYMBOL        i
  D:00D0H         PUBLIC        PSW
  -------         PROC          _APP_CALCCRC8
  X:01E9H         SYMBOL        ptr
  D:0006H         SYMBOL        len
  C:1B61H         LINE#         12
  C:1B6EH         LINE#         14
  C:1B73H         LINE#         15
  C:1B79H         LINE#         16
  C:1B96H         LINE#         17
  C:1BA2H         LINE#         18
  C:1BA9H         LINE#         19
  C:1BB0H         LINE#         21
  C:1BB7H         LINE#         22
  C:1BBFH         LINE#         23
  C:1BBFH         LINE#         24
  C:1BC4H         LINE#         25
  -------         ENDPROC       _APP_CALCCRC8
  -------         PROC          _APP_CALCCRC8_CYCLE
  X:01B1H         SYMBOL        ptr
  D:0006H         SYMBOL        len
  X:01B5H         SYMBOL        pos
  X:01B6H         SYMBOL        bufLen
  C:1905H         LINE#         27
  C:1912H         LINE#         28
  C:1912H         LINE#         29
  C:1917H         LINE#         30
  C:191DH         LINE#         31
  C:193AH         LINE#         32
  C:1940H         LINE#         33
  C:194BH         LINE#         34
BL51 BANKED LINKER/LOCATER V6.22                                                      11/12/2017  23:51:35  PAGE 13


  C:194DH         LINE#         35
  C:195DH         LINE#         36
  C:195DH         LINE#         37
  C:196BH         LINE#         38
  C:1972H         LINE#         39
  C:1979H         LINE#         41
  C:1980H         LINE#         42
  C:1988H         LINE#         43
  C:1988H         LINE#         44
  C:198DH         LINE#         45
  -------         ENDPROC       _APP_CALCCRC8_CYCLE
  -------         ENDMOD        APP_CRC

  -------         MODULE        APP_EEPROM
  C:0000H         SYMBOL        _ICE_DUMMY_
  D:0080H         PUBLIC        P0
  D:0090H         PUBLIC        P1
  D:00A0H         PUBLIC        P2
  D:00B0H         PUBLIC        P3
  D:00D8H         PUBLIC        PWMCON0
  D:00A8H         PUBLIC        IE
  D:00B8H         PUBLIC        IP
  C:2465H         PUBLIC        app_eeprom_Init
  D:0098H         PUBLIC        SCON
  D:0088H         PUBLIC        TCON
  C:2466H         PUBLIC        app_eeprom_100ms_pro
  D:00F8H         PUBLIC        SCON_1
  C:2356H         PUBLIC        _app_eeprom_write_byte
  D:00E8H         PUBLIC        ADCCON0
  D:00C0H         PUBLIC        I2CON
  C:2467H         SYMBOL        app_eeprom_pro
  D:00C8H         PUBLIC        T2CON
  D:00D0H         PUBLIC        PSW
  -------         PROC          APP_EEPROM_INIT
  C:2465H         LINE#         12
  C:2465H         LINE#         14
  -------         ENDPROC       APP_EEPROM_INIT
  -------         PROC          _APP_EEPROM_WRITE_BYTE
  D:0006H         SYMBOL        addr
  D:0005H         SYMBOL        d
  C:2356H         LINE#         16
  C:2356H         LINE#         17
  -------         ENDPROC       _APP_EEPROM_WRITE_BYTE
  -------         PROC          APP_EEPROM_100MS_PRO
  C:2466H         LINE#         20
  C:2466H         LINE#         22
  -------         ENDPROC       APP_EEPROM_100MS_PRO
  -------         PROC          APP_EEPROM_PRO
  C:2467H         LINE#         24
  C:2467H         LINE#         26
  -------         ENDPROC       APP_EEPROM_PRO
  -------         ENDMOD        APP_EEPROM

  -------         MODULE        APP_KEY
  C:0000H         SYMBOL        _ICE_DUMMY_
  D:0080H         PUBLIC        P0
  D:0090H         PUBLIC        P1
BL51 BANKED LINKER/LOCATER V6.22                                                      11/12/2017  23:51:35  PAGE 14


  D:00A0H         PUBLIC        P2
  D:00B0H         PUBLIC        P3
  D:00D8H         PUBLIC        PWMCON0
  D:00A8H         PUBLIC        IE
  D:00B8H         PUBLIC        IP
  C:000EH         PUBLIC        _app_key_pro
  D:0098H         PUBLIC        SCON
  D:0088H         PUBLIC        TCON
  D:00F8H         PUBLIC        SCON_1
  D:00E8H         PUBLIC        ADCCON0
  D:00C0H         PUBLIC        I2CON
  D:00C8H         PUBLIC        T2CON
  D:00D0H         PUBLIC        PSW
  -------         PROC          _APP_KEY_PRO
  X:01ECH         SYMBOL        keyCode
  -------         DO            
  X:01EDH         SYMBOL        index
  X:01EEH         SYMBOL        i
  -------         ENDDO         
  C:000EH         LINE#         25
  C:0013H         LINE#         26
  C:0016H         LINE#         27
  C:0018H         LINE#         29
  C:001CH         LINE#         30
  C:0029H         LINE#         31
  C:0090H         LINE#         32
  C:0090H         LINE#         33
  C:00A4H         LINE#         34
  C:00B8H         LINE#         35
  C:00CBH         LINE#         36
  C:00ECH         LINE#         37
  C:0108H         LINE#         38
  C:0110H         LINE#         39
  C:0110H         LINE#         40
  C:0110H         LINE#         42
  C:0110H         LINE#         43
  C:0110H         LINE#         45
  C:0110H         LINE#         46
  C:0110H         LINE#         47
  C:0124H         LINE#         48
  C:0138H         LINE#         49
  C:014BH         LINE#         50
  C:016CH         LINE#         51
  C:0188H         LINE#         52
  C:0190H         LINE#         53
  C:0190H         LINE#         54
  C:0190H         LINE#         56
  C:0190H         LINE#         57
  C:0190H         LINE#         58
  C:01A4H         LINE#         59
  C:01B8H         LINE#         60
  C:01CBH         LINE#         61
  C:01ECH         LINE#         62
  C:0208H         LINE#         63
  C:0210H         LINE#         64
  C:0210H         LINE#         65
  C:0210H         LINE#         66
BL51 BANKED LINKER/LOCATER V6.22                                                      11/12/2017  23:51:35  PAGE 15


  C:0224H         LINE#         67
  C:0238H         LINE#         68
  C:024BH         LINE#         69
  C:026CH         LINE#         70
  C:0288H         LINE#         71
  C:0290H         LINE#         72
  C:0290H         LINE#         73
  C:0290H         LINE#         75
  C:0290H         LINE#         76
  C:0290H         LINE#         78
  C:0290H         LINE#         79
  C:0290H         LINE#         80
  C:02A4H         LINE#         81
  C:02B8H         LINE#         82
  C:02CBH         LINE#         83
  C:02ECH         LINE#         84
  C:0308H         LINE#         85
  C:0310H         LINE#         86
  C:0310H         LINE#         87
  C:0310H         LINE#         89
  C:0310H         LINE#         90
  C:0310H         LINE#         92
  C:0310H         LINE#         93
  C:0310H         LINE#         94
  C:0324H         LINE#         95
  C:0338H         LINE#         96
  C:034BH         LINE#         97
  C:036CH         LINE#         98
  C:0388H         LINE#         99
  C:0390H         LINE#         100
  C:0390H         LINE#         101
  C:0390H         LINE#         103
  C:0390H         LINE#         104
  C:0390H         LINE#         106
  C:0390H         LINE#         107
  C:0390H         LINE#         108
  C:03A4H         LINE#         109
  C:03B8H         LINE#         110
  C:03CBH         LINE#         111
  C:03DFH         LINE#         112
  C:0401H         LINE#         113
  C:041DH         LINE#         114
  C:0425H         LINE#         115
  C:0425H         LINE#         116
  C:0425H         LINE#         118
  C:0425H         LINE#         119
  C:0425H         LINE#         121
  C:0425H         LINE#         122
  C:0425H         LINE#         123
  C:0439H         LINE#         124
  C:044DH         LINE#         125
  C:0460H         LINE#         126
  C:0481H         LINE#         127
  C:049DH         LINE#         128
  C:04A5H         LINE#         129
  C:04A5H         LINE#         130
  C:04A5H         LINE#         132
BL51 BANKED LINKER/LOCATER V6.22                                                      11/12/2017  23:51:35  PAGE 16


  C:04A5H         LINE#         133
  C:04A5H         LINE#         135
  C:04A5H         LINE#         136
  C:04A5H         LINE#         137
  C:04B9H         LINE#         138
  C:04CDH         LINE#         139
  C:04E1H         LINE#         140
  C:0503H         LINE#         141
  C:051FH         LINE#         142
  C:0527H         LINE#         143
  C:0527H         LINE#         144
  C:0527H         LINE#         146
  C:0527H         LINE#         147
  C:0527H         LINE#         149
  C:0527H         LINE#         150
  C:0527H         LINE#         151
  C:053BH         LINE#         152
  C:054FH         LINE#         153
  C:0562H         LINE#         154
  C:0580H         LINE#         155
  C:059CH         LINE#         156
  C:05A4H         LINE#         157
  C:05A4H         LINE#         158
  C:05A4H         LINE#         160
  C:05A4H         LINE#         161
  C:05A4H         LINE#         163
  C:05A4H         LINE#         164
  C:05A4H         LINE#         166
  C:05A4H         LINE#         167
  C:05A4H         LINE#         169
  C:05A4H         LINE#         170
  C:05A4H         LINE#         172
  C:05A4H         LINE#         173
  C:05A4H         LINE#         175
  C:05A4H         LINE#         176
  C:05A4H         LINE#         178
  C:05A4H         LINE#         179
  C:05A4H         LINE#         181
  C:05A4H         LINE#         182
  C:05A4H         LINE#         184
  C:05A4H         LINE#         185
  C:05A4H         LINE#         187
  C:05A4H         LINE#         188
  C:05A4H         LINE#         190
  C:05A4H         LINE#         191
  C:05A4H         LINE#         193
  C:05A4H         LINE#         194
  C:05A4H         LINE#         196
  C:05A4H         LINE#         197
  C:05A4H         LINE#         199
  C:05A4H         LINE#         200
  C:05A4H         LINE#         202
  C:05A4H         LINE#         203
  C:05A4H         LINE#         205
  C:05A4H         LINE#         206
  C:05A4H         LINE#         208
  C:05A4H         LINE#         209
BL51 BANKED LINKER/LOCATER V6.22                                                      11/12/2017  23:51:35  PAGE 17


  C:05A4H         LINE#         211
  C:05A4H         LINE#         212
  C:05A4H         LINE#         214
  C:05A4H         LINE#         215
  C:05A4H         LINE#         217
  C:05A4H         LINE#         218
  C:05A4H         LINE#         220
  C:05A4H         LINE#         221
  C:05A4H         LINE#         223
  C:05A4H         LINE#         224
  C:05A4H         LINE#         226
  C:05A4H         LINE#         227
  C:05A4H         LINE#         229
  C:05A4H         LINE#         230
  C:05A4H         LINE#         232
  C:05A4H         LINE#         233
  C:05A4H         LINE#         235
  C:05A4H         LINE#         236
  C:05A4H         LINE#         238
  C:05A4H         LINE#         239
  C:05A4H         LINE#         241
  C:05A4H         LINE#         242
  C:05A4H         LINE#         244
  C:05A4H         LINE#         245
  C:05A4H         LINE#         247
  C:05A4H         LINE#         248
  C:05A4H         LINE#         250
  C:05A4H         LINE#         251
  C:05A4H         LINE#         253
  C:05A4H         LINE#         254
  C:05A4H         LINE#         256
  C:05A4H         LINE#         257
  C:05A4H         LINE#         259
  C:05A4H         LINE#         260
  C:05A4H         LINE#         262
  C:05A4H         LINE#         263
  C:05A4H         LINE#         265
  C:05A4H         LINE#         266
  C:05A4H         LINE#         268
  C:05A4H         LINE#         269
  C:05A4H         LINE#         271
  C:05A4H         LINE#         272
  C:05A4H         LINE#         274
  C:05A4H         LINE#         275
  C:05A4H         LINE#         277
  C:05A4H         LINE#         278
  C:05A4H         LINE#         280
  C:05A4H         LINE#         281
  C:05A4H         LINE#         283
  C:05A4H         LINE#         284
  C:05A4H         LINE#         286
  C:05A4H         LINE#         287
  C:05A4H         LINE#         289
  C:05A4H         LINE#         290
  C:05A4H         LINE#         292
  C:05A4H         LINE#         293
  C:05A4H         LINE#         295
BL51 BANKED LINKER/LOCATER V6.22                                                      11/12/2017  23:51:35  PAGE 18


  C:05A4H         LINE#         296
  C:05A4H         LINE#         298
  C:05A4H         LINE#         299
  C:05A4H         LINE#         301
  C:05A4H         LINE#         302
  C:05A4H         LINE#         303
  C:05AAH         LINE#         304
  C:05ACH         LINE#         305
  C:05B7H         LINE#         306
  C:05B7H         LINE#         308
  -------         ENDPROC       _APP_KEY_PRO
  -------         ENDMOD        APP_KEY

  -------         MODULE        BSP
  C:0000H         SYMBOL        _ICE_DUMMY_
  D:0080H         PUBLIC        P0
  D:0090H         PUBLIC        P1
  D:00A0H         PUBLIC        P2
  D:00B0H         PUBLIC        P3
  B:00A8H.7       PUBLIC        EA
  D:00D8H         PUBLIC        PWMCON0
  D:00A8H         PUBLIC        IE
  D:00B8H         PUBLIC        IP
  B:0021H.1       PUBLIC        BIT_TMP
  D:0098H         PUBLIC        SCON
  D:0088H         PUBLIC        TCON
  C:233EH         PUBLIC        bsp_Init
  D:00F8H         PUBLIC        SCON_1
  D:00E8H         PUBLIC        ADCCON0
  D:00C0H         PUBLIC        I2CON
  D:00C8H         PUBLIC        T2CON
  D:00D0H         PUBLIC        PSW
  -------         PROC          BSP_INIT
  C:233EH         LINE#         5
  C:233EH         LINE#         13
  C:2341H         LINE#         15
  C:2344H         LINE#         22
  C:2347H         LINE#         27
  C:2349H         LINE#         29
  -------         ENDPROC       BSP_INIT
  -------         ENDMOD        BSP

  -------         MODULE        BSP_TIMER0
  C:0000H         SYMBOL        _ICE_DUMMY_
  D:0080H         PUBLIC        P0
  D:0090H         PUBLIC        P1
  D:00A0H         PUBLIC        P2
  D:00B0H         PUBLIC        P3
  C:198EH         PUBLIC        Timer0_ISR
  D:00D8H         PUBLIC        PWMCON0
  D:00A8H         PUBLIC        IE
  D:00B8H         PUBLIC        IP
  X:01A5H         PUBLIC        Task_time
  C:21E2H         PUBLIC        Timer0_InitHard
  X:01AFH         SYMBOL        u8TH0_tmp
  X:01B0H         SYMBOL        u8TL0_tmp
  D:0098H         PUBLIC        SCON
BL51 BANKED LINKER/LOCATER V6.22                                                      11/12/2017  23:51:35  PAGE 19


  D:0089H         PUBLIC        TMOD
  D:0088H         PUBLIC        TCON
  C:22EFH         SYMBOL        timer0_ParamInit
  D:00F8H         PUBLIC        SCON_1
  B:00A8H.1       PUBLIC        ET0
  D:008CH         PUBLIC        TH0
  D:008AH         PUBLIC        TL0
  B:0088H.4       PUBLIC        TR0
  D:00E8H         PUBLIC        ADCCON0
  D:00C0H         PUBLIC        I2CON
  D:00C8H         PUBLIC        T2CON
  D:008EH         PUBLIC        CKCON
  D:00D0H         PUBLIC        PSW
  -------         PROC          TIMER0_INITHARD
  C:21E2H         LINE#         19
  C:21E2H         LINE#         21
  C:21E5H         LINE#         23
  C:21EBH         LINE#         26
  C:21EEH         LINE#         28
  C:21F4H         LINE#         29
  C:21F8H         LINE#         31
  C:21FBH         LINE#         32
  C:21FDH         LINE#         34
  C:21FFH         LINE#         35
  C:2201H         LINE#         37
  -------         ENDPROC       TIMER0_INITHARD
  -------         PROC          TIMER0_PARAMINIT
  C:22EFH         LINE#         39
  C:22EFH         LINE#         41
  -------         ENDPROC       TIMER0_PARAMINIT
  -------         PROC          TIMER0_ISR
  C:198EH         LINE#         45
  C:199FH         LINE#         46
  C:199FH         LINE#         48
  C:19A5H         LINE#         49
  C:19A9H         LINE#         51
  C:19AFH         LINE#         53
  C:19B8H         LINE#         54
  C:19BAH         LINE#         55
  C:19BDH         LINE#         56
  C:19BDH         LINE#         57
  C:19C8H         LINE#         58
  C:19CAH         LINE#         59
  C:19CDH         LINE#         61
  C:19CDH         LINE#         62
  C:19DCH         LINE#         63
  C:19DEH         LINE#         64
  C:19E1H         LINE#         65
  C:19E1H         LINE#         67
  C:19F6H         LINE#         68
  C:19FDH         LINE#         69
  C:1A00H         LINE#         71
  C:1A00H         LINE#         73
  -------         ENDPROC       TIMER0_ISR
  -------         ENDMOD        BSP_TIMER0

  -------         MODULE        BSP_2D4
BL51 BANKED LINKER/LOCATER V6.22                                                      11/12/2017  23:51:35  PAGE 20


  C:0000H         SYMBOL        _ICE_DUMMY_
  D:00B1H         PUBLIC        P0M1
  D:00B3H         PUBLIC        P1M1
  D:00B2H         PUBLIC        P0M2
  D:0080H         PUBLIC        P0
  D:00B4H         PUBLIC        P1M2
  D:0090H         PUBLIC        P1
  D:00A0H         PUBLIC        P2
  D:00B0H         PUBLIC        P3
  C:2468H         PUBLIC        SPI_init
  D:00D8H         PUBLIC        PWMCON0
  C:234AH         PUBLIC        RF_ClearFIFO
  D:00A8H         PUBLIC        IE
  C:136DH         PUBLIC        RF_Init
  C:1F56H         PUBLIC        _RF_ReadBuf
  C:2284H         PUBLIC        Wireless2d4_InitHard
  D:00B8H         PUBLIC        IP
  C:2257H         PUBLIC        ucSPI_Read
  C:1E99H         PUBLIC        _RF_WriteBuf
  C:229BH         PUBLIC        _RF_WriteReg
  B:0080H.0       PUBLIC        P00
  B:0090H.0       PUBLIC        P10
  B:0090H.1       PUBLIC        P11
  C:20D6H         PUBLIC        _ucRF_DumpRxData
  D:0098H         PUBLIC        SCON
  D:0088H         PUBLIC        TCON
  C:2459H         PUBLIC        ucRF_GetRSSI
  C:1ED2H         PUBLIC        _RF_TxData
  C:219BH         SYMBOL        _?ix1000
  C:21A0H         SYMBOL        _?ix1001
  C:21A3H         SYMBOL        _?ix1002
  C:16D3H         PUBLIC        _RF_Carrier
  D:00F8H         PUBLIC        SCON_1
  C:21A9H         SYMBOL        _?ix1003
  X:01BDH         PUBLIC        TX_ADDRESS_DEF
  C:21AAH         SYMBOL        _?ix1004
  C:21ADH         SYMBOL        _?ix1005
  C:21B2H         SYMBOL        _?ix1006
  C:21B5H         SYMBOL        _?ix1007
  C:21BBH         SYMBOL        _?ix1008
  C:2175H         PUBLIC        RF_RxMode
  C:21BCH         SYMBOL        _?ix1009
  C:22FEH         PUBLIC        RF_TxMode
  D:00E8H         PUBLIC        ADCCON0
  D:00C0H         PUBLIC        I2CON
  C:230CH         PUBLIC        _RF_SetChannel
  D:00C8H         PUBLIC        T2CON
  C:244BH         PUBLIC        RF_ClearStatus
  C:22AAH         PUBLIC        _ucRF_ReadReg
  C:21BFH         PUBLIC        _SPI_WR
  D:00D0H         PUBLIC        PSW
  C:2202H         PUBLIC        _SPI_WW
  C:2360H         PUBLIC        ucRF_GetStatus
  -------         PROC          WIRELESS2D4_INITHARD
  C:2284H         LINE#         10
  C:2284H         LINE#         13
  C:2287H         LINE#         14
BL51 BANKED LINKER/LOCATER V6.22                                                      11/12/2017  23:51:35  PAGE 21


  C:228AH         LINE#         17
  C:228DH         LINE#         18
  C:2290H         LINE#         21
  C:2293H         LINE#         22
  C:2296H         LINE#         24
  -------         ENDPROC       WIRELESS2D4_INITHARD
  -------         PROC          SPI_INIT
  C:2468H         LINE#         32
  C:2468H         LINE#         36
  -------         ENDPROC       SPI_INIT
  -------         PROC          _SPI_WW
  D:0007H         SYMBOL        R_REG
  -------         DO            
  D:0006H         SYMBOL        i
  -------         ENDDO         
  C:2202H         LINE#         42
  C:2202H         LINE#         44
  C:2204H         LINE#         45
  C:2206H         LINE#         46
  C:220AH         LINE#         47
  C:220CH         LINE#         48
  C:220EH         LINE#         49
  C:2210H         LINE#         50
  C:2210H         LINE#         51
  C:2214H         LINE#         52
  C:2216H         LINE#         53
  C:2217H         LINE#         54
  C:221CH         LINE#         55
  C:221EH         LINE#         57
  -------         ENDPROC       _SPI_WW
  C:2297H         SYMBOL        L?0058
  -------         PROC          L?0057
  -------         ENDPROC       L?0057
  C:2297H         SYMBOL        L?0058
  -------         PROC          _RF_WRITEREG
  D:0007H         SYMBOL        reg
  D:0005H         SYMBOL        wdata
  C:229BH         LINE#         63
  C:229BH         LINE#         64
  C:229DH         LINE#         65
  C:229EH         LINE#         66
  C:22A1H         LINE#         67
  C:22A6H         LINE#         68
  C:22A7H         LINE#         69
  C:22A9H         LINE#         70
  -------         ENDPROC       _RF_WRITEREG
  -------         PROC          L?0059
  -------         ENDPROC       L?0059
  -------         PROC          _RF_WRITEBUF
  D:0007H         SYMBOL        reg
  X:017CH         SYMBOL        pBuf
  X:017FH         SYMBOL        length
  -------         DO            
  D:0005H         SYMBOL        j
  -------         ENDDO         
  C:1E99H         LINE#         76
  C:1EA4H         LINE#         78
BL51 BANKED LINKER/LOCATER V6.22                                                      11/12/2017  23:51:35  PAGE 22


  C:1EA6H         LINE#         79
  C:1EA8H         LINE#         80
  C:1EABH         LINE#         81
  C:1EB5H         LINE#         82
  C:1ECCH         LINE#         83
  C:1ECFH         LINE#         84
  C:1ECFH         LINE#         85
  C:1ED1H         LINE#         86
  -------         ENDPROC       _RF_WRITEBUF
  -------         PROC          _SPI_WR
  D:0007H         SYMBOL        R_REG
  -------         DO            
  D:0006H         SYMBOL        i
  -------         ENDDO         
  C:21BFH         LINE#         92
  C:21BFH         LINE#         94
  C:21C1H         LINE#         95
  C:21C3H         LINE#         96
  C:21C7H         LINE#         97
  C:21C9H         LINE#         98
  C:21CBH         LINE#         99
  C:21CDH         LINE#         100
  C:21CDH         LINE#         101
  C:21D1H         LINE#         102
  C:21D3H         LINE#         103
  C:21D4H         LINE#         104
  C:21D9H         LINE#         105
  C:21DFH         LINE#         107
  C:21E1H         LINE#         109
  -------         ENDPROC       _SPI_WR
  -------         PROC          UCSPI_READ
  -------         DO            
  D:0006H         SYMBOL        i
  D:0007H         SYMBOL        dt
  -------         ENDDO         
  C:2257H         LINE#         115
  C:2257H         LINE#         117
  C:2259H         LINE#         118
  C:225AH         LINE#         119
  C:225CH         LINE#         120
  C:2260H         LINE#         121
  C:2262H         LINE#         122
  C:2265H         LINE#         123
  C:2268H         LINE#         124
  C:2268H         LINE#         125
  C:226DH         LINE#         126
  C:226FH         LINE#         127
  C:226FH         LINE#         128
  -------         ENDPROC       UCSPI_READ
  -------         PROC          _UCRF_READREG
  D:0007H         SYMBOL        reg
  -------         DO            
  D:0007H         SYMBOL        dt
  -------         ENDDO         
  C:22AAH         LINE#         134
  C:22AAH         LINE#         137
  C:22ACH         LINE#         138
BL51 BANKED LINKER/LOCATER V6.22                                                      11/12/2017  23:51:35  PAGE 23


  C:22ADH         LINE#         139
  C:22B0H         LINE#         140
  C:22B3H         LINE#         141
  C:22B9H         LINE#         143
  C:22BAH         LINE#         144
  C:22BCH         LINE#         146
  C:22BCH         LINE#         147
  -------         ENDPROC       _UCRF_READREG
  -------         PROC          _RF_READBUF
  D:0007H         SYMBOL        reg
  X:016AH         SYMBOL        pBuf
  X:016DH         SYMBOL        length
  -------         DO            
  D:0005H         SYMBOL        byte_ctr
  -------         ENDDO         
  C:1F56H         LINE#         153
  C:1F61H         LINE#         156
  C:1F63H         LINE#         157
  C:1F66H         LINE#         158
  C:1F72H         LINE#         159
  C:1F8CH         LINE#         160
  C:1F92H         LINE#         162
  C:1F94H         LINE#         163
  -------         ENDPROC       _RF_READBUF
  -------         PROC          RF_TXMODE
  C:22FEH         LINE#         169
  C:22FEH         LINE#         170
  C:2301H         LINE#         171
  C:2308H         LINE#         173
  C:2309H         LINE#         174
  C:230AH         LINE#         175
  C:230BH         LINE#         176
  -------         ENDPROC       RF_TXMODE
  -------         PROC          RF_RXMODE
  -------         DO            
  D:0006H         SYMBOL        i
  -------         ENDDO         
  C:2175H         LINE#         182
  C:2175H         LINE#         183
  C:2177H         LINE#         184
  C:217DH         LINE#         185
  C:2184H         LINE#         186
  C:218BH         LINE#         188
  C:218EH         LINE#         189
  C:218FH         LINE#         190
  C:219AH         LINE#         192
  -------         ENDPROC       RF_RXMODE
  -------         PROC          UCRF_GETSTATUS
  C:2360H         LINE#         198
  C:2360H         LINE#         199
  C:2369H         LINE#         200
  -------         ENDPROC       UCRF_GETSTATUS
  -------         PROC          UCRF_GETRSSI
  C:2459H         LINE#         205
  C:2459H         LINE#         206
  C:245EH         LINE#         207
  -------         ENDPROC       UCRF_GETRSSI
BL51 BANKED LINKER/LOCATER V6.22                                                      11/12/2017  23:51:35  PAGE 24


  -------         PROC          RF_CLEARSTATUS
  C:244BH         LINE#         212
  C:244BH         LINE#         213
  -------         ENDPROC       RF_CLEARSTATUS
  -------         PROC          RF_CLEARFIFO
  C:234AH         LINE#         220
  C:234AH         LINE#         221
  C:2351H         LINE#         222
  -------         ENDPROC       RF_CLEARFIFO
  -------         PROC          _RF_SETCHANNEL
  D:0004H         SYMBOL        Channel
  C:230CH         LINE#         229
  C:230EH         LINE#         230
  C:2311H         LINE#         231
  -------         ENDPROC       _RF_SETCHANNEL
  -------         PROC          _RF_TXDATA
  D:0001H         SYMBOL        ucPayload
  D:0005H         SYMBOL        length
  -------         DO            
  X:0169H         SYMBOL        i
  -------         ENDDO         
  C:1ED2H         LINE#         241
  C:1ED2H         LINE#         242
  C:1ED8H         LINE#         243
  C:1EDEH         LINE#         244
  C:1EE8H         LINE#         245
  C:1EEFH         LINE#         247
  C:1EF6H         LINE#         248
  C:1EF7H         LINE#         249
  C:1F11H         LINE#         250
  C:1F14H         LINE#         251
  C:1F14H         LINE#         252
  -------         ENDPROC       _RF_TXDATA
  -------         PROC          _UCRF_DUMPRXDATA
  D:0001H         SYMBOL        ucPayload
  D:0004H         SYMBOL        length
  C:20D6H         LINE#         266
  C:20D8H         LINE#         267
  C:20DFH         LINE#         269
  C:20E2H         LINE#         270
  C:20ECH         LINE#         271
  C:20EFH         LINE#         272
  C:20F2H         LINE#         273
  C:20F9H         LINE#         274
  C:20FCH         LINE#         275
  C:20FCH         LINE#         276
  C:20FEH         LINE#         277
  -------         ENDPROC       _UCRF_DUMPRXDATA
  -------         PROC          RF_INIT
  -------         DO            
  X:0169H         SYMBOL        BB_cal_data
  X:016EH         SYMBOL        RF_cal_data
  X:0171H         SYMBOL        RF_cal2_data
  X:0177H         SYMBOL        Dem_cal_data
  X:0178H         SYMBOL        Dem_cal2_data
  -------         ENDDO         
  C:136DH         LINE#         288
BL51 BANKED LINKER/LOCATER V6.22                                                      11/12/2017  23:51:35  PAGE 25


  C:136DH         LINE#         289
  C:1380H         LINE#         290
  C:1393H         LINE#         291
  C:13A6H         LINE#         292
  C:13B9H         LINE#         293
  C:13CCH         LINE#         294
  C:13CFH         LINE#         295
  C:13D6H         LINE#         296
  C:13DDH         LINE#         298
  C:13DDH         LINE#         299
  C:13E4H         LINE#         300
  C:13E4H         LINE#         301
  C:13E4H         LINE#         302
  C:13E4H         LINE#         303
  C:13E7H         LINE#         304
  C:13ECH         LINE#         305
  C:13F1H         LINE#         306
  C:13F8H         LINE#         307
  C:13FFH         LINE#         308
  C:1406H         LINE#         309
  C:140DH         LINE#         310
  C:1414H         LINE#         311
  C:1425H         LINE#         313
  C:1436H         LINE#         315
  C:143DH         LINE#         316
  C:144EH         LINE#         317
  C:145FH         LINE#         318
  C:1470H         LINE#         319
  C:1481H         LINE#         320
  C:1488H         LINE#         321
  C:148FH         LINE#         327
  C:1496H         LINE#         328
  -------         ENDPROC       RF_INIT
  -------         PROC          _RF_CARRIER
  X:0180H         SYMBOL        ucChannel_Set
  -------         DO            
  D:0007H         SYMBOL        i
  X:0181H         SYMBOL        BB_cal_data
  X:0186H         SYMBOL        RF_cal_data
  X:0189H         SYMBOL        RF_cal2_data
  X:018FH         SYMBOL        Dem_cal_data
  X:0190H         SYMBOL        Dem_cal2_data
  -------         ENDDO         
  C:16D3H         LINE#         336
  C:16D8H         LINE#         337
  C:16D9H         LINE#         338
  C:16EBH         LINE#         339
  C:16FEH         LINE#         340
  C:1711H         LINE#         341
  C:1724H         LINE#         342
  C:1737H         LINE#         344
  C:173EH         LINE#         345
  C:1745H         LINE#         346
  C:174CH         LINE#         347
  C:174FH         LINE#         349
  C:1751H         LINE#         350
  C:1752H         LINE#         351
BL51 BANKED LINKER/LOCATER V6.22                                                      11/12/2017  23:51:35  PAGE 26


  C:1753H         LINE#         352
  C:1754H         LINE#         353
  C:1755H         LINE#         354
  C:175AH         LINE#         356
  C:1764H         LINE#         357
  C:176BH         LINE#         358
  C:1772H         LINE#         359
  C:1783H         LINE#         360
  C:1794H         LINE#         361
  C:17A5H         LINE#         362
  -------         ENDPROC       _RF_CARRIER
  -------         ENDMOD        BSP_2D4

  -------         MODULE        BSP_EEPROM
  C:0000H         SYMBOL        _ICE_DUMMY_
  D:0080H         PUBLIC        P0
  D:0090H         PUBLIC        P1
  D:00A0H         PUBLIC        P2
  D:00B0H         PUBLIC        P3
  B:00A8H.7       PUBLIC        EA
  D:00D8H         PUBLIC        PWMCON0
  D:00A8H         PUBLIC        IE
  X:01B7H         SYMBOL        xd_tmp
  X:01B9H         SYMBOL        looptmp
  D:00C7H         PUBLIC        TA
  C:0003H         PUBLIC        _read_APROM_BYTE
  D:00B8H         PUBLIC        IP
  C:1072H         PUBLIC        _write_DATAFLASH_BYTE
  D:0098H         PUBLIC        SCON
  D:0088H         PUBLIC        TCON
  D:009FH         PUBLIC        CHPCON
  C:2469H         PUBLIC        EEPROM_InitHard
  D:00A5H         PUBLIC        IAPUEN
  D:00F8H         PUBLIC        SCON_1
  D:00A4H         PUBLIC        IAPTRG
  D:00E8H         PUBLIC        ADCCON0
  D:00C0H         PUBLIC        I2CON
  D:00A7H         PUBLIC        IAPAH
  D:00AEH         PUBLIC        IAPFD
  D:00C8H         PUBLIC        T2CON
  D:00A6H         PUBLIC        IAPAL
  X:01BAH         SYMBOL        u8_addrl_r
  D:00AFH         PUBLIC        IAPCN
  X:01BBH         SYMBOL        cd_longaddr
  D:00D0H         PUBLIC        PSW
  -------         PROC          EEPROM_INITHARD
  C:2469H         LINE#         13
  C:2469H         LINE#         15
  -------         ENDPROC       EEPROM_INITHARD
  -------         PROC          _WRITE_DATAFLASH_BYTE
  D:0002H         SYMBOL        u16_addr
  D:0001H         SYMBOL        u8_data
  C:1072H         LINE#         21
  C:1078H         LINE#         24
  C:107DH         LINE#         25
  C:1082H         LINE#         26
  C:1084H         LINE#         27
BL51 BANKED LINKER/LOCATER V6.22                                                      11/12/2017  23:51:35  PAGE 27


  C:1086H         LINE#         28
  C:108CH         LINE#         29
  C:108CH         LINE#         31
  C:1095H         LINE#         32
  C:10A5H         LINE#         33
  C:10B4H         LINE#         34
  C:10C6H         LINE#         35
  C:10CCH         LINE#         36
  C:10DAH         LINE#         37
  C:10E8H         LINE#         38
  C:10EAH         LINE#         40
  C:10F1H         LINE#         41
  C:10F6H         LINE#         42
  C:1103H         LINE#         43
  C:1105H         LINE#         44
  C:1112H         LINE#         45
  C:1112H         LINE#         46
  C:111FH         LINE#         48
  C:1123H         LINE#         49
  C:1127H         LINE#         50
  C:112AH         LINE#         51
  C:113DH         LINE#         53
  C:1150H         LINE#         55
  C:1153H         LINE#         56
  C:1166H         LINE#         59
  C:116BH         LINE#         60
  C:1170H         LINE#         61
  C:1172H         LINE#         62
  C:1174H         LINE#         63
  C:117AH         LINE#         64
  C:117AH         LINE#         65
  C:1183H         LINE#         66
  C:1189H         LINE#         67
  C:118BH         LINE#         68
  C:119EH         LINE#         70
  C:11B1H         LINE#         72
  C:11B4H         LINE#         73
  C:11C0H         LINE#         74
  C:11C7H         LINE#         75
  C:11DAH         LINE#         77
  C:11DCH         LINE#         78
  C:11EAH         LINE#         79
  C:11ECH         LINE#         80
  C:11FFH         LINE#         82
  C:1212H         LINE#         84
  -------         ENDPROC       _WRITE_DATAFLASH_BYTE
  -------         PROC          _READ_APROM_BYTE
  D:0082H         SYMBOL        u16_addr
  -------         DO            
  D:0007H         SYMBOL        rdata
  -------         ENDDO         
  C:0003H         LINE#         87
  C:0007H         LINE#         89
  C:000AH         LINE#         90
  C:000AH         LINE#         91
  -------         ENDPROC       _READ_APROM_BYTE
  -------         ENDMOD        BSP_EEPROM
BL51 BANKED LINKER/LOCATER V6.22                                                      11/12/2017  23:51:35  PAGE 28



  -------         MODULE        BSP_KEY
  C:0000H         SYMBOL        _ICE_DUMMY_
  D:00B1H         PUBLIC        P0M1
  D:00B3H         PUBLIC        P1M1
  D:00B2H         PUBLIC        P0M2
  D:0080H         PUBLIC        P0
  D:00B4H         PUBLIC        P1M2
  D:0090H         PUBLIC        P1
  D:00A0H         PUBLIC        P2
  C:149BH         SYMBOL        _IsKeyDown
  D:00B0H         PUBLIC        P3
  D:00D8H         PUBLIC        PWMCON0
  C:221FH         PUBLIC        _bsp_PutKey
  D:00A8H         PUBLIC        IE
  C:0D5BH         SYMBOL        bsp_InitKeyVar
  X:0000H         PUBLIC        pBtn
  D:00B8H         PUBLIC        IP
  C:20FFH         PUBLIC        bsp_GetKey2
  C:1213H         SYMBOL        _bsp_DetectKey
  B:0080H.2       PUBLIC        P02
  B:0080H.3       PUBLIC        P03
  C:2452H         SYMBOL        IsKeyDown1
  B:0080H.4       PUBLIC        P04
  D:0098H         PUBLIC        SCON
  C:2373H         SYMBOL        IsKeyDown2
  B:0080H.5       PUBLIC        P05
  B:0090H.4       PUBLIC        P14
  D:0088H         PUBLIC        TCON
  C:237BH         SYMBOL        IsKeyDown3
  B:0080H.6       PUBLIC        P06
  B:0090H.5       PUBLIC        P15
  C:2383H         SYMBOL        IsKeyDown4
  B:0080H.7       PUBLIC        P07
  B:0090H.6       PUBLIC        P16
  C:238BH         SYMBOL        IsKeyDown5
  B:0090H.7       PUBLIC        P17
  C:2393H         SYMBOL        IsKeyDown6
  C:239BH         SYMBOL        IsKeyDown7
  C:23A3H         SYMBOL        IsKeyDown8
  C:23ABH         SYMBOL        IsKeyDown9
  C:236AH         PUBLIC        bsp_ClearKey
  D:00F8H         PUBLIC        SCON_1
  C:223CH         PUBLIC        bsp_KeyScan
  D:00E8H         PUBLIC        ADCCON0
  D:00C0H         PUBLIC        I2CON
  C:23B3H         SYMBOL        IsKeyDown10
  C:2403H         SYMBOL        IsKeyDown20
  C:23BBH         SYMBOL        IsKeyDown11
  C:240BH         SYMBOL        IsKeyDown21
  C:23C3H         SYMBOL        IsKeyDown12
  C:2413H         SYMBOL        IsKeyDown22
  C:23CBH         SYMBOL        IsKeyDown13
  D:00C8H         PUBLIC        T2CON
  C:241BH         SYMBOL        IsKeyDown23
  C:23D3H         SYMBOL        IsKeyDown14
  C:245FH         PUBLIC        bsp_InitKey
BL51 BANKED LINKER/LOCATER V6.22                                                      11/12/2017  23:51:35  PAGE 29


  C:2423H         SYMBOL        IsKeyDown24
  C:23DBH         SYMBOL        IsKeyDown15
  C:23E3H         SYMBOL        IsKeyDown16
  C:1F95H         SYMBOL        bsp_InitKeyHard
  C:23EBH         SYMBOL        IsKeyDown17
  C:23F3H         SYMBOL        IsKeyDown18
  C:23FBH         SYMBOL        IsKeyDown19
  X:0003H         SYMBOL        s_tBtn
  X:010BH         SYMBOL        s_tKey
  C:20ACH         PUBLIC        bsp_GetKey
  C:200DH         PUBLIC        _bsp_SetKeyParam
  C:22BDH         PUBLIC        _bsp_GetKeyState
  D:00D0H         PUBLIC        PSW
  -------         PROC          _ISKEYDOWN
  D:0007H         SYMBOL        line
  D:0005H         SYMBOL        column
  -------         DO            
  D:0006H         SYMBOL        ret
  -------         ENDDO         
  C:149BH         LINE#         40
  C:149BH         LINE#         41
  C:149BH         LINE#         43
  C:14B8H         LINE#         44
  C:14B8H         LINE#         45
  C:14BAH         LINE#         46
  C:14BCH         LINE#         47
  C:14BEH         LINE#         48
  C:14C0H         LINE#         49
  C:14C2H         LINE#         50
  C:14C4H         LINE#         52
  C:14C6H         LINE#         53
  C:14C8H         LINE#         54
  C:14CAH         LINE#         55
  C:14CCH         LINE#         56
  C:14DDH         LINE#         57
  C:14DDH         LINE#         58
  C:14DFH         LINE#         59
  C:14E2H         LINE#         60
  C:14E2H         LINE#         61
  C:14E4H         LINE#         62
  C:14E7H         LINE#         63
  C:14E7H         LINE#         64
  C:14E9H         LINE#         65
  C:14ECH         LINE#         66
  C:14ECH         LINE#         67
  C:14EEH         LINE#         68
  C:14F1H         LINE#         69
  C:14F1H         LINE#         70
  C:14F1H         LINE#         71
  C:14F1H         LINE#         72
  C:14F1H         LINE#         73
  C:14F1H         LINE#         74
  C:14F3H         LINE#         75
  C:14F5H         LINE#         76
  C:14F7H         LINE#         77
  C:14F9H         LINE#         78
  C:14FBH         LINE#         79
BL51 BANKED LINKER/LOCATER V6.22                                                      11/12/2017  23:51:35  PAGE 30


  C:14FDH         LINE#         81
  C:14FFH         LINE#         82
  C:1501H         LINE#         83
  C:1503H         LINE#         84
  C:1505H         LINE#         85
  C:1516H         LINE#         86
  C:1516H         LINE#         87
  C:1518H         LINE#         88
  C:151BH         LINE#         89
  C:151BH         LINE#         90
  C:151DH         LINE#         91
  C:1520H         LINE#         92
  C:1520H         LINE#         93
  C:1522H         LINE#         94
  C:1525H         LINE#         95
  C:1525H         LINE#         96
  C:1527H         LINE#         97
  C:152AH         LINE#         98
  C:152AH         LINE#         99
  C:152AH         LINE#         100
  C:152AH         LINE#         101
  C:152AH         LINE#         102
  C:152AH         LINE#         103
  C:152CH         LINE#         104
  C:152EH         LINE#         105
  C:1530H         LINE#         106
  C:1532H         LINE#         107
  C:1534H         LINE#         108
  C:1536H         LINE#         110
  C:1538H         LINE#         111
  C:153AH         LINE#         112
  C:153CH         LINE#         113
  C:153EH         LINE#         114
  C:154CH         LINE#         115
  C:154CH         LINE#         116
  C:154EH         LINE#         117
  C:1550H         LINE#         118
  C:1550H         LINE#         119
  C:1552H         LINE#         120
  C:1554H         LINE#         121
  C:1554H         LINE#         122
  C:1556H         LINE#         123
  C:1558H         LINE#         124
  C:1558H         LINE#         125
  C:155AH         LINE#         126
  C:155CH         LINE#         127
  C:155CH         LINE#         128
  C:155CH         LINE#         129
  C:155CH         LINE#         130
  C:155CH         LINE#         131
  C:155CH         LINE#         132
  C:155EH         LINE#         133
  C:1560H         LINE#         134
  C:1562H         LINE#         135
  C:1564H         LINE#         136
  C:1566H         LINE#         137
  C:1568H         LINE#         139
BL51 BANKED LINKER/LOCATER V6.22                                                      11/12/2017  23:51:35  PAGE 31


  C:156AH         LINE#         140
  C:156CH         LINE#         141
  C:156EH         LINE#         142
  C:1570H         LINE#         143
  C:157EH         LINE#         144
  C:157EH         LINE#         145
  C:1580H         LINE#         146
  C:1582H         LINE#         147
  C:1582H         LINE#         148
  C:1584H         LINE#         149
  C:1586H         LINE#         150
  C:1586H         LINE#         151
  C:1588H         LINE#         152
  C:158AH         LINE#         153
  C:158AH         LINE#         154
  C:158CH         LINE#         155
  C:158EH         LINE#         156
  C:158EH         LINE#         157
  C:158EH         LINE#         158
  C:158EH         LINE#         159
  C:158EH         LINE#         160
  C:158EH         LINE#         161
  C:1590H         LINE#         162
  C:1592H         LINE#         163
  C:1594H         LINE#         164
  C:1596H         LINE#         165
  C:1598H         LINE#         166
  C:159AH         LINE#         168
  C:159CH         LINE#         169
  C:159EH         LINE#         170
  C:15A0H         LINE#         171
  C:15A2H         LINE#         172
  C:15B0H         LINE#         173
  C:15B0H         LINE#         174
  C:15B2H         LINE#         175
  C:15B4H         LINE#         176
  C:15B4H         LINE#         177
  C:15B6H         LINE#         178
  C:15B8H         LINE#         179
  C:15B8H         LINE#         180
  C:15BAH         LINE#         181
  C:15BCH         LINE#         182
  C:15BCH         LINE#         183
  C:15BEH         LINE#         184
  C:15BEH         LINE#         185
  C:15BEH         LINE#         186
  C:15BEH         LINE#         187
  C:15BEH         LINE#         188
  C:15BEH         LINE#         189
  C:15BEH         LINE#         191
  C:15C0H         LINE#         192
  -------         ENDPROC       _ISKEYDOWN
  -------         PROC          ISKEYDOWN1
  C:2452H         LINE#         194
  C:2452H         LINE#         195
  C:2458H         LINE#         196
  -------         ENDPROC       ISKEYDOWN1
BL51 BANKED LINKER/LOCATER V6.22                                                      11/12/2017  23:51:35  PAGE 32


  -------         PROC          ISKEYDOWN2
  C:2373H         LINE#         198
  C:2373H         LINE#         200
  C:237AH         LINE#         201
  -------         ENDPROC       ISKEYDOWN2
  -------         PROC          ISKEYDOWN3
  C:237BH         LINE#         203
  C:237BH         LINE#         204
  C:2382H         LINE#         205
  -------         ENDPROC       ISKEYDOWN3
  -------         PROC          ISKEYDOWN4
  C:2383H         LINE#         207
  C:2383H         LINE#         208
  C:238AH         LINE#         209
  -------         ENDPROC       ISKEYDOWN4
  -------         PROC          ISKEYDOWN5
  C:238BH         LINE#         211
  C:238BH         LINE#         213
  C:2392H         LINE#         214
  -------         ENDPROC       ISKEYDOWN5
  -------         PROC          ISKEYDOWN6
  C:2393H         LINE#         216
  C:2393H         LINE#         217
  C:239AH         LINE#         218
  -------         ENDPROC       ISKEYDOWN6
  -------         PROC          ISKEYDOWN7
  C:239BH         LINE#         220
  C:239BH         LINE#         221
  C:23A2H         LINE#         222
  -------         ENDPROC       ISKEYDOWN7
  -------         PROC          ISKEYDOWN8
  C:23A3H         LINE#         224
  C:23A3H         LINE#         225
  C:23AAH         LINE#         226
  -------         ENDPROC       ISKEYDOWN8
  -------         PROC          ISKEYDOWN9
  C:23ABH         LINE#         228
  C:23ABH         LINE#         229
  C:23B2H         LINE#         230
  -------         ENDPROC       ISKEYDOWN9
  -------         PROC          ISKEYDOWN10
  C:23B3H         LINE#         232
  C:23B3H         LINE#         233
  C:23BAH         LINE#         234
  -------         ENDPROC       ISKEYDOWN10
  -------         PROC          ISKEYDOWN11
  C:23BBH         LINE#         235
  C:23BBH         LINE#         236
  C:23C2H         LINE#         237
  -------         ENDPROC       ISKEYDOWN11
  -------         PROC          ISKEYDOWN12
  C:23C3H         LINE#         238
  C:23C3H         LINE#         239
  C:23CAH         LINE#         240
  -------         ENDPROC       ISKEYDOWN12
  -------         PROC          ISKEYDOWN13
  C:23CBH         LINE#         241
BL51 BANKED LINKER/LOCATER V6.22                                                      11/12/2017  23:51:35  PAGE 33


  C:23CBH         LINE#         242
  C:23D2H         LINE#         243
  -------         ENDPROC       ISKEYDOWN13
  -------         PROC          ISKEYDOWN14
  C:23D3H         LINE#         244
  C:23D3H         LINE#         245
  C:23DAH         LINE#         246
  -------         ENDPROC       ISKEYDOWN14
  -------         PROC          ISKEYDOWN15
  C:23DBH         LINE#         247
  C:23DBH         LINE#         248
  C:23E2H         LINE#         249
  -------         ENDPROC       ISKEYDOWN15
  -------         PROC          ISKEYDOWN16
  C:23E3H         LINE#         250
  C:23E3H         LINE#         251
  C:23EAH         LINE#         252
  -------         ENDPROC       ISKEYDOWN16
  -------         PROC          ISKEYDOWN17
  C:23EBH         LINE#         253
  C:23EBH         LINE#         254
  C:23F2H         LINE#         255
  -------         ENDPROC       ISKEYDOWN17
  -------         PROC          ISKEYDOWN18
  C:23F3H         LINE#         256
  C:23F3H         LINE#         257
  C:23FAH         LINE#         258
  -------         ENDPROC       ISKEYDOWN18
  -------         PROC          ISKEYDOWN19
  C:23FBH         LINE#         259
  C:23FBH         LINE#         260
  C:2402H         LINE#         261
  -------         ENDPROC       ISKEYDOWN19
  -------         PROC          ISKEYDOWN20
  C:2403H         LINE#         262
  C:2403H         LINE#         263
  C:240AH         LINE#         264
  -------         ENDPROC       ISKEYDOWN20
  -------         PROC          ISKEYDOWN21
  C:240BH         LINE#         265
  C:240BH         LINE#         266
  C:2412H         LINE#         267
[...]
  C:1305H         LINE#         532
  C:1305H         LINE#         533
  C:1305H         LINE#         534
  C:1305H         LINE#         535
  C:1305H         LINE#         536
  C:1305H         LINE#         537
  C:131CH         LINE#         538
  C:1324H         LINE#         539
  C:1329H         LINE#         540
  C:1331H         LINE#         541
BL51 BANKED LINKER/LOCATER V6.22                                                      11/12/2017  23:51:35  PAGE 37


  C:1333H         LINE#         542
  C:133CH         LINE#         543
  C:1343H         LINE#         546
  C:1351H         LINE#         547
  C:1351H         LINE#         548
  C:1351H         LINE#         549
  C:1365H         LINE#         550
  C:136CH         LINE#         551
  C:136CH         LINE#         552
  -------         ENDPROC       _BSP_DETECTKEY
  -------         PROC          BSP_KEYSCAN
  -------         DO            
  X:01F3H         SYMBOL        i
  -------         ENDDO         
  C:223CH         LINE#         562
  C:223CH         LINE#         565
  C:224BH         LINE#         566
  C:224EH         LINE#         567
  C:2256H         LINE#         568
  -------         ENDPROC       BSP_KEYSCAN
  -------         ENDMOD        BSP_KEY

  -------         MODULE        COMMON
  C:0000H         SYMBOL        _ICE_DUMMY_
  D:00B1H         PUBLIC        P0M1
  D:00B3H         PUBLIC        P1M1
  D:00B2H         PUBLIC        P0M2
  D:0080H         PUBLIC        P0
  D:00B4H         PUBLIC        P1M2
  D:0090H         PUBLIC        P1
  D:00A0H         PUBLIC        P2
  D:00B0H         PUBLIC        P3
  D:00D8H         PUBLIC        PWMCON0
  D:00A8H         PUBLIC        IE
  B:00A8H.4       PUBLIC        ES
  D:00B8H         PUBLIC        IP
  B:0098H.0       PUBLIC        RI
  B:0098H.1       PUBLIC        TI
  B:00F8H.0       PUBLIC        RI_1
  B:00F8H.1       PUBLIC        TI_1
  D:0099H         PUBLIC        SBUF
  D:0087H         PUBLIC        PCON
  D:0098H         PUBLIC        SCON
  D:0089H         PUBLIC        TMOD
  D:0088H         PUBLIC        TCON
  D:009AH         PUBLIC        SBUF_1
  D:00F8H         PUBLIC        SCON_1
  D:00C6H         PUBLIC        RH3
  D:008DH         PUBLIC        TH1
  D:00C5H         PUBLIC        RL3
  C:1FD2H         PUBLIC        _InitialUART0_Timer1
  C:1A0FH         PUBLIC        _InitialUART0_Timer3
  C:1AF3H         PUBLIC        _InitialUART1_Timer3
  B:0088H.6       PUBLIC        TR1
  D:00E8H         PUBLIC        ADCCON0
  C:2433H         PUBLIC        _Send_Data_To_UART0
  C:2443H         PUBLIC        _Send_Data_To_UART1
BL51 BANKED LINKER/LOCATER V6.22                                                      11/12/2017  23:51:35  PAGE 38


  D:00C0H         PUBLIC        I2CON
  D:00C8H         PUBLIC        T2CON
  D:00C4H         PUBLIC        T3CON
  C:242BH         PUBLIC        Receive_Data_From_UART0
  C:243BH         PUBLIC        Receive_Data_From_UART1
  D:008EH         PUBLIC        CKCON
  D:00D0H         PUBLIC        PSW
  -------         PROC          _INITIALUART0_TIMER1
  D:0004H         SYMBOL        u32Baudrate
  C:1FD2H         LINE#         21
  C:1FD2H         LINE#         22
  C:1FD2H         LINE#         23
  C:1FD8H         LINE#         25
  C:1FDEH         LINE#         28
  C:1FE1H         LINE#         29
  C:1FE4H         LINE#         31
  C:1FE7H         LINE#         32
  C:1FEAH         LINE#         33
  C:1FEDH         LINE#         36
  C:2006H         LINE#         42
  C:2008H         LINE#         45
  C:200AH         LINE#         46
  C:200CH         LINE#         48
  -------         ENDPROC       _INITIALUART0_TIMER1
  -------         PROC          _INITIALUART0_TIMER3
  X:01C6H         SYMBOL        u32Baudrate
  C:1A0FH         LINE#         50
  C:1A15H         LINE#         51
  C:1A15H         LINE#         52
  C:1A1BH         LINE#         54
  C:1A21H         LINE#         57
  C:1A24H         LINE#         58
  C:1A27H         LINE#         59
  C:1A2AH         LINE#         60
  C:1A2DH         LINE#         63
  C:1A5CH         LINE#         64
  C:1A7CH         LINE#         70
  C:1A7FH         LINE#         71
  C:1A81H         LINE#         73
  C:1A83H         LINE#         74
  -------         ENDPROC       _INITIALUART0_TIMER3
  -------         PROC          RECEIVE_DATA_FROM_UART0
  -------         DO            
  D:0007H         SYMBOL        c
  -------         ENDDO         
  C:242BH         LINE#         76
  C:242BH         LINE#         78
  C:242EH         LINE#         80
  C:2430H         LINE#         81
  C:2432H         LINE#         82
  C:2432H         LINE#         83
  -------         ENDPROC       RECEIVE_DATA_FROM_UART0
  -------         PROC          _SEND_DATA_TO_UART0
  D:0007H         SYMBOL        c
  C:2433H         LINE#         85
  C:2433H         LINE#         86
  C:2435H         LINE#         87
BL51 BANKED LINKER/LOCATER V6.22                                                      11/12/2017  23:51:35  PAGE 39


  C:2437H         LINE#         88
  C:243AH         LINE#         90
  -------         ENDPROC       _SEND_DATA_TO_UART0
  -------         PROC          _INITIALUART1_TIMER3
  X:01CAH         SYMBOL        u32Baudrate
  C:1AF3H         LINE#         95
  C:1AF9H         LINE#         96
  C:1AF9H         LINE#         97
  C:1AFFH         LINE#         99
  C:1B05H         LINE#         102
  C:1B08H         LINE#         103
  C:1B0BH         LINE#         104
  C:1B0EH         LINE#         107
  C:1B3DH         LINE#         108
  C:1B5DH         LINE#         114
  C:1B60H         LINE#         115
  -------         ENDPROC       _INITIALUART1_TIMER3
  -------         PROC          RECEIVE_DATA_FROM_UART1
  -------         DO            
  D:0007H         SYMBOL        c
  -------         ENDDO         
  C:243BH         LINE#         117
  C:243BH         LINE#         120
  C:243EH         LINE#         122
  C:2440H         LINE#         123
  C:2442H         LINE#         124
  C:2442H         LINE#         125
  -------         ENDPROC       RECEIVE_DATA_FROM_UART1
  -------         PROC          _SEND_DATA_TO_UART1
  D:0007H         SYMBOL        c
  C:2443H         LINE#         127
  C:2443H         LINE#         128
  C:2445H         LINE#         129
  C:2447H         LINE#         130
  C:244AH         LINE#         132
  -------         ENDPROC       _SEND_DATA_TO_UART1
  -------         ENDMOD        COMMON

  -------         MODULE        DELAY
  C:0000H         SYMBOL        _ICE_DUMMY_
  D:0080H         PUBLIC        P0
  D:0090H         PUBLIC        P1
  D:00A0H         PUBLIC        P2
  C:1D36H         PUBLIC        _Timer0_Delay100us
  D:00B0H         PUBLIC        P3
  D:00D8H         PUBLIC        PWMCON0
  C:1C24H         PUBLIC        _Timer2_Delay500us
  D:00A8H         PUBLIC        IE
  D:00B8H         PUBLIC        IP
  C:1D8FH         PUBLIC        _Timer0_Delay1ms
  D:0098H         PUBLIC        SCON
  D:0089H         PUBLIC        TMOD
  D:0088H         PUBLIC        TCON
  D:00F8H         PUBLIC        SCON_1
  B:0088H.5       PUBLIC        TF0
  C:1DE8H         PUBLIC        _Timer1_Delay10ms
  B:0088H.7       PUBLIC        TF1
BL51 BANKED LINKER/LOCATER V6.22                                                      11/12/2017  23:51:35  PAGE 40


  B:00C8H.7       PUBLIC        TF2
  D:008CH         PUBLIC        TH0
  D:00C6H         PUBLIC        RH3
  D:008DH         PUBLIC        TH1
  D:00CDH         PUBLIC        TH2
  D:008AH         PUBLIC        TL0
  D:00C5H         PUBLIC        RL3
  D:008BH         PUBLIC        TL1
  D:00CCH         PUBLIC        TL2
  C:1CDBH         PUBLIC        _Timer3_Delay10us
  B:0088H.4       PUBLIC        TR0
  B:0088H.6       PUBLIC        TR1
  B:00C8H.2       PUBLIC        TR2
  D:00E8H         PUBLIC        ADCCON0
  D:00C0H         PUBLIC        I2CON
  D:00C9H         PUBLIC        T2MOD
  D:00C8H         PUBLIC        T2CON
  D:00C4H         PUBLIC        T3CON
  D:008EH         PUBLIC        CKCON
  D:00D0H         PUBLIC        PSW
  C:1C80H         PUBLIC        _Timer3_Delay100ms
  -------         PROC          _TIMER0_DELAY100US
  X:01CEH         SYMBOL        u32CNT
  C:1D36H         LINE#         21
  C:1D3CH         LINE#         22
  C:1D3CH         LINE#         23
  C:1D3FH         LINE#         24
  C:1D42H         LINE#         25
  C:1D44H         LINE#         26
  C:1D5DH         LINE#         27
  C:1D5DH         LINE#         28
  C:1D60H         LINE#         29
  C:1D63H         LINE#         30
  C:1D66H         LINE#         31
  C:1D68H         LINE#         32
  C:1D8AH         LINE#         33
  C:1D8CH         LINE#         34
  C:1D8EH         LINE#         35
  -------         ENDPROC       _TIMER0_DELAY100US
  -------         PROC          _TIMER0_DELAY1MS
  X:01D2H         SYMBOL        u32CNT
  C:1D8FH         LINE#         37
  C:1D95H         LINE#         38
  C:1D95H         LINE#         39
  C:1D98H         LINE#         40
  C:1D9BH         LINE#         41
  C:1D9DH         LINE#         42
  C:1DB6H         LINE#         43
  C:1DB6H         LINE#         44
  C:1DB9H         LINE#         45
  C:1DBCH         LINE#         46
  C:1DBFH         LINE#         47
  C:1DC1H         LINE#         48
  C:1DE3H         LINE#         49
  C:1DE5H         LINE#         50
  C:1DE7H         LINE#         51
  -------         ENDPROC       _TIMER0_DELAY1MS
BL51 BANKED LINKER/LOCATER V6.22                                                      11/12/2017  23:51:35  PAGE 41


  -------         PROC          _TIMER1_DELAY10MS
  X:01D6H         SYMBOL        u32CNT
  C:1DE8H         LINE#         54
  C:1DEEH         LINE#         55
  C:1DEEH         LINE#         56
  C:1DF1H         LINE#         57
  C:1DF4H         LINE#         58
  C:1DF6H         LINE#         59
  C:1E0FH         LINE#         60
  C:1E0FH         LINE#         61
  C:1E12H         LINE#         62
  C:1E15H         LINE#         63
  C:1E18H         LINE#         64
  C:1E1AH         LINE#         65
  C:1E3CH         LINE#         66
  C:1E3EH         LINE#         67
  C:1E40H         LINE#         68
  -------         ENDPROC       _TIMER1_DELAY10MS
  -------         PROC          _TIMER2_DELAY500US
  X:01DAH         SYMBOL        u32CNT
  C:1C24H         LINE#         70
  C:1C2AH         LINE#         71
  C:1C2AH         LINE#         72
  C:1C2DH         LINE#         73
  C:1C30H         LINE#         74
  C:1C33H         LINE#         75
  C:1C35H         LINE#         76
  C:1C4EH         LINE#         77
  C:1C4EH         LINE#         78
  C:1C51H         LINE#         79
  C:1C54H         LINE#         80
  C:1C57H         LINE#         81
  C:1C59H         LINE#         82
  C:1C7BH         LINE#         83
  C:1C7DH         LINE#         84
  C:1C7FH         LINE#         85
  -------         ENDPROC       _TIMER2_DELAY500US
  -------         PROC          _TIMER3_DELAY100MS
  X:01DEH         SYMBOL        u32CNT
  C:1C80H         LINE#         87
  C:1C86H         LINE#         88
  C:1C86H         LINE#         89
  C:1C89H         LINE#         90
  C:1C8CH         LINE#         91
  C:1CA5H         LINE#         92
  C:1CA5H         LINE#         93
  C:1CA8H         LINE#         94
  C:1CABH         LINE#         95
  C:1CB0H         LINE#         96
  C:1CB3H         LINE#         97
  C:1CD5H         LINE#         98
  C:1CD7H         LINE#         99
  C:1CDAH         LINE#         100
  -------         ENDPROC       _TIMER3_DELAY100MS
  -------         PROC          _TIMER3_DELAY10US
  X:01E2H         SYMBOL        u32CNT
  C:1CDBH         LINE#         102
BL51 BANKED LINKER/LOCATER V6.22                                                      11/12/2017  23:51:35  PAGE 42


  C:1CE1H         LINE#         103
  C:1CE1H         LINE#         104
  C:1CE4H         LINE#         105
  C:1CE7H         LINE#         106
  C:1D00H         LINE#         107
  C:1D00H         LINE#         108
  C:1D03H         LINE#         109
  C:1D06H         LINE#         110
  C:1D0BH         LINE#         111
  C:1D0EH         LINE#         112
  C:1D30H         LINE#         113
  C:1D32H         LINE#         114
  C:1D35H         LINE#         115
  -------         ENDPROC       _TIMER3_DELAY10US
  -------         ENDMOD        DELAY

  -------         MODULE        VERSION
  C:0000H         SYMBOL        _ICE_DUMMY_
  D:0080H         PUBLIC        P0
  D:0090H         PUBLIC        P1
  D:00A0H         PUBLIC        P2
  D:00B0H         PUBLIC        P3
  D:00D8H         PUBLIC        PWMCON0
  D:00A8H         PUBLIC        IE
  D:00B8H         PUBLIC        IP
  D:0098H         PUBLIC        SCON
  D:0088H         PUBLIC        TCON
  D:00F8H         PUBLIC        SCON_1
  C:1BC5H         PUBLIC        Show_FW_Version_Number_To_PC
  D:00E8H         PUBLIC        ADCCON0
  D:00C0H         PUBLIC        I2CON
  D:00C8H         PUBLIC        T2CON
  D:00D0H         PUBLIC        PSW
  -------         PROC          SHOW_FW_VERSION_NUMBER_TO_PC
  C:1BC5H         LINE#         30
  C:1BC5H         LINE#         31
  C:1BC5H         LINE#         32
  C:1BCEH         LINE#         33
  C:1BD7H         LINE#         34
  C:1BE0H         LINE#         35
  C:1BFAH         LINE#         36
  C:1C1BH         LINE#         37
  -------         ENDPROC       SHOW_FW_VERSION_NUMBER_TO_PC
  -------         ENDMOD        VERSION

  -------         MODULE        ?C_STARTUP
  C:186BH         SEGMENT       ?C_C51STARTUP
  I:0022H         SEGMENT       ?STACK
  C:0000H         PUBLIC        ?C_STARTUP
  D:00E0H         SYMBOL        ACC
  D:00F0H         SYMBOL        B
  D:0083H         SYMBOL        DPH
  D:0082H         SYMBOL        DPL
  N:0000H         SYMBOL        IBPSTACK
  N:0100H         SYMBOL        IBPSTACKTOP
  N:0080H         SYMBOL        IDATALEN
  C:186EH         SYMBOL        IDATALOOP
BL51 BANKED LINKER/LOCATER V6.22                                                      11/12/2017  23:51:35  PAGE 43


  N:0000H         SYMBOL        PBPSTACK
  N:0000H         SYMBOL        PBPSTACKTOP
  N:0000H         SYMBOL        PDATALEN
  N:0000H         SYMBOL        PDATASTART
  N:0000H         SYMBOL        PPAGE
  N:0000H         SYMBOL        PPAGEENABLE
  D:00A0H         SYMBOL        PPAGE_SFR
  D:0081H         SYMBOL        SP
  C:186BH         SYMBOL        STARTUP1
  N:0000H         SYMBOL        XBPSTACK
  N:0000H         SYMBOL        XBPSTACKTOP
  N:02FFH         SYMBOL        XDATALEN
  C:1879H         SYMBOL        XDATALOOP
  N:0000H         SYMBOL        XDATASTART
  C:0000H         LINE#         92
  C:186BH         LINE#         99
  C:186DH         LINE#         100
  C:186EH         LINE#         101
  C:186FH         LINE#         102
  C:1871H         LINE#         106
  C:1874H         LINE#         107
  C:1876H         LINE#         109
  C:1878H         LINE#         113
  C:1879H         LINE#         114
  C:187AH         LINE#         115
  C:187BH         LINE#         116
  C:187DH         LINE#         117
  C:187FH         LINE#         151
  C:1882H         LINE#         155
  -------         ENDMOD        ?C_STARTUP

  -------         MODULE        ?C?COPY
  C:0688H         PUBLIC        ?C?COPY
  -------         ENDMOD        ?C?COPY

  -------         MODULE        ?C?CLDPTR
  C:06AEH         PUBLIC        ?C?CLDPTR
  -------         ENDMOD        ?C?CLDPTR

  -------         MODULE        ?C?CLDOPTR
  C:06C7H         PUBLIC        ?C?CLDOPTR
  -------         ENDMOD        ?C?CLDOPTR

  -------         MODULE        ?C?CILDOPTR
  C:06F4H         PUBLIC        ?C?CILDOPTR
  -------         ENDMOD        ?C?CILDOPTR

  -------         MODULE        ?C?CSTOPTR
  C:0727H         PUBLIC        ?C?CSTOPTR
  -------         ENDMOD        ?C?CSTOPTR

  -------         MODULE        ?C?IILDX
  C:0749H         PUBLIC        ?C?IILDX
  -------         ENDMOD        ?C?IILDX

  -------         MODULE        ?C?ILDIX
  C:075FH         PUBLIC        ?C?ILDIX
BL51 BANKED LINKER/LOCATER V6.22                                                      11/12/2017  23:51:35  PAGE 44


  -------         ENDMOD        ?C?ILDIX

  -------         MODULE        ?C?ILDOPTR
  C:0775H         PUBLIC        ?C?ILDOPTR
  -------         ENDMOD        ?C?ILDOPTR

  -------         MODULE        ?C?IILDOPTR
  C:07ADH         PUBLIC        ?C?IILDOPTR
  -------         ENDMOD        ?C?IILDOPTR

  -------         MODULE        ?C?ISTOPTR
  C:07FAH         PUBLIC        ?C?ISTOPTR
  -------         ENDMOD        ?C?ISTOPTR

  -------         MODULE        ?C?ULDIV
  C:0863H         PUBLIC        ?C?ULDIV
  -------         ENDMOD        ?C?ULDIV

  -------         MODULE        ?C?ULCMP
  C:08F5H         PUBLIC        ?C?ULCMP
  -------         ENDMOD        ?C?ULCMP

  -------         MODULE        ?C?ULSHR
  C:0906H         PUBLIC        ?C?ULSHR
  -------         ENDMOD        ?C?ULSHR

  -------         MODULE        ?C?LSTXDATA
  C:0919H         PUBLIC        ?C?LSTXDATA
  -------         ENDMOD        ?C?LSTXDATA

  -------         MODULE        ?C?PLDPTR
  C:0925H         PUBLIC        ?C?PLDPTR
  -------         ENDMOD        ?C?PLDPTR

  -------         MODULE        ?C?ICALL
  C:0945H         PUBLIC        ?C?ICALL
  C:0949H         PUBLIC        ?C?ICALL2
  -------         ENDMOD        ?C?ICALL

  -------         MODULE        PRINTF
  X:0141H         PUBLIC        ?_PRINTF517?BYTE
  X:0141H         PUBLIC        ?_PRINTF?BYTE
  X:0141H         PUBLIC        ?_SPRINTF517?BYTE
  X:0141H         PUBLIC        ?_SPRINTF?BYTE
  C:0A61H         PUBLIC        _PRINTF
  C:0A61H         PUBLIC        _PRINTF517
  C:0A5BH         PUBLIC        _SPRINTF
  C:0A5BH         PUBLIC        _SPRINTF517
  -------         ENDMOD        PRINTF

  -------         MODULE        ?C?MEMSET
  C:094BH         PUBLIC        ?C?MEMSET
  -------         ENDMOD        ?C?MEMSET

  -------         MODULE        ?C?CSTPTR
  C:0977H         PUBLIC        ?C?CSTPTR
  -------         ENDMOD        ?C?CSTPTR
BL51 BANKED LINKER/LOCATER V6.22                                                      11/12/2017  23:51:35  PAGE 45



  -------         MODULE        ?C?PLDIDATA
  C:0989H         PUBLIC        ?C?PLDIDATA
  -------         ENDMOD        ?C?PLDIDATA

  -------         MODULE        ?C?PLDXDATA
  C:0992H         PUBLIC        ?C?PLDXDATA
  -------         ENDMOD        ?C?PLDXDATA

  -------         MODULE        ?C?PLDIXDATA
  C:099BH         PUBLIC        ?C?PLDIXDATA
  -------         ENDMOD        ?C?PLDIXDATA

  -------         MODULE        ?C?PSTXDATA
  C:09B2H         PUBLIC        ?C?PSTXDATA
  -------         ENDMOD        ?C?PSTXDATA

  -------         MODULE        ?C?PLDPDATA
  C:09BBH         PUBLIC        ?C?PLDPDATA
  -------         ENDMOD        ?C?PLDPDATA

  -------         MODULE        ?C?PLDCODE
  C:09C4H         PUBLIC        ?C?PLDCODE
  -------         ENDMOD        ?C?PLDCODE

  -------         MODULE        ?C?CCASE
  C:09D0H         PUBLIC        ?C?CCASE
  -------         ENDMOD        ?C?CCASE

  -------         MODULE        PUTCHAR
  C:214EH         PUBLIC        _PUTCHAR
  -------         ENDMOD        PUTCHAR

Program Size: data=15.2 xdata=500 code=9322
LINK/LOCATE RUN COMPLETE.  0 WARNING(S),  0 ERROR(S)
